<?xml version="1.0" encoding="Shift_JIS"?>
<RIGIDELEM>
    <FileInfo>1001-01</FileInfo>
    <SCBTG>9.070000</SCBTG>
  <Bone>
    <Name>Hip</Name>
    <BTKIN>0</BTKIN>
    <RigidElem>
      <ChildName>Hip_branch</ChildName>
      <ColType>1</ColType>
      <SkipFlag>1</SkipFlag>
      <ShpRate>0.600000</ShpRate>
      <LK>2</LK>
      <CUSLK>2000.000000</CUSLK>
      <AK>2</AK>
      <CUSAK>70.000000</CUSAK>
      <Mass>1.925134</Mass>
      <LDMP>0.500000</LDMP>
      <ADMP>0.500000</ADMP>
      <BTG>-0.090000</BTG>
      <DMPANIML>0.000000</DMPANIML>
      <DMPANIMA>0.000000</DMPANIMA>
      <GROUP>2</GROUP>
      <MYSELF>1</MYSELF>
      <COLIIDNUM>1</COLIIDNUM>
      <COLIID>1</COLIID>
      <RESTITUTION>0.500000</RESTITUTION>
      <FRICTION>0.500000</FRICTION>
    </RigidElem>
  </Bone>
  <Bone>
    <Name>Hip_branch</Name>
    <BTKIN>0</BTKIN>
    <RigidElem>
      <ChildName>Chest_branch</ChildName>
      <ColType>1</ColType>
      <SkipFlag>0</SkipFlag>
      <ShpRate>0.600000</ShpRate>
      <LK>2</LK>
      <CUSLK>2000.000000</CUSLK>
      <AK>2</AK>
      <CUSAK>70.000000</CUSAK>
      <Mass>2.085562</Mass>
      <LDMP>0.500000</LDMP>
      <ADMP>0.500000</ADMP>
      <BTG>-0.090000</BTG>
      <DMPANIML>0.000000</DMPANIML>
      <DMPANIMA>0.000000</DMPANIMA>
      <GROUP>2</GROUP>
      <MYSELF>1</MYSELF>
      <COLIIDNUM>1</COLIIDNUM>
      <COLIID>1</COLIID>
      <RESTITUTION>0.500000</RESTITUTION>
      <FRICTION>0.500000</FRICTION>
    </RigidElem>
    <RigidElem>
      <ChildName>LeftHip</ChildName>
      <ColType>1</ColType>
      <SkipFlag>0</SkipFlag>
      <ShpRate>0.600000</ShpRate>
      <LK>3</LK>
      <CUSLK>10000.000000</CUSLK>
      <AK>3</AK>
      <CUSAK>16.042780</CUSAK>
      <Mass>0.080214</Mass>
      <LDMP>0.500000</LDMP>
      <ADMP>0.500000</ADMP>
      <BTG>-0.090000</BTG>
      <DMPANIML>0.000000</DMPANIML>
      <DMPANIMA>0.000000</DMPANIMA>
      <GROUP>2</GROUP>
      <MYSELF>1</MYSELF>
      <COLIIDNUM>1</COLIIDNUM>
      <COLIID>1</COLIID>
      <RESTITUTION>0.500000</RESTITUTION>
      <FRICTION>1.000000</FRICTION>
    </RigidElem>
    <RigidElem>
      <ChildName>RightHip</ChildName>
      <ColType>1</ColType>
      <SkipFlag>0</SkipFlag>
      <ShpRate>0.600000</ShpRate>
      <LK>3</LK>
      <CUSLK>10000.000000</CUSLK>
      <AK>3</AK>
      <CUSAK>16.042780</CUSAK>
      <Mass>0.080214</Mass>
      <LDMP>0.500000</LDMP>
      <ADMP>0.500000</ADMP>
      <BTG>-0.090000</BTG>
      <DMPANIML>0.000000</DMPANIML>
      <DMPANIMA>0.000000</DMPANIMA>
      <GROUP>2</GROUP>
      <MYSELF>1</MYSELF>
      <COLIIDNUM>1</COLIIDNUM>
      <COLIID>1</COLIID>
      <RESTITUTION>0.500000</RESTITUTION>
      <FRICTION>1.000000</FRICTION>
    </RigidElem>
  </Bone>
  <Bone>
    <Name>Chest_branch</Name>
    <BTKIN>0</BTKIN>
    <RigidElem>
      <ChildName>LeftCollar</ChildName>
      <ColType>1</ColType>
      <SkipFlag>0</SkipFlag>
      <ShpRate>0.600000</ShpRate>
      <LK>2</LK>
      <CUSLK>2000.000000</CUSLK>
      <AK>2</AK>
      <CUSAK>70.000000</CUSAK>
      <Mass>0.080214</Mass>
      <LDMP>0.500000</LDMP>
      <ADMP>0.500000</ADMP>
      <BTG>-0.090000</BTG>
      <DMPANIML>0.000000</DMPANIML>
      <DMPANIMA>0.000000</DMPANIMA>
      <GROUP>2</GROUP>
      <MYSELF>1</MYSELF>
      <COLIIDNUM>1</COLIIDNUM>
      <COLIID>1</COLIID>
      <RESTITUTION>0.500000</RESTITUTION>
      <FRICTION>0.500000</FRICTION>
    </RigidElem>
    <RigidElem>
      <ChildName>Neck</ChildName>
      <ColType>1</ColType>
      <SkipFlag>0</SkipFlag>
      <ShpRate>0.600000</ShpRate>
      <LK>2</LK>
      <CUSLK>2000.000000</CUSLK>
      <AK>2</AK>
      <CUSAK>70.000000</CUSAK>
      <Mass>0.080214</Mass>
      <LDMP>0.500000</LDMP>
      <ADMP>0.500000</ADMP>
      <BTG>-0.090000</BTG>
      <DMPANIML>0.000000</DMPANIML>
      <DMPANIMA>0.000000</DMPANIMA>
      <GROUP>2</GROUP>
      <MYSELF>1</MYSELF>
      <COLIIDNUM>1</COLIIDNUM>
      <COLIID>1</COLIID>
      <RESTITUTION>0.500000</RESTITUTION>
      <FRICTION>0.500000</FRICTION>
    </RigidElem>
    <RigidElem>
      <ChildName>RightCollar</ChildName>
      <ColType>1</ColType>
      <SkipFlag>0</SkipFlag>
      <ShpRate>0.600000</ShpRate>
      <LK>2</LK>
      <CUSLK>2000.000000</CUSLK>
      <AK>2</AK>
      <CUSAK>70.000000</CUSAK>
      <Mass>0.080214</Mass>
      <LDMP>0.500000</LDMP>
      <ADMP>0.500000</ADMP>
      <BTG>-0.090000</BTG>
      <DMPANIML>0.000000</DMPANIML>
      <DMPANIMA>0.000000</DMPANIMA>
      <GROUP>2</GROUP>
      <MYSELF>1</MYSELF>
      <COLIIDNUM>1</COLIIDNUM>
      <COLIID>1</COLIID>
      <RESTITUTION>0.500000</RESTITUTION>
      <FRICTION>0.500000</FRICTION>
    </RigidElem>
  </Bone>
  <Bone>
    <Name>Neck</Name>
    <BTKIN>0</BTKIN>
    <RigidElem>
      <ChildName>Neck_branch</ChildName>
      <ColType>1</ColType>
      <SkipFlag>0</SkipFlag>
      <ShpRate>0.600000</ShpRate>
      <LK>3</LK>
      <CUSLK>10000.000000</CUSLK>
      <AK>2</AK>
      <CUSAK>70.000000</CUSAK>
      <Mass>0.240642</Mass>
      <LDMP>0.500000</LDMP>
      <ADMP>0.500000</ADMP>
      <BTG>-0.090000</BTG>
      <DMPANIML>0.000000</DMPANIML>
      <DMPANIMA>0.000000</DMPANIMA>
      <GROUP>2</GROUP>
      <MYSELF>1</MYSELF>
      <COLIIDNUM>1</COLIIDNUM>
      <COLIID>1</COLIID>
      <RESTITUTION>0.500000</RESTITUTION>
      <FRICTION>0.500000</FRICTION>
    </RigidElem>
  </Bone>
  <Bone>
    <Name>Neck_branch</Name>
    <BTKIN>1</BTKIN>
    <RigidElem>
      <ChildName>BT_G_3_L_2</ChildName>
      <ColType>1</ColType>
      <SkipFlag>0</SkipFlag>
      <ShpRate>0.600000</ShpRate>
      <LK>3</LK>
      <CUSLK>10000.000000</CUSLK>
      <AK>3</AK>
      <CUSAK>6000.000000</CUSAK>
      <Mass>1.283422</Mass>
      <LDMP>0.500000</LDMP>
      <ADMP>0.500000</ADMP>
      <BTG>-0.090000</BTG>
      <DMPANIML>0.000000</DMPANIML>
      <DMPANIMA>0.000000</DMPANIMA>
      <GROUP>3</GROUP>
      <MYSELF>1</MYSELF>
      <COLIIDNUM>1</COLIIDNUM>
      <COLIID>1</COLIID>
      <RESTITUTION>0.500000</RESTITUTION>
      <FRICTION>0.500000</FRICTION>
    </RigidElem>
    <RigidElem>
      <ChildName>Head_end</ChildName>
      <ColType>1</ColType>
      <SkipFlag>0</SkipFlag>
      <ShpRate>0.600000</ShpRate>
      <LK>2</LK>
      <CUSLK>2000.000000</CUSLK>
      <AK>2</AK>
      <CUSAK>70.000000</CUSAK>
      <Mass>0.080214</Mass>
      <LDMP>0.500000</LDMP>
      <ADMP>0.500000</ADMP>
      <BTG>-0.090000</BTG>
      <DMPANIML>0.000000</DMPANIML>
      <DMPANIMA>0.000000</DMPANIMA>
      <GROUP>2</GROUP>
      <MYSELF>1</MYSELF>
      <COLIIDNUM>1</COLIIDNUM>
      <COLIID>1</COLIID>
      <RESTITUTION>0.500000</RESTITUTION>
      <FRICTION>0.500000</FRICTION>
    </RigidElem>
    <RigidElem>
      <ChildName>BT_G_3_R_2</ChildName>
      <ColType>1</ColType>
      <SkipFlag>0</SkipFlag>
      <ShpRate>0.600000</ShpRate>
      <LK>3</LK>
      <CUSLK>10000.000000</CUSLK>
      <AK>3</AK>
      <CUSAK>6000.000000</CUSAK>
      <Mass>1.363636</Mass>
      <LDMP>0.500000</LDMP>
      <ADMP>0.500000</ADMP>
      <BTG>-0.090000</BTG>
      <DMPANIML>0.000000</DMPANIML>
      <DMPANIMA>0.000000</DMPANIMA>
      <GROUP>3</GROUP>
      <MYSELF>1</MYSELF>
      <COLIIDNUM>1</COLIIDNUM>
      <COLIID>1</COLIID>
      <RESTITUTION>0.500000</RESTITUTION>
      <FRICTION>0.500000</FRICTION>
    </RigidElem>
  </Bone>
  <Bone>
    <Name>BT_G_3_R_2</Name>
    <BTKIN>1</BTKIN>
    <RigidElem>
      <ChildName>BT_G_3_R_3</ChildName>
      <ColType>1</ColType>
      <SkipFlag>0</SkipFlag>
      <ShpRate>0.600000</ShpRate>
      <LK>3</LK>
      <CUSLK>10000.000000</CUSLK>
      <AK>2</AK>
      <CUSAK>70.000000</CUSAK>
      <Mass>0.080214</Mass>
      <LDMP>0.500000</LDMP>
      <ADMP>0.500000</ADMP>
      <BTG>-0.090000</BTG>
      <DMPANIML>0.000000</DMPANIML>
      <DMPANIMA>0.000000</DMPANIMA>
      <GROUP>3</GROUP>
      <MYSELF>1</MYSELF>
      <COLIIDNUM>1</COLIIDNUM>
      <COLIID>1</COLIID>
      <RESTITUTION>0.500000</RESTITUTION>
      <FRICTION>0.500000</FRICTION>
    </RigidElem>
  </Bone>
  <Bone>
    <Name>BT_G_3_R_3</Name>
    <BTKIN>1</BTKIN>
    <RigidElem>
      <ChildName>BT_G_3_R_4</ChildName>
      <ColType>1</ColType>
      <SkipFlag>0</SkipFlag>
      <ShpRate>0.600000</ShpRate>
      <LK>3</LK>
      <CUSLK>10000.000000</CUSLK>
      <AK>2</AK>
      <CUSAK>70.000000</CUSAK>
      <Mass>0.080214</Mass>
      <LDMP>0.500000</LDMP>
      <ADMP>0.500000</ADMP>
      <BTG>-0.090000</BTG>
      <DMPANIML>0.000000</DMPANIML>
      <DMPANIMA>0.000000</DMPANIMA>
      <GROUP>3</GROUP>
      <MYSELF>1</MYSELF>
      <COLIIDNUM>1</COLIIDNUM>
      <COLIID>1</COLIID>
      <RESTITUTION>0.500000</RESTITUTION>
      <FRICTION>0.500000</FRICTION>
    </RigidElem>
  </Bone>
  <Bone>
    <Name>BT_G_3_R_4</Name>
    <BTKIN>1</BTKIN>
    <RigidElem>
      <ChildName>BT_G_3_R_4_end</ChildName>
      <ColType>1</ColType>
      <SkipFlag>0</SkipFlag>
      <ShpRate>0.600000</ShpRate>
      <LK>3</LK>
      <CUSLK>10000.000000</CUSLK>
      <AK>2</AK>
      <CUSAK>70.000000</CUSAK>
      <Mass>0.080214</Mass>
      <LDMP>0.500000</LDMP>
      <ADMP>0.500000</ADMP>
      <BTG>-0.090000</BTG>
      <DMPANIML>0.000000</DMPANIML>
      <DMPANIMA>0.000000</DMPANIMA>
      <GROUP>3</GROUP>
      <MYSELF>1</MYSELF>
      <COLIIDNUM>1</COLIIDNUM>
      <COLIID>1</COLIID>
      <RESTITUTION>0.500000</RESTITUTION>
      <FRICTION>0.500000</FRICTION>
    </RigidElem>
  </Bone>
  <Bone>
    <Name>BT_G_3_L_2</Name>
    <BTKIN>1</BTKIN>
    <RigidElem>
      <ChildName>BT_G_3_L_3</ChildName>
      <ColType>1</ColType>
      <SkipFlag>0</SkipFlag>
      <ShpRate>0.600000</ShpRate>
      <LK>3</LK>
      <CUSLK>10000.000000</CUSLK>
      <AK>2</AK>
      <CUSAK>70.000000</CUSAK>
      <Mass>0.080214</Mass>
      <LDMP>0.500000</LDMP>
      <ADMP>0.500000</ADMP>
      <BTG>-0.090000</BTG>
      <DMPANIML>0.000000</DMPANIML>
      <DMPANIMA>0.000000</DMPANIMA>
      <GROUP>3</GROUP>
      <MYSELF>1</MYSELF>
      <COLIIDNUM>1</COLIIDNUM>
      <COLIID>1</COLIID>
      <RESTITUTION>0.500000</RESTITUTION>
      <FRICTION>0.500000</FRICTION>
    </RigidElem>
  </Bone>
  <Bone>
    <Name>BT_G_3_L_3</Name>
    <BTKIN>1</BTKIN>
    <RigidElem>
      <ChildName>BT_G_3_L_4</ChildName>
      <ColType>1</ColType>
      <SkipFlag>0</SkipFlag>
      <ShpRate>0.600000</ShpRate>
      <LK>3</LK>
      <CUSLK>10000.000000</CUSLK>
      <AK>2</AK>
      <CUSAK>70.000000</CUSAK>
      <Mass>0.080214</Mass>
      <LDMP>0.500000</LDMP>
      <ADMP>0.500000</ADMP>
      <BTG>-0.090000</BTG>
      <DMPANIML>0.000000</DMPANIML>
      <DMPANIMA>0.000000</DMPANIMA>
      <GROUP>3</GROUP>
      <MYSELF>1</MYSELF>
      <COLIIDNUM>1</COLIIDNUM>
      <COLIID>1</COLIID>
      <RESTITUTION>0.500000</RESTITUTION>
      <FRICTION>0.500000</FRICTION>
    </RigidElem>
  </Bone>
  <Bone>
    <Name>BT_G_3_L_4</Name>
    <BTKIN>1</BTKIN>
    <RigidElem>
      <ChildName>BT_G_3_L_4_end</ChildName>
      <ColType>1</ColType>
      <SkipFlag>0</SkipFlag>
      <ShpRate>0.600000</ShpRate>
      <LK>3</LK>
      <CUSLK>10000.000000</CUSLK>
      <AK>2</AK>
      <CUSAK>70.000000</CUSAK>
      <Mass>0.080214</Mass>
      <LDMP>0.500000</LDMP>
      <ADMP>0.500000</ADMP>
      <BTG>-0.090000</BTG>
      <DMPANIML>0.000000</DMPANIML>
      <DMPANIMA>0.000000</DMPANIMA>
      <GROUP>3</GROUP>
      <MYSELF>1</MYSELF>
      <COLIIDNUM>1</COLIIDNUM>
      <COLIID>1</COLIID>
      <RESTITUTION>0.500000</RESTITUTION>
      <FRICTION>0.500000</FRICTION>
    </RigidElem>
  </Bone>
  <Bone>
    <Name>LeftCollar</Name>
    <BTKIN>0</BTKIN>
    <RigidElem>
      <ChildName>LeftShoulder</ChildName>
      <ColType>1</ColType>
      <SkipFlag>0</SkipFlag>
      <ShpRate>0.600000</ShpRate>
      <LK>2</LK>
      <CUSLK>2000.000000</CUSLK>
      <AK>2</AK>
      <CUSAK>70.000000</CUSAK>
      <Mass>0.080214</Mass>
      <LDMP>0.500000</LDMP>
      <ADMP>0.500000</ADMP>
      <BTG>-0.090000</BTG>
      <DMPANIML>0.000000</DMPANIML>
      <DMPANIMA>0.000000</DMPANIMA>
      <GROUP>2</GROUP>
      <MYSELF>1</MYSELF>
      <COLIIDNUM>1</COLIIDNUM>
      <COLIID>1</COLIID>
      <RESTITUTION>0.500000</RESTITUTION>
      <FRICTION>0.500000</FRICTION>
    </RigidElem>
  </Bone>
  <Bone>
    <Name>LeftShoulder</Name>
    <BTKIN>0</BTKIN>
    <RigidElem>
      <ChildName>LeftElbow</ChildName>
      <ColType>1</ColType>
      <SkipFlag>0</SkipFlag>
      <ShpRate>0.600000</ShpRate>
      <LK>2</LK>
      <CUSLK>2000.000000</CUSLK>
      <AK>2</AK>
      <CUSAK>70.000000</CUSAK>
      <Mass>0.080214</Mass>
      <LDMP>0.500000</LDMP>
      <ADMP>0.500000</ADMP>
      <BTG>-0.090000</BTG>
      <DMPANIML>0.000000</DMPANIML>
      <DMPANIMA>0.000000</DMPANIMA>
      <GROUP>2</GROUP>
      <MYSELF>1</MYSELF>
      <COLIIDNUM>1</COLIIDNUM>
      <COLIID>1</COLIID>
      <RESTITUTION>0.500000</RESTITUTION>
      <FRICTION>0.500000</FRICTION>
    </RigidElem>
  </Bone>
  <Bone>
    <Name>LeftElbow</Name>
    <BTKIN>0</BTKIN>
    <RigidElem>
      <ChildName>LeftWrist</ChildName>
      <ColType>1</ColType>
      <SkipFlag>0</SkipFlag>
      <ShpRate>0.600000</ShpRate>
      <LK>2</LK>
      <CUSLK>2000.000000</CUSLK>
      <AK>2</AK>
      <CUSAK>70.000000</CUSAK>
      <Mass>0.080214</Mass>
      <LDMP>0.500000</LDMP>
      <ADMP>0.500000</ADMP>
      <BTG>-0.090000</BTG>
      <DMPANIML>0.000000</DMPANIML>
      <DMPANIMA>0.000000</DMPANIMA>
      <GROUP>2</GROUP>
      <MYSELF>1</MYSELF>
      <COLIIDNUM>1</COLIIDNUM>
      <COLIID>1</COLIID>
      <RESTITUTION>0.500000</RESTITUTION>
      <FRICTION>0.500000</FRICTION>
    </RigidElem>
  </Bone>
  <Bone>
    <Name>LeftWrist</Name>
    <BTKIN>0</BTKIN>
    <RigidElem>
      <ChildName>LeftWrist_end</ChildName>
      <ColType>1</ColType>
      <SkipFlag>0</SkipFlag>
      <ShpRate>0.600000</ShpRate>
      <LK>2</LK>
      <CUSLK>2000.000000</CUSLK>
      <AK>2</AK>
      <CUSAK>70.000000</CUSAK>
      <Mass>0.080214</Mass>
      <LDMP>0.500000</LDMP>
      <ADMP>0.500000</ADMP>
      <BTG>-0.090000</BTG>
      <DMPANIML>0.000000</DMPANIML>
      <DMPANIMA>0.000000</DMPANIMA>
      <GROUP>2</GROUP>
      <MYSELF>1</MYSELF>
      <COLIIDNUM>1</COLIIDNUM>
      <COLIID>1</COLIID>
      <RESTITUTION>0.500000</RESTITUTION>
      <FRICTION>0.500000</FRICTION>
    </RigidElem>
  </Bone>
  <Bone>
    <Name>RightCollar</Name>
    <BTKIN>0</BTKIN>
    <RigidElem>
      <ChildName>RightShoulder</ChildName>
      <ColType>1</ColType>
      <SkipFlag>0</SkipFlag>
      <ShpRate>0.600000</ShpRate>
      <LK>2</LK>
      <CUSLK>2000.000000</CUSLK>
      <AK>2</AK>
      <CUSAK>70.000000</CUSAK>
      <Mass>0.080214</Mass>
      <LDMP>0.500000</LDMP>
      <ADMP>0.500000</ADMP>
      <BTG>-0.090000</BTG>
      <DMPANIML>0.000000</DMPANIML>
      <DMPANIMA>0.000000</DMPANIMA>
      <GROUP>2</GROUP>
      <MYSELF>1</MYSELF>
      <COLIIDNUM>1</COLIIDNUM>
      <COLIID>1</COLIID>
      <RESTITUTION>0.500000</RESTITUTION>
      <FRICTION>0.500000</FRICTION>
    </RigidElem>
  </Bone>
  <Bone>
    <Name>RightShoulder</Name>
    <BTKIN>0</BTKIN>
    <RigidElem>
      <ChildName>RightElbow</ChildName>
      <ColType>1</ColType>
      <SkipFlag>0</SkipFlag>
      <ShpRate>0.600000</ShpRate>
      <LK>2</LK>
      <CUSLK>2000.000000</CUSLK>
      <AK>2</AK>
      <CUSAK>70.000000</CUSAK>
      <Mass>0.080214</Mass>
      <LDMP>0.500000</LDMP>
      <ADMP>0.500000</ADMP>
      <BTG>-0.090000</BTG>
      <DMPANIML>0.000000</DMPANIML>
      <DMPANIMA>0.000000</DMPANIMA>
      <GROUP>2</GROUP>
      <MYSELF>1</MYSELF>
      <COLIIDNUM>1</COLIIDNUM>
      <COLIID>1</COLIID>
      <RESTITUTION>0.500000</RESTITUTION>
      <FRICTION>0.500000</FRICTION>
    </RigidElem>
  </Bone>
  <Bone>
    <Name>RightElbow</Name>
    <BTKIN>0</BTKIN>
    <RigidElem>
      <ChildName>RightWrist</ChildName>
      <ColType>1</ColType>
      <SkipFlag>0</SkipFlag>
      <ShpRate>0.600000</ShpRate>
      <LK>2</LK>
      <CUSLK>2000.000000</CUSLK>
      <AK>2</AK>
      <CUSAK>70.000000</CUSAK>
      <Mass>0.080214</Mass>
      <LDMP>0.500000</LDMP>
      <ADMP>0.500000</ADMP>
      <BTG>-0.090000</BTG>
      <DMPANIML>0.000000</DMPANIML>
      <DMPANIMA>0.000000</DMPANIMA>
      <GROUP>2</GROUP>
      <MYSELF>1</MYSELF>
      <COLIIDNUM>1</COLIIDNUM>
      <COLIID>1</COLIID>
      <RESTITUTION>0.500000</RESTITUTION>
      <FRICTION>0.500000</FRICTION>
    </RigidElem>
  </Bone>
  <Bone>
    <Name>RightWrist</Name>
    <BTKIN>0</BTKIN>
    <RigidElem>
      <ChildName>RightWrist_end</ChildName>
      <ColType>1</ColType>
      <SkipFlag>0</SkipFlag>
      <ShpRate>0.600000</ShpRate>
      <LK>2</LK>
      <CUSLK>2000.000000</CUSLK>
      <AK>2</AK>
      <CUSAK>70.000000</CUSAK>
      <Mass>0.080214</Mass>
      <LDMP>0.500000</LDMP>
      <ADMP>0.500000</ADMP>
      <BTG>-0.090000</BTG>
      <DMPANIML>0.000000</DMPANIML>
      <DMPANIMA>0.000000</DMPANIMA>
      <GROUP>2</GROUP>
      <MYSELF>1</MYSELF>
      <COLIIDNUM>1</COLIIDNUM>
      <COLIID>1</COLIID>
      <RESTITUTION>0.500000</RESTITUTION>
      <FRICTION>0.500000</FRICTION>
    </RigidElem>
  </Bone>
  <Bone>
    <Name>LeftHip</Name>
    <BTKIN>0</BTKIN>
    <RigidElem>
      <ChildName>LeftKnee</ChildName>
      <ColType>1</ColType>
      <SkipFlag>0</SkipFlag>
      <ShpRate>0.600000</ShpRate>
      <LK>3</LK>
      <CUSLK>10000.000000</CUSLK>
      <AK>3</AK>
      <CUSAK>16.042780</CUSAK>
      <Mass>0.080214</Mass>
      <LDMP>0.500000</LDMP>
      <ADMP>0.500000</ADMP>
      <BTG>-0.090000</BTG>
      <DMPANIML>0.000000</DMPANIML>
      <DMPANIMA>0.000000</DMPANIMA>
      <GROUP>2</GROUP>
      <MYSELF>1</MYSELF>
      <COLIIDNUM>1</COLIIDNUM>
      <COLIID>1</COLIID>
      <RESTITUTION>0.500000</RESTITUTION>
      <FRICTION>1.000000</FRICTION>
    </RigidElem>
  </Bone>
  <Bone>
    <Name>LeftKnee</Name>
    <BTKIN>0</BTKIN>
    <RigidElem>
      <ChildName>LeftAnkle</ChildName>
      <ColType>1</ColType>
      <SkipFlag>0</SkipFlag>
      <ShpRate>0.600000</ShpRate>
      <LK>3</LK>
      <CUSLK>10000.000000</CUSLK>
      <AK>3</AK>
      <CUSAK>16.042780</CUSAK>
      <Mass>0.080214</Mass>
      <LDMP>0.500000</LDMP>
      <ADMP>0.500000</ADMP>
      <BTG>-0.090000</BTG>
      <DMPANIML>0.000000</DMPANIML>
      <DMPANIMA>0.000000</DMPANIMA>
      <GROUP>2</GROUP>
      <MYSELF>1</MYSELF>
      <COLIIDNUM>1</COLIIDNUM>
      <COLIID>1</COLIID>
      <RESTITUTION>0.500000</RESTITUTION>
      <FRICTION>0.500000</FRICTION>
    </RigidElem>
  </Bone>
  <Bone>
    <Name>LeftAnkle</Name>
    <BTKIN>0</BTKIN>
    <RigidElem>
      <ChildName>LeftAnkle_end</ChildName>
      <ColType>1</ColType>
      <SkipFlag>0</SkipFlag>
      <ShpRate>0.600000</ShpRate>
      <LK>2</LK>
      <CUSLK>2000.000000</CUSLK>
      <AK>2</AK>
      <CUSAK>70.000000</CUSAK>
      <Mass>0.080214</Mass>
      <LDMP>0.500000</LDMP>
      <ADMP>0.500000</ADMP>
      <BTG>-0.090000</BTG>
      <DMPANIML>0.000000</DMPANIML>
      <DMPANIMA>0.000000</DMPANIMA>
      <GROUP>2</GROUP>
      <MYSELF>1</MYSELF>
      <COLIIDNUM>1</COLIIDNUM>
      <COLIID>1</COLIID>
      <RESTITUTION>0.500000</RESTITUTION>
      <FRICTION>0.500000</FRICTION>
    </RigidElem>
  </Bone>
  <Bone>
    <Name>RightHip</Name>
    <BTKIN>0</BTKIN>
    <RigidElem>
      <ChildName>RightKnee</ChildName>
      <ColType>1</ColType>
      <SkipFlag>0</SkipFlag>
      <ShpRate>0.600000</ShpRate>
      <LK>3</LK>
      <CUSLK>10000.000000</CUSLK>
      <AK>3</AK>
      <CUSAK>16.042780</CUSAK>
      <Mass>0.080214</Mass>
      <LDMP>0.500000</LDMP>
      <ADMP>0.500000</ADMP>
      <BTG>-0.090000</BTG>
      <DMPANIML>0.000000</DMPANIML>
      <DMPANIMA>0.000000</DMPANIMA>
      <GROUP>2</GROUP>
      <MYSELF>1</MYSELF>
      <COLIIDNUM>1</COLIIDNUM>
      <COLIID>1</COLIID>
      <RESTITUTION>0.500000</RESTITUTION>
      <FRICTION>1.000000</FRICTION>
    </RigidElem>
  </Bone>
  <Bone>
    <Name>RightKnee</Name>
    <BTKIN>0</BTKIN>
    <RigidElem>
      <ChildName>RightAnkle</ChildName>
      <ColType>1</ColType>
      <SkipFlag>0</SkipFlag>
      <ShpRate>0.600000</ShpRate>
      <LK>3</LK>
      <CUSLK>10000.000000</CUSLK>
      <AK>3</AK>
      <CUSAK>16.042780</CUSAK>
      <Mass>0.080214</Mass>
      <LDMP>0.500000</LDMP>
      <ADMP>0.500000</ADMP>
      <BTG>-0.090000</BTG>
      <DMPANIML>0.000000</DMPANIML>
      <DMPANIMA>0.000000</DMPANIMA>
      <GROUP>2</GROUP>
      <MYSELF>1</MYSELF>
      <COLIIDNUM>1</COLIIDNUM>
      <COLIID>1</COLIID>
      <RESTITUTION>0.500000</RESTITUTION>
      <FRICTION>0.500000</FRICTION>
    </RigidElem>
  </Bone>
  <Bone>
    <Name>RightAnkle</Name>
    <BTKIN>0</BTKIN>
    <RigidElem>
      <ChildName>RightAnkle_end</ChildName>
      <ColType>1</ColType>
      <SkipFlag>0</SkipFlag>
      <ShpRate>0.600000</ShpRate>
      <LK>2</LK>
      <CUSLK>2000.000000</CUSLK>
      <AK>2</AK>
      <CUSAK>70.000000</CUSAK>
      <Mass>0.080214</Mass>
      <LDMP>0.500000</LDMP>
      <ADMP>0.500000</ADMP>
      <BTG>-0.090000</BTG>
      <DMPANIML>0.000000</DMPANIML>
      <DMPANIMA>0.000000</DMPANIMA>
      <GROUP>2</GROUP>
      <MYSELF>1</MYSELF>
      <COLIIDNUM>1</COLIIDNUM>
      <COLIID>1</COLIID>
      <RESTITUTION>0.500000</RESTITUTION>
      <FRICTION>0.500000</FRICTION>
    </RigidElem>
  </Bone>
</RIGIDELEM>
