<?xml version="1.0" encoding="Shift_JIS"?>
<RIGIDELEM>
    <FileInfo>1001-01</FileInfo>
    <SCBTG>15.240642</SCBTG>
  <Bone>
    <Name>Hip_Joint</Name>
    <BTKIN>0</BTKIN>
    <RigidElem>
      <ChildName>Hip_branch_Joint</ChildName>
      <ColType>1</ColType>
      <SkipFlag>1</SkipFlag>
      <ShpRate>0.600000</ShpRate>
      <LK>2</LK>
      <CUSLK>2000.000000</CUSLK>
      <AK>2</AK>
      <CUSAK>70.000000</CUSAK>
      <Mass>1.925134</Mass>
      <LDMP>0.500000</LDMP>
      <ADMP>0.500000</ADMP>
      <BTG>-1.000000</BTG>
      <DMPANIML>0.000000</DMPANIML>
      <DMPANIMA>0.000000</DMPANIMA>
      <GROUP>2</GROUP>
      <MYSELF>1</MYSELF>
      <COLIIDNUM>1</COLIIDNUM>
      <COLIID>1</COLIID>
      <RESTITUTION>0.500000</RESTITUTION>
      <FRICTION>0.500000</FRICTION>
    </RigidElem>
  </Bone>
  <Bone>
    <Name>Hip_branch_Joint</Name>
    <BTKIN>0</BTKIN>
    <RigidElem>
      <ChildName>LeftHip_Joint</ChildName>
      <ColType>1</ColType>
      <SkipFlag>0</SkipFlag>
      <ShpRate>0.600000</ShpRate>
      <LK>3</LK>
      <CUSLK>10000.000000</CUSLK>
      <AK>3</AK>
      <CUSAK>16.042780</CUSAK>
      <Mass>0.080214</Mass>
      <LDMP>0.500000</LDMP>
      <ADMP>0.500000</ADMP>
      <BTG>-1.000000</BTG>
      <DMPANIML>0.000000</DMPANIML>
      <DMPANIMA>0.000000</DMPANIMA>
      <GROUP>2</GROUP>
      <MYSELF>1</MYSELF>
      <COLIIDNUM>1</COLIIDNUM>
      <COLIID>1</COLIID>
      <RESTITUTION>0.500000</RESTITUTION>
      <FRICTION>1.000000</FRICTION>
    </RigidElem>
    <RigidElem>
      <ChildName>RightHip_Joint</ChildName>
      <ColType>1</ColType>
      <SkipFlag>0</SkipFlag>
      <ShpRate>0.600000</ShpRate>
      <LK>3</LK>
      <CUSLK>10000.000000</CUSLK>
      <AK>3</AK>
      <CUSAK>16.042780</CUSAK>
      <Mass>0.080214</Mass>
      <LDMP>0.500000</LDMP>
      <ADMP>0.500000</ADMP>
      <BTG>-1.000000</BTG>
      <DMPANIML>0.000000</DMPANIML>
      <DMPANIMA>0.000000</DMPANIMA>
      <GROUP>2</GROUP>
      <MYSELF>1</MYSELF>
      <COLIIDNUM>1</COLIIDNUM>
      <COLIID>1</COLIID>
      <RESTITUTION>0.500000</RESTITUTION>
      <FRICTION>1.000000</FRICTION>
    </RigidElem>
    <RigidElem>
      <ChildName>Chest_branch_Joint</ChildName>
      <ColType>1</ColType>
      <SkipFlag>0</SkipFlag>
      <ShpRate>0.600000</ShpRate>
      <LK>2</LK>
      <CUSLK>2000.000000</CUSLK>
      <AK>2</AK>
      <CUSAK>70.000000</CUSAK>
      <Mass>2.085562</Mass>
      <LDMP>0.500000</LDMP>
      <ADMP>0.500000</ADMP>
      <BTG>-1.000000</BTG>
      <DMPANIML>0.000000</DMPANIML>
      <DMPANIMA>0.000000</DMPANIMA>
      <GROUP>2</GROUP>
      <MYSELF>1</MYSELF>
      <COLIIDNUM>1</COLIIDNUM>
      <COLIID>1</COLIID>
      <RESTITUTION>0.500000</RESTITUTION>
      <FRICTION>0.500000</FRICTION>
    </RigidElem>
  </Bone>
  <Bone>
    <Name>Chest_branch_Joint</Name>
    <BTKIN>0</BTKIN>
    <RigidElem>
      <ChildName>Neck_Joint</ChildName>
      <ColType>1</ColType>
      <SkipFlag>0</SkipFlag>
      <ShpRate>0.600000</ShpRate>
      <LK>2</LK>
      <CUSLK>2000.000000</CUSLK>
      <AK>2</AK>
      <CUSAK>70.000000</CUSAK>
      <Mass>0.080214</Mass>
      <LDMP>0.500000</LDMP>
      <ADMP>0.500000</ADMP>
      <BTG>-1.000000</BTG>
      <DMPANIML>0.000000</DMPANIML>
      <DMPANIMA>0.000000</DMPANIMA>
      <GROUP>2</GROUP>
      <MYSELF>1</MYSELF>
      <COLIIDNUM>1</COLIIDNUM>
      <COLIID>1</COLIID>
      <RESTITUTION>0.500000</RESTITUTION>
      <FRICTION>0.500000</FRICTION>
    </RigidElem>
    <RigidElem>
      <ChildName>LeftCollar_Joint</ChildName>
      <ColType>1</ColType>
      <SkipFlag>0</SkipFlag>
      <ShpRate>0.600000</ShpRate>
      <LK>2</LK>
      <CUSLK>2000.000000</CUSLK>
      <AK>2</AK>
      <CUSAK>70.000000</CUSAK>
      <Mass>0.080214</Mass>
      <LDMP>0.500000</LDMP>
      <ADMP>0.500000</ADMP>
      <BTG>-1.000000</BTG>
      <DMPANIML>0.000000</DMPANIML>
      <DMPANIMA>0.000000</DMPANIMA>
      <GROUP>2</GROUP>
      <MYSELF>1</MYSELF>
      <COLIIDNUM>1</COLIIDNUM>
      <COLIID>1</COLIID>
      <RESTITUTION>0.500000</RESTITUTION>
      <FRICTION>0.500000</FRICTION>
    </RigidElem>
    <RigidElem>
      <ChildName>RightCollar_Joint</ChildName>
      <ColType>1</ColType>
      <SkipFlag>0</SkipFlag>
      <ShpRate>0.600000</ShpRate>
      <LK>2</LK>
      <CUSLK>2000.000000</CUSLK>
      <AK>2</AK>
      <CUSAK>70.000000</CUSAK>
      <Mass>0.080214</Mass>
      <LDMP>0.500000</LDMP>
      <ADMP>0.500000</ADMP>
      <BTG>-1.000000</BTG>
      <DMPANIML>0.000000</DMPANIML>
      <DMPANIMA>0.000000</DMPANIMA>
      <GROUP>2</GROUP>
      <MYSELF>1</MYSELF>
      <COLIIDNUM>1</COLIIDNUM>
      <COLIID>1</COLIID>
      <RESTITUTION>0.500000</RESTITUTION>
      <FRICTION>0.500000</FRICTION>
    </RigidElem>
  </Bone>
  <Bone>
    <Name>Neck_Joint</Name>
    <BTKIN>0</BTKIN>
    <RigidElem>
      <ChildName>Neck_branch_Joint</ChildName>
      <ColType>1</ColType>
      <SkipFlag>0</SkipFlag>
      <ShpRate>0.600000</ShpRate>
      <LK>3</LK>
      <CUSLK>10000.000000</CUSLK>
      <AK>2</AK>
      <CUSAK>70.000000</CUSAK>
      <Mass>0.240642</Mass>
      <LDMP>0.500000</LDMP>
      <ADMP>0.500000</ADMP>
      <BTG>-1.000000</BTG>
      <DMPANIML>0.000000</DMPANIML>
      <DMPANIMA>0.000000</DMPANIMA>
      <GROUP>2</GROUP>
      <MYSELF>1</MYSELF>
      <COLIIDNUM>1</COLIIDNUM>
      <COLIID>1</COLIID>
      <RESTITUTION>0.500000</RESTITUTION>
      <FRICTION>0.500000</FRICTION>
    </RigidElem>
  </Bone>
  <Bone>
    <Name>Neck_branch_Joint</Name>
    <BTKIN>0</BTKIN>
    <RigidElem>
      <ChildName>Head_end_Joint</ChildName>
      <ColType>1</ColType>
      <SkipFlag>0</SkipFlag>
      <ShpRate>0.600000</ShpRate>
      <LK>2</LK>
      <CUSLK>2000.000000</CUSLK>
      <AK>2</AK>
      <CUSAK>70.000000</CUSAK>
      <Mass>0.080214</Mass>
      <LDMP>0.500000</LDMP>
      <ADMP>0.500000</ADMP>
      <BTG>-1.000000</BTG>
      <DMPANIML>0.000000</DMPANIML>
      <DMPANIMA>0.000000</DMPANIMA>
      <GROUP>2</GROUP>
      <MYSELF>1</MYSELF>
      <COLIIDNUM>1</COLIIDNUM>
      <COLIID>1</COLIID>
      <RESTITUTION>0.500000</RESTITUTION>
      <FRICTION>0.500000</FRICTION>
    </RigidElem>
    <RigidElem>
      <ChildName>BT_G_3_R_2_Joint</ChildName>
      <ColType>1</ColType>
      <SkipFlag>0</SkipFlag>
      <ShpRate>0.600000</ShpRate>
      <LK>3</LK>
      <CUSLK>10000.000000</CUSLK>
      <AK>3</AK>
      <CUSAK>80.213905</CUSAK>
      <Mass>1.363636</Mass>
      <LDMP>0.500000</LDMP>
      <ADMP>0.500000</ADMP>
      <BTG>-1.000000</BTG>
      <DMPANIML>0.000000</DMPANIML>
      <DMPANIMA>0.000000</DMPANIMA>
      <GROUP>3</GROUP>
      <MYSELF>1</MYSELF>
      <COLIIDNUM>1</COLIIDNUM>
      <COLIID>1</COLIID>
      <RESTITUTION>0.500000</RESTITUTION>
      <FRICTION>0.500000</FRICTION>
    </RigidElem>
    <RigidElem>
      <ChildName>BT_G_3_L_2_Joint</ChildName>
      <ColType>1</ColType>
      <SkipFlag>0</SkipFlag>
      <ShpRate>0.600000</ShpRate>
      <LK>3</LK>
      <CUSLK>10000.000000</CUSLK>
      <AK>3</AK>
      <CUSAK>80.213905</CUSAK>
      <Mass>1.283422</Mass>
      <LDMP>0.500000</LDMP>
      <ADMP>0.500000</ADMP>
      <BTG>-1.000000</BTG>
      <DMPANIML>0.000000</DMPANIML>
      <DMPANIMA>0.000000</DMPANIMA>
      <GROUP>3</GROUP>
      <MYSELF>1</MYSELF>
      <COLIIDNUM>1</COLIIDNUM>
      <COLIID>1</COLIID>
      <RESTITUTION>0.500000</RESTITUTION>
      <FRICTION>0.500000</FRICTION>
    </RigidElem>
  </Bone>
  <Bone>
    <Name>BT_G_3_R_2_Joint</Name>
    <BTKIN>1</BTKIN>
    <RigidElem>
      <ChildName>BT_G_3_R_3_Joint</ChildName>
      <ColType>1</ColType>
      <SkipFlag>0</SkipFlag>
      <ShpRate>0.600000</ShpRate>
      <LK>3</LK>
      <CUSLK>10000.000000</CUSLK>
      <AK>2</AK>
      <CUSAK>70.000000</CUSAK>
      <Mass>0.080214</Mass>
      <LDMP>0.500000</LDMP>
      <ADMP>0.500000</ADMP>
      <BTG>-1.000000</BTG>
      <DMPANIML>0.000000</DMPANIML>
      <DMPANIMA>0.000000</DMPANIMA>
      <GROUP>3</GROUP>
      <MYSELF>1</MYSELF>
      <COLIIDNUM>1</COLIIDNUM>
      <COLIID>1</COLIID>
      <RESTITUTION>0.500000</RESTITUTION>
      <FRICTION>0.500000</FRICTION>
    </RigidElem>
  </Bone>
  <Bone>
    <Name>BT_G_3_R_3_Joint</Name>
    <BTKIN>1</BTKIN>
    <RigidElem>
      <ChildName>BT_G_3_R_4_Joint</ChildName>
      <ColType>1</ColType>
      <SkipFlag>0</SkipFlag>
      <ShpRate>0.600000</ShpRate>
      <LK>3</LK>
      <CUSLK>10000.000000</CUSLK>
      <AK>2</AK>
      <CUSAK>70.000000</CUSAK>
      <Mass>0.080214</Mass>
      <LDMP>0.500000</LDMP>
      <ADMP>0.500000</ADMP>
      <BTG>-1.000000</BTG>
      <DMPANIML>0.000000</DMPANIML>
      <DMPANIMA>0.000000</DMPANIMA>
      <GROUP>3</GROUP>
      <MYSELF>1</MYSELF>
      <COLIIDNUM>1</COLIIDNUM>
      <COLIID>1</COLIID>
      <RESTITUTION>0.500000</RESTITUTION>
      <FRICTION>0.500000</FRICTION>
    </RigidElem>
  </Bone>
  <Bone>
    <Name>BT_G_3_R_4_Joint</Name>
    <BTKIN>1</BTKIN>
    <RigidElem>
      <ChildName>BT_G_3_R_4_end_Joint</ChildName>
      <ColType>1</ColType>
      <SkipFlag>0</SkipFlag>
      <ShpRate>0.600000</ShpRate>
      <LK>3</LK>
      <CUSLK>10000.000000</CUSLK>
      <AK>2</AK>
      <CUSAK>70.000000</CUSAK>
      <Mass>0.080214</Mass>
      <LDMP>0.500000</LDMP>
      <ADMP>0.500000</ADMP>
      <BTG>-1.000000</BTG>
      <DMPANIML>0.000000</DMPANIML>
      <DMPANIMA>0.000000</DMPANIMA>
      <GROUP>3</GROUP>
      <MYSELF>1</MYSELF>
      <COLIIDNUM>1</COLIIDNUM>
      <COLIID>1</COLIID>
      <RESTITUTION>0.500000</RESTITUTION>
      <FRICTION>0.500000</FRICTION>
    </RigidElem>
  </Bone>
  <Bone>
    <Name>BT_G_3_L_2_Joint</Name>
    <BTKIN>1</BTKIN>
    <RigidElem>
      <ChildName>BT_G_3_L_3_Joint</ChildName>
      <ColType>1</ColType>
      <SkipFlag>0</SkipFlag>
      <ShpRate>0.600000</ShpRate>
      <LK>3</LK>
      <CUSLK>10000.000000</CUSLK>
      <AK>2</AK>
      <CUSAK>70.000000</CUSAK>
      <Mass>0.080214</Mass>
      <LDMP>0.500000</LDMP>
      <ADMP>0.500000</ADMP>
      <BTG>-1.000000</BTG>
      <DMPANIML>0.000000</DMPANIML>
      <DMPANIMA>0.000000</DMPANIMA>
      <GROUP>3</GROUP>
      <MYSELF>1</MYSELF>
      <COLIIDNUM>1</COLIIDNUM>
      <COLIID>1</COLIID>
      <RESTITUTION>0.500000</RESTITUTION>
      <FRICTION>0.500000</FRICTION>
    </RigidElem>
  </Bone>
  <Bone>
    <Name>BT_G_3_L_3_Joint</Name>
    <BTKIN>1</BTKIN>
    <RigidElem>
      <ChildName>BT_G_3_L_4_Joint</ChildName>
      <ColType>1</ColType>
      <SkipFlag>0</SkipFlag>
      <ShpRate>0.600000</ShpRate>
      <LK>3</LK>
      <CUSLK>10000.000000</CUSLK>
      <AK>2</AK>
      <CUSAK>70.000000</CUSAK>
      <Mass>0.080214</Mass>
      <LDMP>0.500000</LDMP>
      <ADMP>0.500000</ADMP>
      <BTG>-1.000000</BTG>
      <DMPANIML>0.000000</DMPANIML>
      <DMPANIMA>0.000000</DMPANIMA>
      <GROUP>3</GROUP>
      <MYSELF>1</MYSELF>
      <COLIIDNUM>1</COLIIDNUM>
      <COLIID>1</COLIID>
      <RESTITUTION>0.500000</RESTITUTION>
      <FRICTION>0.500000</FRICTION>
    </RigidElem>
  </Bone>
  <Bone>
    <Name>BT_G_3_L_4_Joint</Name>
    <BTKIN>1</BTKIN>
    <RigidElem>
      <ChildName>BT_G_3_L_4_end_Joint</ChildName>
      <ColType>1</ColType>
      <SkipFlag>0</SkipFlag>
      <ShpRate>0.600000</ShpRate>
      <LK>3</LK>
      <CUSLK>10000.000000</CUSLK>
      <AK>2</AK>
      <CUSAK>70.000000</CUSAK>
      <Mass>0.080214</Mass>
      <LDMP>0.500000</LDMP>
      <ADMP>0.500000</ADMP>
      <BTG>-1.000000</BTG>
      <DMPANIML>0.000000</DMPANIML>
      <DMPANIMA>0.000000</DMPANIMA>
      <GROUP>3</GROUP>
      <MYSELF>1</MYSELF>
      <COLIIDNUM>1</COLIIDNUM>
      <COLIID>1</COLIID>
      <RESTITUTION>0.500000</RESTITUTION>
      <FRICTION>0.500000</FRICTION>
    </RigidElem>
  </Bone>
  <Bone>
    <Name>LeftCollar_Joint</Name>
    <BTKIN>0</BTKIN>
    <RigidElem>
      <ChildName>LeftShoulder_Joint</ChildName>
      <ColType>1</ColType>
      <SkipFlag>0</SkipFlag>
      <ShpRate>0.600000</ShpRate>
      <LK>2</LK>
      <CUSLK>2000.000000</CUSLK>
      <AK>2</AK>
      <CUSAK>70.000000</CUSAK>
      <Mass>0.080214</Mass>
      <LDMP>0.500000</LDMP>
      <ADMP>0.500000</ADMP>
      <BTG>-1.000000</BTG>
      <DMPANIML>0.000000</DMPANIML>
      <DMPANIMA>0.000000</DMPANIMA>
      <GROUP>2</GROUP>
      <MYSELF>1</MYSELF>
      <COLIIDNUM>1</COLIIDNUM>
      <COLIID>1</COLIID>
      <RESTITUTION>0.500000</RESTITUTION>
      <FRICTION>0.500000</FRICTION>
    </RigidElem>
  </Bone>
  <Bone>
    <Name>LeftShoulder_Joint</Name>
    <BTKIN>0</BTKIN>
    <RigidElem>
      <ChildName>LeftElbow_Joint</ChildName>
      <ColType>1</ColType>
      <SkipFlag>0</SkipFlag>
      <ShpRate>0.600000</ShpRate>
      <LK>2</LK>
      <CUSLK>2000.000000</CUSLK>
      <AK>2</AK>
      <CUSAK>70.000000</CUSAK>
      <Mass>0.080214</Mass>
      <LDMP>0.500000</LDMP>
      <ADMP>0.500000</ADMP>
      <BTG>-1.000000</BTG>
      <DMPANIML>0.000000</DMPANIML>
      <DMPANIMA>0.000000</DMPANIMA>
      <GROUP>2</GROUP>
      <MYSELF>1</MYSELF>
      <COLIIDNUM>1</COLIIDNUM>
      <COLIID>1</COLIID>
      <RESTITUTION>0.500000</RESTITUTION>
      <FRICTION>0.500000</FRICTION>
    </RigidElem>
  </Bone>
  <Bone>
    <Name>LeftElbow_Joint</Name>
    <BTKIN>0</BTKIN>
    <RigidElem>
      <ChildName>LeftWrist_Joint</ChildName>
      <ColType>1</ColType>
      <SkipFlag>0</SkipFlag>
      <ShpRate>0.600000</ShpRate>
      <LK>2</LK>
      <CUSLK>2000.000000</CUSLK>
      <AK>2</AK>
      <CUSAK>70.000000</CUSAK>
      <Mass>0.080214</Mass>
      <LDMP>0.500000</LDMP>
      <ADMP>0.500000</ADMP>
      <BTG>-1.000000</BTG>
      <DMPANIML>0.000000</DMPANIML>
      <DMPANIMA>0.000000</DMPANIMA>
      <GROUP>2</GROUP>
      <MYSELF>1</MYSELF>
      <COLIIDNUM>1</COLIIDNUM>
      <COLIID>1</COLIID>
      <RESTITUTION>0.500000</RESTITUTION>
      <FRICTION>0.500000</FRICTION>
    </RigidElem>
  </Bone>
  <Bone>
    <Name>LeftWrist_Joint</Name>
    <BTKIN>0</BTKIN>
    <RigidElem>
      <ChildName>LeftWrist_end_Joint</ChildName>
      <ColType>1</ColType>
      <SkipFlag>0</SkipFlag>
      <ShpRate>0.600000</ShpRate>
      <LK>2</LK>
      <CUSLK>2000.000000</CUSLK>
      <AK>2</AK>
      <CUSAK>70.000000</CUSAK>
      <Mass>0.080214</Mass>
      <LDMP>0.500000</LDMP>
      <ADMP>0.500000</ADMP>
      <BTG>-1.000000</BTG>
      <DMPANIML>0.000000</DMPANIML>
      <DMPANIMA>0.000000</DMPANIMA>
      <GROUP>2</GROUP>
      <MYSELF>1</MYSELF>
      <COLIIDNUM>1</COLIIDNUM>
      <COLIID>1</COLIID>
      <RESTITUTION>0.500000</RESTITUTION>
      <FRICTION>0.500000</FRICTION>
    </RigidElem>
  </Bone>
  <Bone>
    <Name>RightCollar_Joint</Name>
    <BTKIN>0</BTKIN>
    <RigidElem>
      <ChildName>RightShoulder_Joint</ChildName>
      <ColType>1</ColType>
      <SkipFlag>0</SkipFlag>
      <ShpRate>0.600000</ShpRate>
      <LK>2</LK>
      <CUSLK>2000.000000</CUSLK>
      <AK>2</AK>
      <CUSAK>70.000000</CUSAK>
      <Mass>0.080214</Mass>
      <LDMP>0.500000</LDMP>
      <ADMP>0.500000</ADMP>
      <BTG>-1.000000</BTG>
      <DMPANIML>0.000000</DMPANIML>
      <DMPANIMA>0.000000</DMPANIMA>
      <GROUP>2</GROUP>
      <MYSELF>1</MYSELF>
      <COLIIDNUM>1</COLIIDNUM>
      <COLIID>1</COLIID>
      <RESTITUTION>0.500000</RESTITUTION>
      <FRICTION>0.500000</FRICTION>
    </RigidElem>
  </Bone>
  <Bone>
    <Name>RightShoulder_Joint</Name>
    <BTKIN>0</BTKIN>
    <RigidElem>
      <ChildName>RightElbow_Joint</ChildName>
      <ColType>1</ColType>
      <SkipFlag>0</SkipFlag>
      <ShpRate>0.600000</ShpRate>
      <LK>2</LK>
      <CUSLK>2000.000000</CUSLK>
      <AK>2</AK>
      <CUSAK>70.000000</CUSAK>
      <Mass>0.080214</Mass>
      <LDMP>0.500000</LDMP>
      <ADMP>0.500000</ADMP>
      <BTG>-1.000000</BTG>
      <DMPANIML>0.000000</DMPANIML>
      <DMPANIMA>0.000000</DMPANIMA>
      <GROUP>2</GROUP>
      <MYSELF>1</MYSELF>
      <COLIIDNUM>1</COLIIDNUM>
      <COLIID>1</COLIID>
      <RESTITUTION>0.500000</RESTITUTION>
      <FRICTION>0.500000</FRICTION>
    </RigidElem>
  </Bone>
  <Bone>
    <Name>RightElbow_Joint</Name>
    <BTKIN>0</BTKIN>
    <RigidElem>
      <ChildName>RightWrist_Joint</ChildName>
      <ColType>1</ColType>
      <SkipFlag>0</SkipFlag>
      <ShpRate>0.600000</ShpRate>
      <LK>2</LK>
      <CUSLK>2000.000000</CUSLK>
      <AK>2</AK>
      <CUSAK>70.000000</CUSAK>
      <Mass>0.080214</Mass>
      <LDMP>0.500000</LDMP>
      <ADMP>0.500000</ADMP>
      <BTG>-1.000000</BTG>
      <DMPANIML>0.000000</DMPANIML>
      <DMPANIMA>0.000000</DMPANIMA>
      <GROUP>2</GROUP>
      <MYSELF>1</MYSELF>
      <COLIIDNUM>1</COLIIDNUM>
      <COLIID>1</COLIID>
      <RESTITUTION>0.500000</RESTITUTION>
      <FRICTION>0.500000</FRICTION>
    </RigidElem>
  </Bone>
  <Bone>
    <Name>RightWrist_Joint</Name>
    <BTKIN>0</BTKIN>
    <RigidElem>
      <ChildName>RightWrist_end_Joint</ChildName>
      <ColType>1</ColType>
      <SkipFlag>0</SkipFlag>
      <ShpRate>0.600000</ShpRate>
      <LK>2</LK>
      <CUSLK>2000.000000</CUSLK>
      <AK>2</AK>
      <CUSAK>70.000000</CUSAK>
      <Mass>0.080214</Mass>
      <LDMP>0.500000</LDMP>
      <ADMP>0.500000</ADMP>
      <BTG>-1.000000</BTG>
      <DMPANIML>0.000000</DMPANIML>
      <DMPANIMA>0.000000</DMPANIMA>
      <GROUP>2</GROUP>
      <MYSELF>1</MYSELF>
      <COLIIDNUM>1</COLIIDNUM>
      <COLIID>1</COLIID>
      <RESTITUTION>0.500000</RESTITUTION>
      <FRICTION>0.500000</FRICTION>
    </RigidElem>
  </Bone>
  <Bone>
    <Name>LeftHip_Joint</Name>
    <BTKIN>0</BTKIN>
    <RigidElem>
      <ChildName>LeftKnee_Joint</ChildName>
      <ColType>1</ColType>
      <SkipFlag>0</SkipFlag>
      <ShpRate>0.600000</ShpRate>
      <LK>3</LK>
      <CUSLK>10000.000000</CUSLK>
      <AK>3</AK>
      <CUSAK>16.042780</CUSAK>
      <Mass>0.080214</Mass>
      <LDMP>0.500000</LDMP>
      <ADMP>0.500000</ADMP>
      <BTG>-1.000000</BTG>
      <DMPANIML>0.000000</DMPANIML>
      <DMPANIMA>0.000000</DMPANIMA>
      <GROUP>2</GROUP>
      <MYSELF>1</MYSELF>
      <COLIIDNUM>1</COLIIDNUM>
      <COLIID>1</COLIID>
      <RESTITUTION>0.500000</RESTITUTION>
      <FRICTION>1.000000</FRICTION>
    </RigidElem>
  </Bone>
  <Bone>
    <Name>LeftKnee_Joint</Name>
    <BTKIN>0</BTKIN>
    <RigidElem>
      <ChildName>LeftAnkle_Joint</ChildName>
      <ColType>1</ColType>
      <SkipFlag>0</SkipFlag>
      <ShpRate>0.600000</ShpRate>
      <LK>3</LK>
      <CUSLK>10000.000000</CUSLK>
      <AK>3</AK>
      <CUSAK>16.042780</CUSAK>
      <Mass>0.080214</Mass>
      <LDMP>0.500000</LDMP>
      <ADMP>0.500000</ADMP>
      <BTG>-1.000000</BTG>
      <DMPANIML>0.000000</DMPANIML>
      <DMPANIMA>0.000000</DMPANIMA>
      <GROUP>2</GROUP>
      <MYSELF>1</MYSELF>
      <COLIIDNUM>1</COLIIDNUM>
      <COLIID>1</COLIID>
      <RESTITUTION>0.500000</RESTITUTION>
      <FRICTION>0.500000</FRICTION>
    </RigidElem>
  </Bone>
  <Bone>
    <Name>LeftAnkle_Joint</Name>
    <BTKIN>0</BTKIN>
    <RigidElem>
      <ChildName>LeftAnkle_end_Joint</ChildName>
      <ColType>1</ColType>
      <SkipFlag>0</SkipFlag>
      <ShpRate>0.600000</ShpRate>
      <LK>2</LK>
      <CUSLK>2000.000000</CUSLK>
      <AK>2</AK>
      <CUSAK>70.000000</CUSAK>
      <Mass>0.080214</Mass>
      <LDMP>0.500000</LDMP>
      <ADMP>0.500000</ADMP>
      <BTG>-1.000000</BTG>
      <DMPANIML>0.000000</DMPANIML>
      <DMPANIMA>0.000000</DMPANIMA>
      <GROUP>2</GROUP>
      <MYSELF>1</MYSELF>
      <COLIIDNUM>1</COLIIDNUM>
      <COLIID>1</COLIID>
      <RESTITUTION>0.500000</RESTITUTION>
      <FRICTION>0.500000</FRICTION>
    </RigidElem>
  </Bone>
  <Bone>
    <Name>RightHip_Joint</Name>
    <BTKIN>0</BTKIN>
    <RigidElem>
      <ChildName>RightKnee_Joint</ChildName>
      <ColType>1</ColType>
      <SkipFlag>0</SkipFlag>
      <ShpRate>0.600000</ShpRate>
      <LK>3</LK>
      <CUSLK>10000.000000</CUSLK>
      <AK>3</AK>
      <CUSAK>16.042780</CUSAK>
      <Mass>0.080214</Mass>
      <LDMP>0.500000</LDMP>
      <ADMP>0.500000</ADMP>
      <BTG>-1.000000</BTG>
      <DMPANIML>0.000000</DMPANIML>
      <DMPANIMA>0.000000</DMPANIMA>
      <GROUP>2</GROUP>
      <MYSELF>1</MYSELF>
      <COLIIDNUM>1</COLIIDNUM>
      <COLIID>1</COLIID>
      <RESTITUTION>0.500000</RESTITUTION>
      <FRICTION>1.000000</FRICTION>
    </RigidElem>
  </Bone>
  <Bone>
    <Name>RightKnee_Joint</Name>
    <BTKIN>0</BTKIN>
    <RigidElem>
      <ChildName>RightAnkle_Joint</ChildName>
      <ColType>1</ColType>
      <SkipFlag>0</SkipFlag>
      <ShpRate>0.600000</ShpRate>
      <LK>3</LK>
      <CUSLK>10000.000000</CUSLK>
      <AK>3</AK>
      <CUSAK>16.042780</CUSAK>
      <Mass>0.080214</Mass>
      <LDMP>0.500000</LDMP>
      <ADMP>0.500000</ADMP>
      <BTG>-1.000000</BTG>
      <DMPANIML>0.000000</DMPANIML>
      <DMPANIMA>0.000000</DMPANIMA>
      <GROUP>2</GROUP>
      <MYSELF>1</MYSELF>
      <COLIIDNUM>1</COLIIDNUM>
      <COLIID>1</COLIID>
      <RESTITUTION>0.500000</RESTITUTION>
      <FRICTION>0.500000</FRICTION>
    </RigidElem>
  </Bone>
  <Bone>
    <Name>RightAnkle_Joint</Name>
    <BTKIN>0</BTKIN>
    <RigidElem>
      <ChildName>RightAnkle_end_Joint</ChildName>
      <ColType>1</ColType>
      <SkipFlag>0</SkipFlag>
      <ShpRate>0.600000</ShpRate>
      <LK>2</LK>
      <CUSLK>2000.000000</CUSLK>
      <AK>2</AK>
      <CUSAK>70.000000</CUSAK>
      <Mass>0.080214</Mass>
      <LDMP>0.500000</LDMP>
      <ADMP>0.500000</ADMP>
      <BTG>-1.000000</BTG>
      <DMPANIML>0.000000</DMPANIML>
      <DMPANIMA>0.000000</DMPANIMA>
      <GROUP>2</GROUP>
      <MYSELF>1</MYSELF>
      <COLIIDNUM>1</COLIIDNUM>
      <COLIID>1</COLIID>
      <RESTITUTION>0.500000</RESTITUTION>
      <FRICTION>0.500000</FRICTION>
    </RigidElem>
  </Bone>
</RIGIDELEM>
