<?xml version="1.0" encoding="Shift_JIS"?>
<RIGIDELEM>
    <FileInfo>1001-01</FileInfo>
    <SCBTG>9.070000</SCBTG>
  <Bone>
    <Name>Root_Joint</Name>
    <BTKIN>0</BTKIN>
    <RigidElem>
      <ChildName>J_Bip_C_Hips_Joint</ChildName>
      <ColType>1</ColType>
      <SkipFlag>1</SkipFlag>
      <ShpRate>0.600000</ShpRate>
      <BoxzRate>0.600000</BoxzRate>
      <LK>2</LK>
      <CUSLK>100.000000</CUSLK>
      <AK>2</AK>
      <CUSAK>2.000000</CUSAK>
      <Mass>1.000000</Mass>
      <LDMP>0.500000</LDMP>
      <ADMP>0.500000</ADMP>
      <BTG>-0.090000</BTG>
      <DMPANIML>0.000000</DMPANIML>
      <DMPANIMA>0.000000</DMPANIMA>
      <GROUP>2</GROUP>
      <MYSELF>1</MYSELF>
      <COLIIDNUM>0</COLIIDNUM>
      <RESTITUTION>0.500000</RESTITUTION>
      <FRICTION>0.500000</FRICTION>
      <FORBIDROT>0</FORBIDROT>
    </RigidElem>
  </Bone>
  <Bone>
    <Name>J_Bip_C_Hips_Joint</Name>
    <BTKIN>0</BTKIN>
    <RigidElem>
      <ChildName>J_Bip_C_Spine_Joint</ChildName>
      <ColType>1</ColType>
      <SkipFlag>0</SkipFlag>
      <ShpRate>0.600000</ShpRate>
      <BoxzRate>0.600000</BoxzRate>
      <LK>2</LK>
      <CUSLK>100.000000</CUSLK>
      <AK>2</AK>
      <CUSAK>2.000000</CUSAK>
      <Mass>1.000000</Mass>
      <LDMP>0.500000</LDMP>
      <ADMP>0.500000</ADMP>
      <BTG>-0.090000</BTG>
      <DMPANIML>0.000000</DMPANIML>
      <DMPANIMA>0.000000</DMPANIMA>
      <GROUP>2</GROUP>
      <MYSELF>1</MYSELF>
      <COLIIDNUM>0</COLIIDNUM>
      <RESTITUTION>0.500000</RESTITUTION>
      <FRICTION>0.500000</FRICTION>
      <FORBIDROT>0</FORBIDROT>
    </RigidElem>
    <RigidElem>
      <ChildName>J_Bip_L_UpperLeg_Joint</ChildName>
      <ColType>1</ColType>
      <SkipFlag>0</SkipFlag>
      <ShpRate>0.600000</ShpRate>
      <BoxzRate>0.600000</BoxzRate>
      <LK>2</LK>
      <CUSLK>100.000000</CUSLK>
      <AK>2</AK>
      <CUSAK>0.500000</CUSAK>
      <Mass>1.000000</Mass>
      <LDMP>0.500000</LDMP>
      <ADMP>0.500000</ADMP>
      <BTG>-0.090000</BTG>
      <DMPANIML>0.000000</DMPANIML>
      <DMPANIMA>0.000000</DMPANIMA>
      <GROUP>2</GROUP>
      <MYSELF>1</MYSELF>
      <COLIIDNUM>0</COLIIDNUM>
      <RESTITUTION>0.500000</RESTITUTION>
      <FRICTION>0.500000</FRICTION>
      <FORBIDROT>0</FORBIDROT>
    </RigidElem>
    <RigidElem>
      <ChildName>J_Bip_R_UpperLeg_Joint</ChildName>
      <ColType>1</ColType>
      <SkipFlag>0</SkipFlag>
      <ShpRate>0.600000</ShpRate>
      <BoxzRate>0.600000</BoxzRate>
      <LK>2</LK>
      <CUSLK>100.000000</CUSLK>
      <AK>2</AK>
      <CUSAK>0.500000</CUSAK>
      <Mass>1.000000</Mass>
      <LDMP>0.500000</LDMP>
      <ADMP>0.500000</ADMP>
      <BTG>-0.090000</BTG>
      <DMPANIML>0.000000</DMPANIML>
      <DMPANIMA>0.000000</DMPANIMA>
      <GROUP>2</GROUP>
      <MYSELF>1</MYSELF>
      <COLIIDNUM>0</COLIIDNUM>
      <RESTITUTION>0.500000</RESTITUTION>
      <FRICTION>0.500000</FRICTION>
      <FORBIDROT>0</FORBIDROT>
    </RigidElem>
  </Bone>
  <Bone>
    <Name>J_Bip_C_Spine_Joint</Name>
    <BTKIN>0</BTKIN>
    <RigidElem>
      <ChildName>J_Bip_C_Chest_Joint</ChildName>
      <ColType>1</ColType>
      <SkipFlag>0</SkipFlag>
      <ShpRate>0.600000</ShpRate>
      <BoxzRate>0.600000</BoxzRate>
      <LK>2</LK>
      <CUSLK>100.000000</CUSLK>
      <AK>2</AK>
      <CUSAK>2.000000</CUSAK>
      <Mass>1.000000</Mass>
      <LDMP>0.500000</LDMP>
      <ADMP>0.500000</ADMP>
      <BTG>-0.090000</BTG>
      <DMPANIML>0.000000</DMPANIML>
      <DMPANIMA>0.000000</DMPANIMA>
      <GROUP>2</GROUP>
      <MYSELF>1</MYSELF>
      <COLIIDNUM>0</COLIIDNUM>
      <RESTITUTION>0.500000</RESTITUTION>
      <FRICTION>0.500000</FRICTION>
      <FORBIDROT>0</FORBIDROT>
    </RigidElem>
  </Bone>
  <Bone>
    <Name>J_Bip_C_Chest_Joint</Name>
    <BTKIN>0</BTKIN>
    <RigidElem>
      <ChildName>J_Bip_C_UpperChest_Joint</ChildName>
      <ColType>1</ColType>
      <SkipFlag>0</SkipFlag>
      <ShpRate>0.600000</ShpRate>
      <BoxzRate>0.600000</BoxzRate>
      <LK>2</LK>
      <CUSLK>100.000000</CUSLK>
      <AK>2</AK>
      <CUSAK>2.000000</CUSAK>
      <Mass>1.000000</Mass>
      <LDMP>0.500000</LDMP>
      <ADMP>0.500000</ADMP>
      <BTG>-0.090000</BTG>
      <DMPANIML>0.000000</DMPANIML>
      <DMPANIMA>0.000000</DMPANIMA>
      <GROUP>2</GROUP>
      <MYSELF>1</MYSELF>
      <COLIIDNUM>0</COLIIDNUM>
      <RESTITUTION>0.500000</RESTITUTION>
      <FRICTION>0.500000</FRICTION>
      <FORBIDROT>0</FORBIDROT>
    </RigidElem>
  </Bone>
  <Bone>
    <Name>J_Bip_C_UpperChest_Joint</Name>
    <BTKIN>0</BTKIN>
    <RigidElem>
      <ChildName>J_Sec_L_Bust1_Joint</ChildName>
      <ColType>1</ColType>
      <SkipFlag>0</SkipFlag>
      <ShpRate>0.600000</ShpRate>
      <BoxzRate>0.600000</BoxzRate>
      <LK>2</LK>
      <CUSLK>100.000000</CUSLK>
      <AK>2</AK>
      <CUSAK>0.500000</CUSAK>
      <Mass>1.000000</Mass>
      <LDMP>0.500000</LDMP>
      <ADMP>0.500000</ADMP>
      <BTG>-0.090000</BTG>
      <DMPANIML>0.000000</DMPANIML>
      <DMPANIMA>0.000000</DMPANIMA>
      <GROUP>2</GROUP>
      <MYSELF>1</MYSELF>
      <COLIIDNUM>0</COLIIDNUM>
      <RESTITUTION>0.500000</RESTITUTION>
      <FRICTION>0.500000</FRICTION>
      <FORBIDROT>0</FORBIDROT>
    </RigidElem>
    <RigidElem>
      <ChildName>J_Sec_R_Bust1_Joint</ChildName>
      <ColType>1</ColType>
      <SkipFlag>0</SkipFlag>
      <ShpRate>0.600000</ShpRate>
      <BoxzRate>0.600000</BoxzRate>
      <LK>2</LK>
      <CUSLK>100.000000</CUSLK>
      <AK>2</AK>
      <CUSAK>0.500000</CUSAK>
      <Mass>1.000000</Mass>
      <LDMP>0.500000</LDMP>
      <ADMP>0.500000</ADMP>
      <BTG>-0.090000</BTG>
      <DMPANIML>0.000000</DMPANIML>
      <DMPANIMA>0.000000</DMPANIMA>
      <GROUP>2</GROUP>
      <MYSELF>1</MYSELF>
      <COLIIDNUM>0</COLIIDNUM>
      <RESTITUTION>0.500000</RESTITUTION>
      <FRICTION>0.500000</FRICTION>
      <FORBIDROT>0</FORBIDROT>
    </RigidElem>
    <RigidElem>
      <ChildName>J_Bip_C_Neck_Joint</ChildName>
      <ColType>1</ColType>
      <SkipFlag>0</SkipFlag>
      <ShpRate>0.600000</ShpRate>
      <BoxzRate>0.600000</BoxzRate>
      <LK>2</LK>
      <CUSLK>100.000000</CUSLK>
      <AK>2</AK>
      <CUSAK>2.000000</CUSAK>
      <Mass>1.000000</Mass>
      <LDMP>0.500000</LDMP>
      <ADMP>0.500000</ADMP>
      <BTG>-0.090000</BTG>
      <DMPANIML>0.000000</DMPANIML>
      <DMPANIMA>0.000000</DMPANIMA>
      <GROUP>2</GROUP>
      <MYSELF>1</MYSELF>
      <COLIIDNUM>0</COLIIDNUM>
      <RESTITUTION>0.500000</RESTITUTION>
      <FRICTION>0.500000</FRICTION>
      <FORBIDROT>0</FORBIDROT>
    </RigidElem>
    <RigidElem>
      <ChildName>J_Bip_L_Shoulder_Joint</ChildName>
      <ColType>1</ColType>
      <SkipFlag>0</SkipFlag>
      <ShpRate>0.600000</ShpRate>
      <BoxzRate>0.600000</BoxzRate>
      <LK>2</LK>
      <CUSLK>100.000000</CUSLK>
      <AK>2</AK>
      <CUSAK>0.500000</CUSAK>
      <Mass>1.000000</Mass>
      <LDMP>0.500000</LDMP>
      <ADMP>0.500000</ADMP>
      <BTG>-0.090000</BTG>
      <DMPANIML>0.000000</DMPANIML>
      <DMPANIMA>0.000000</DMPANIMA>
      <GROUP>2</GROUP>
      <MYSELF>1</MYSELF>
      <COLIIDNUM>0</COLIIDNUM>
      <RESTITUTION>0.500000</RESTITUTION>
      <FRICTION>0.500000</FRICTION>
      <FORBIDROT>0</FORBIDROT>
    </RigidElem>
    <RigidElem>
      <ChildName>J_Bip_R_Shoulder_Joint</ChildName>
      <ColType>1</ColType>
      <SkipFlag>0</SkipFlag>
      <ShpRate>0.600000</ShpRate>
      <BoxzRate>0.600000</BoxzRate>
      <LK>2</LK>
      <CUSLK>100.000000</CUSLK>
      <AK>2</AK>
      <CUSAK>0.500000</CUSAK>
      <Mass>1.000000</Mass>
      <LDMP>0.500000</LDMP>
      <ADMP>0.500000</ADMP>
      <BTG>-0.090000</BTG>
      <DMPANIML>0.000000</DMPANIML>
      <DMPANIMA>0.000000</DMPANIMA>
      <GROUP>2</GROUP>
      <MYSELF>1</MYSELF>
      <COLIIDNUM>0</COLIIDNUM>
      <RESTITUTION>0.500000</RESTITUTION>
      <FRICTION>0.500000</FRICTION>
      <FORBIDROT>0</FORBIDROT>
    </RigidElem>
  </Bone>
  <Bone>
    <Name>J_Sec_L_Bust1_Joint</Name>
    <BTKIN>0</BTKIN>
    <RigidElem>
      <ChildName>J_Sec_L_Bust2_Joint</ChildName>
      <ColType>1</ColType>
      <SkipFlag>0</SkipFlag>
      <ShpRate>0.600000</ShpRate>
      <BoxzRate>0.600000</BoxzRate>
      <LK>2</LK>
      <CUSLK>100.000000</CUSLK>
      <AK>2</AK>
      <CUSAK>0.500000</CUSAK>
      <Mass>1.000000</Mass>
      <LDMP>0.500000</LDMP>
      <ADMP>0.500000</ADMP>
      <BTG>-0.090000</BTG>
      <DMPANIML>0.000000</DMPANIML>
      <DMPANIMA>0.000000</DMPANIMA>
      <GROUP>2</GROUP>
      <MYSELF>1</MYSELF>
      <COLIIDNUM>0</COLIIDNUM>
      <RESTITUTION>0.500000</RESTITUTION>
      <FRICTION>0.500000</FRICTION>
      <FORBIDROT>0</FORBIDROT>
    </RigidElem>
  </Bone>
  <Bone>
    <Name>J_Sec_R_Bust1_Joint</Name>
    <BTKIN>0</BTKIN>
    <RigidElem>
      <ChildName>J_Sec_R_Bust2_Joint</ChildName>
      <ColType>1</ColType>
      <SkipFlag>0</SkipFlag>
      <ShpRate>0.600000</ShpRate>
      <BoxzRate>0.600000</BoxzRate>
      <LK>2</LK>
      <CUSLK>100.000000</CUSLK>
      <AK>2</AK>
      <CUSAK>2.000000</CUSAK>
      <Mass>1.000000</Mass>
      <LDMP>0.500000</LDMP>
      <ADMP>0.500000</ADMP>
      <BTG>-0.090000</BTG>
      <DMPANIML>0.000000</DMPANIML>
      <DMPANIMA>0.000000</DMPANIMA>
      <GROUP>2</GROUP>
      <MYSELF>1</MYSELF>
      <COLIIDNUM>0</COLIIDNUM>
      <RESTITUTION>0.500000</RESTITUTION>
      <FRICTION>0.500000</FRICTION>
      <FORBIDROT>0</FORBIDROT>
    </RigidElem>
  </Bone>
  <Bone>
    <Name>J_Bip_C_Neck_Joint</Name>
    <BTKIN>0</BTKIN>
    <RigidElem>
      <ChildName>J_Bip_C_Head_Joint</ChildName>
      <ColType>1</ColType>
      <SkipFlag>0</SkipFlag>
      <ShpRate>0.600000</ShpRate>
      <BoxzRate>0.600000</BoxzRate>
      <LK>2</LK>
      <CUSLK>100.000000</CUSLK>
      <AK>2</AK>
      <CUSAK>2.000000</CUSAK>
      <Mass>1.000000</Mass>
      <LDMP>0.500000</LDMP>
      <ADMP>0.500000</ADMP>
      <BTG>-0.090000</BTG>
      <DMPANIML>0.000000</DMPANIML>
      <DMPANIMA>0.000000</DMPANIMA>
      <GROUP>2</GROUP>
      <MYSELF>1</MYSELF>
      <COLIIDNUM>0</COLIIDNUM>
      <RESTITUTION>0.500000</RESTITUTION>
      <FRICTION>0.500000</FRICTION>
      <FORBIDROT>0</FORBIDROT>
    </RigidElem>
  </Bone>
  <Bone>
    <Name>J_Bip_C_Head_Joint</Name>
    <BTKIN>0</BTKIN>
    <RigidElem>
      <ChildName>J_Adj_L_FaceEye_Joint</ChildName>
      <ColType>1</ColType>
      <SkipFlag>0</SkipFlag>
      <ShpRate>0.600000</ShpRate>
      <BoxzRate>0.600000</BoxzRate>
      <LK>2</LK>
      <CUSLK>100.000000</CUSLK>
      <AK>2</AK>
      <CUSAK>2.000000</CUSAK>
      <Mass>1.000000</Mass>
      <LDMP>0.500000</LDMP>
      <ADMP>0.500000</ADMP>
      <BTG>-0.090000</BTG>
      <DMPANIML>0.000000</DMPANIML>
      <DMPANIMA>0.000000</DMPANIMA>
      <GROUP>2</GROUP>
      <MYSELF>1</MYSELF>
      <COLIIDNUM>0</COLIIDNUM>
      <RESTITUTION>0.500000</RESTITUTION>
      <FRICTION>0.500000</FRICTION>
      <FORBIDROT>0</FORBIDROT>
    </RigidElem>
    <RigidElem>
      <ChildName>J_Adj_R_FaceEye_Joint</ChildName>
      <ColType>1</ColType>
      <SkipFlag>0</SkipFlag>
      <ShpRate>0.600000</ShpRate>
      <BoxzRate>0.600000</BoxzRate>
      <LK>2</LK>
      <CUSLK>100.000000</CUSLK>
      <AK>2</AK>
      <CUSAK>0.500000</CUSAK>
      <Mass>1.000000</Mass>
      <LDMP>0.500000</LDMP>
      <ADMP>0.500000</ADMP>
      <BTG>-0.090000</BTG>
      <DMPANIML>0.000000</DMPANIML>
      <DMPANIMA>0.000000</DMPANIMA>
      <GROUP>2</GROUP>
      <MYSELF>1</MYSELF>
      <COLIIDNUM>0</COLIIDNUM>
      <RESTITUTION>0.500000</RESTITUTION>
      <FRICTION>0.500000</FRICTION>
      <FORBIDROT>0</FORBIDROT>
    </RigidElem>
    <RigidElem>
      <ChildName>J_Sec_Hair1_01_Joint</ChildName>
      <ColType>1</ColType>
      <SkipFlag>0</SkipFlag>
      <ShpRate>0.600000</ShpRate>
      <BoxzRate>0.600000</BoxzRate>
      <LK>2</LK>
      <CUSLK>100.000000</CUSLK>
      <AK>2</AK>
      <CUSAK>0.500000</CUSAK>
      <Mass>1.000000</Mass>
      <LDMP>0.500000</LDMP>
      <ADMP>0.500000</ADMP>
      <BTG>-0.090000</BTG>
      <DMPANIML>0.000000</DMPANIML>
      <DMPANIMA>0.000000</DMPANIMA>
      <GROUP>2</GROUP>
      <MYSELF>1</MYSELF>
      <COLIIDNUM>0</COLIIDNUM>
      <RESTITUTION>0.500000</RESTITUTION>
      <FRICTION>0.500000</FRICTION>
      <FORBIDROT>0</FORBIDROT>
    </RigidElem>
    <RigidElem>
      <ChildName>J_Sec_Hair1_02_Joint</ChildName>
      <ColType>1</ColType>
      <SkipFlag>0</SkipFlag>
      <ShpRate>0.600000</ShpRate>
      <BoxzRate>0.600000</BoxzRate>
      <LK>2</LK>
      <CUSLK>100.000000</CUSLK>
      <AK>2</AK>
      <CUSAK>0.500000</CUSAK>
      <Mass>1.000000</Mass>
      <LDMP>0.500000</LDMP>
      <ADMP>0.500000</ADMP>
      <BTG>-0.090000</BTG>
      <DMPANIML>0.000000</DMPANIML>
      <DMPANIMA>0.000000</DMPANIMA>
      <GROUP>2</GROUP>
      <MYSELF>1</MYSELF>
      <COLIIDNUM>0</COLIIDNUM>
      <RESTITUTION>0.500000</RESTITUTION>
      <FRICTION>0.500000</FRICTION>
      <FORBIDROT>0</FORBIDROT>
    </RigidElem>
    <RigidElem>
      <ChildName>J_Sec_Hair1_03_Joint</ChildName>
      <ColType>1</ColType>
      <SkipFlag>0</SkipFlag>
      <ShpRate>0.600000</ShpRate>
      <BoxzRate>0.600000</BoxzRate>
      <LK>2</LK>
      <CUSLK>100.000000</CUSLK>
      <AK>2</AK>
      <CUSAK>0.500000</CUSAK>
      <Mass>1.000000</Mass>
      <LDMP>0.500000</LDMP>
      <ADMP>0.500000</ADMP>
      <BTG>-0.090000</BTG>
      <DMPANIML>0.000000</DMPANIML>
      <DMPANIMA>0.000000</DMPANIMA>
      <GROUP>2</GROUP>
      <MYSELF>1</MYSELF>
      <COLIIDNUM>0</COLIIDNUM>
      <RESTITUTION>0.500000</RESTITUTION>
      <FRICTION>0.500000</FRICTION>
      <FORBIDROT>0</FORBIDROT>
    </RigidElem>
    <RigidElem>
      <ChildName>J_Sec_Hair1_04_Joint</ChildName>
      <ColType>1</ColType>
      <SkipFlag>0</SkipFlag>
      <ShpRate>0.600000</ShpRate>
      <BoxzRate>0.600000</BoxzRate>
      <LK>2</LK>
      <CUSLK>100.000000</CUSLK>
      <AK>2</AK>
      <CUSAK>0.500000</CUSAK>
      <Mass>1.000000</Mass>
      <LDMP>0.500000</LDMP>
      <ADMP>0.500000</ADMP>
      <BTG>-0.090000</BTG>
      <DMPANIML>0.000000</DMPANIML>
      <DMPANIMA>0.000000</DMPANIMA>
      <GROUP>2</GROUP>
      <MYSELF>1</MYSELF>
      <COLIIDNUM>0</COLIIDNUM>
      <RESTITUTION>0.500000</RESTITUTION>
      <FRICTION>0.500000</FRICTION>
      <FORBIDROT>0</FORBIDROT>
    </RigidElem>
    <RigidElem>
      <ChildName>J_Sec_Hair1_05_Joint</ChildName>
      <ColType>1</ColType>
      <SkipFlag>0</SkipFlag>
      <ShpRate>0.600000</ShpRate>
      <BoxzRate>0.600000</BoxzRate>
      <LK>2</LK>
      <CUSLK>100.000000</CUSLK>
      <AK>2</AK>
      <CUSAK>0.500000</CUSAK>
      <Mass>1.000000</Mass>
      <LDMP>0.500000</LDMP>
      <ADMP>0.500000</ADMP>
      <BTG>-0.090000</BTG>
      <DMPANIML>0.000000</DMPANIML>
      <DMPANIMA>0.000000</DMPANIMA>
      <GROUP>2</GROUP>
      <MYSELF>1</MYSELF>
      <COLIIDNUM>0</COLIIDNUM>
      <RESTITUTION>0.500000</RESTITUTION>
      <FRICTION>0.500000</FRICTION>
      <FORBIDROT>0</FORBIDROT>
    </RigidElem>
    <RigidElem>
      <ChildName>J_Sec_Hair1_06_Joint</ChildName>
      <ColType>1</ColType>
      <SkipFlag>0</SkipFlag>
      <ShpRate>0.600000</ShpRate>
      <BoxzRate>0.600000</BoxzRate>
      <LK>2</LK>
      <CUSLK>100.000000</CUSLK>
      <AK>2</AK>
      <CUSAK>0.500000</CUSAK>
      <Mass>1.000000</Mass>
      <LDMP>0.500000</LDMP>
      <ADMP>0.500000</ADMP>
      <BTG>-0.090000</BTG>
      <DMPANIML>0.000000</DMPANIML>
      <DMPANIMA>0.000000</DMPANIMA>
      <GROUP>2</GROUP>
      <MYSELF>1</MYSELF>
      <COLIIDNUM>0</COLIIDNUM>
      <RESTITUTION>0.500000</RESTITUTION>
      <FRICTION>0.500000</FRICTION>
      <FORBIDROT>0</FORBIDROT>
    </RigidElem>
    <RigidElem>
      <ChildName>J_Sec_Hair1_07_Joint</ChildName>
      <ColType>1</ColType>
      <SkipFlag>0</SkipFlag>
      <ShpRate>0.600000</ShpRate>
      <BoxzRate>0.600000</BoxzRate>
      <LK>2</LK>
      <CUSLK>100.000000</CUSLK>
      <AK>2</AK>
      <CUSAK>0.500000</CUSAK>
      <Mass>1.000000</Mass>
      <LDMP>0.500000</LDMP>
      <ADMP>0.500000</ADMP>
      <BTG>-0.090000</BTG>
      <DMPANIML>0.000000</DMPANIML>
      <DMPANIMA>0.000000</DMPANIMA>
      <GROUP>2</GROUP>
      <MYSELF>1</MYSELF>
      <COLIIDNUM>0</COLIIDNUM>
      <RESTITUTION>0.500000</RESTITUTION>
      <FRICTION>0.500000</FRICTION>
      <FORBIDROT>0</FORBIDROT>
    </RigidElem>
    <RigidElem>
      <ChildName>J_Sec_Hair1_08_Joint</ChildName>
      <ColType>1</ColType>
      <SkipFlag>0</SkipFlag>
      <ShpRate>0.600000</ShpRate>
      <BoxzRate>0.600000</BoxzRate>
      <LK>2</LK>
      <CUSLK>100.000000</CUSLK>
      <AK>2</AK>
      <CUSAK>0.500000</CUSAK>
      <Mass>1.000000</Mass>
      <LDMP>0.500000</LDMP>
      <ADMP>0.500000</ADMP>
      <BTG>-0.090000</BTG>
      <DMPANIML>0.000000</DMPANIML>
      <DMPANIMA>0.000000</DMPANIMA>
      <GROUP>2</GROUP>
      <MYSELF>1</MYSELF>
      <COLIIDNUM>0</COLIIDNUM>
      <RESTITUTION>0.500000</RESTITUTION>
      <FRICTION>0.500000</FRICTION>
      <FORBIDROT>0</FORBIDROT>
    </RigidElem>
    <RigidElem>
      <ChildName>J_Sec_Hair1_09_Joint</ChildName>
      <ColType>1</ColType>
      <SkipFlag>0</SkipFlag>
      <ShpRate>0.600000</ShpRate>
      <BoxzRate>0.600000</BoxzRate>
      <LK>2</LK>
      <CUSLK>100.000000</CUSLK>
      <AK>2</AK>
      <CUSAK>0.500000</CUSAK>
      <Mass>1.000000</Mass>
      <LDMP>0.500000</LDMP>
      <ADMP>0.500000</ADMP>
      <BTG>-0.090000</BTG>
      <DMPANIML>0.000000</DMPANIML>
      <DMPANIMA>0.000000</DMPANIMA>
      <GROUP>2</GROUP>
      <MYSELF>1</MYSELF>
      <COLIIDNUM>0</COLIIDNUM>
      <RESTITUTION>0.500000</RESTITUTION>
      <FRICTION>0.500000</FRICTION>
      <FORBIDROT>0</FORBIDROT>
    </RigidElem>
    <RigidElem>
      <ChildName>J_Sec_Hair1_10_Joint</ChildName>
      <ColType>1</ColType>
      <SkipFlag>0</SkipFlag>
      <ShpRate>0.600000</ShpRate>
      <BoxzRate>0.600000</BoxzRate>
      <LK>2</LK>
      <CUSLK>100.000000</CUSLK>
      <AK>2</AK>
      <CUSAK>0.500000</CUSAK>
      <Mass>1.000000</Mass>
      <LDMP>0.500000</LDMP>
      <ADMP>0.500000</ADMP>
      <BTG>-0.090000</BTG>
      <DMPANIML>0.000000</DMPANIML>
      <DMPANIMA>0.000000</DMPANIMA>
      <GROUP>2</GROUP>
      <MYSELF>1</MYSELF>
      <COLIIDNUM>0</COLIIDNUM>
      <RESTITUTION>0.500000</RESTITUTION>
      <FRICTION>0.500000</FRICTION>
      <FORBIDROT>0</FORBIDROT>
    </RigidElem>
    <RigidElem>
      <ChildName>J_Sec_Hair1_11_Joint</ChildName>
      <ColType>1</ColType>
      <SkipFlag>0</SkipFlag>
      <ShpRate>0.600000</ShpRate>
      <BoxzRate>0.600000</BoxzRate>
      <LK>2</LK>
      <CUSLK>100.000000</CUSLK>
      <AK>2</AK>
      <CUSAK>0.500000</CUSAK>
      <Mass>1.000000</Mass>
      <LDMP>0.500000</LDMP>
      <ADMP>0.500000</ADMP>
      <BTG>-0.090000</BTG>
      <DMPANIML>0.000000</DMPANIML>
      <DMPANIMA>0.000000</DMPANIMA>
      <GROUP>2</GROUP>
      <MYSELF>1</MYSELF>
      <COLIIDNUM>0</COLIIDNUM>
      <RESTITUTION>0.500000</RESTITUTION>
      <FRICTION>0.500000</FRICTION>
      <FORBIDROT>0</FORBIDROT>
    </RigidElem>
  </Bone>
  <Bone>
    <Name>J_Sec_Hair1_01_Joint</Name>
    <BTKIN>1</BTKIN>
    <RigidElem>
      <ChildName>J_Sec_Hair2_01_Joint</ChildName>
      <ColType>1</ColType>
      <SkipFlag>0</SkipFlag>
      <ShpRate>0.600000</ShpRate>
      <BoxzRate>0.600000</BoxzRate>
      <LK>2</LK>
      <CUSLK>100.000000</CUSLK>
      <AK>2</AK>
      <CUSAK>2.000000</CUSAK>
      <Mass>1.000000</Mass>
      <LDMP>0.500000</LDMP>
      <ADMP>0.500000</ADMP>
      <BTG>-0.090000</BTG>
      <DMPANIML>0.000000</DMPANIML>
      <DMPANIMA>0.000000</DMPANIMA>
      <GROUP>2</GROUP>
      <MYSELF>1</MYSELF>
      <COLIIDNUM>0</COLIIDNUM>
      <RESTITUTION>0.500000</RESTITUTION>
      <FRICTION>0.500000</FRICTION>
      <FORBIDROT>0</FORBIDROT>
    </RigidElem>
  </Bone>
  <Bone>
    <Name>J_Sec_Hair2_01_Joint</Name>
    <BTKIN>1</BTKIN>
    <RigidElem>
      <ChildName>J_Sec_Hair3_01_Joint</ChildName>
      <ColType>1</ColType>
      <SkipFlag>0</SkipFlag>
      <ShpRate>0.600000</ShpRate>
      <BoxzRate>0.600000</BoxzRate>
      <LK>2</LK>
      <CUSLK>100.000000</CUSLK>
      <AK>2</AK>
      <CUSAK>0.500000</CUSAK>
      <Mass>1.000000</Mass>
      <LDMP>0.500000</LDMP>
      <ADMP>0.500000</ADMP>
      <BTG>-0.090000</BTG>
      <DMPANIML>0.000000</DMPANIML>
      <DMPANIMA>0.000000</DMPANIMA>
      <GROUP>2</GROUP>
      <MYSELF>1</MYSELF>
      <COLIIDNUM>0</COLIIDNUM>
      <RESTITUTION>0.500000</RESTITUTION>
      <FRICTION>0.500000</FRICTION>
      <FORBIDROT>0</FORBIDROT>
    </RigidElem>
  </Bone>
  <Bone>
    <Name>J_Sec_Hair1_02_Joint</Name>
    <BTKIN>1</BTKIN>
    <RigidElem>
      <ChildName>J_Sec_Hair2_02_Joint</ChildName>
      <ColType>1</ColType>
      <SkipFlag>0</SkipFlag>
      <ShpRate>0.600000</ShpRate>
      <BoxzRate>0.600000</BoxzRate>
      <LK>2</LK>
      <CUSLK>100.000000</CUSLK>
      <AK>2</AK>
      <CUSAK>0.500000</CUSAK>
      <Mass>1.000000</Mass>
      <LDMP>0.500000</LDMP>
      <ADMP>0.500000</ADMP>
      <BTG>-0.090000</BTG>
      <DMPANIML>0.000000</DMPANIML>
      <DMPANIMA>0.000000</DMPANIMA>
      <GROUP>2</GROUP>
      <MYSELF>1</MYSELF>
      <COLIIDNUM>0</COLIIDNUM>
      <RESTITUTION>0.500000</RESTITUTION>
      <FRICTION>0.500000</FRICTION>
      <FORBIDROT>0</FORBIDROT>
    </RigidElem>
  </Bone>
  <Bone>
    <Name>J_Sec_Hair2_02_Joint</Name>
    <BTKIN>1</BTKIN>
    <RigidElem>
      <ChildName>J_Sec_Hair3_02_Joint</ChildName>
      <ColType>1</ColType>
      <SkipFlag>0</SkipFlag>
      <ShpRate>0.600000</ShpRate>
      <BoxzRate>0.600000</BoxzRate>
      <LK>2</LK>
      <CUSLK>100.000000</CUSLK>
      <AK>2</AK>
      <CUSAK>0.500000</CUSAK>
      <Mass>1.000000</Mass>
      <LDMP>0.500000</LDMP>
      <ADMP>0.500000</ADMP>
      <BTG>-0.090000</BTG>
      <DMPANIML>0.000000</DMPANIML>
      <DMPANIMA>0.000000</DMPANIMA>
      <GROUP>2</GROUP>
      <MYSELF>1</MYSELF>
      <COLIIDNUM>0</COLIIDNUM>
      <RESTITUTION>0.500000</RESTITUTION>
      <FRICTION>0.500000</FRICTION>
      <FORBIDROT>0</FORBIDROT>
    </RigidElem>
  </Bone>
  <Bone>
    <Name>J_Sec_Hair1_03_Joint</Name>
    <BTKIN>1</BTKIN>
    <RigidElem>
      <ChildName>J_Sec_Hair2_03_Joint</ChildName>
      <ColType>1</ColType>
      <SkipFlag>0</SkipFlag>
      <ShpRate>0.600000</ShpRate>
      <BoxzRate>0.600000</BoxzRate>
      <LK>2</LK>
      <CUSLK>100.000000</CUSLK>
      <AK>2</AK>
      <CUSAK>0.500000</CUSAK>
      <Mass>1.000000</Mass>
      <LDMP>0.500000</LDMP>
      <ADMP>0.500000</ADMP>
      <BTG>-0.090000</BTG>
      <DMPANIML>0.000000</DMPANIML>
      <DMPANIMA>0.000000</DMPANIMA>
      <GROUP>2</GROUP>
      <MYSELF>1</MYSELF>
      <COLIIDNUM>0</COLIIDNUM>
      <RESTITUTION>0.500000</RESTITUTION>
      <FRICTION>0.500000</FRICTION>
      <FORBIDROT>0</FORBIDROT>
    </RigidElem>
  </Bone>
  <Bone>
    <Name>J_Sec_Hair2_03_Joint</Name>
    <BTKIN>1</BTKIN>
    <RigidElem>
      <ChildName>J_Sec_Hair3_03_Joint</ChildName>
      <ColType>1</ColType>
      <SkipFlag>0</SkipFlag>
      <ShpRate>0.600000</ShpRate>
      <BoxzRate>0.600000</BoxzRate>
      <LK>2</LK>
      <CUSLK>100.000000</CUSLK>
      <AK>2</AK>
      <CUSAK>0.500000</CUSAK>
      <Mass>1.000000</Mass>
      <LDMP>0.500000</LDMP>
      <ADMP>0.500000</ADMP>
      <BTG>-0.090000</BTG>
      <DMPANIML>0.000000</DMPANIML>
      <DMPANIMA>0.000000</DMPANIMA>
      <GROUP>2</GROUP>
      <MYSELF>1</MYSELF>
      <COLIIDNUM>0</COLIIDNUM>
      <RESTITUTION>0.500000</RESTITUTION>
      <FRICTION>0.500000</FRICTION>
      <FORBIDROT>0</FORBIDROT>
    </RigidElem>
  </Bone>
  <Bone>
    <Name>J_Sec_Hair1_04_Joint</Name>
    <BTKIN>1</BTKIN>
    <RigidElem>
      <ChildName>J_Sec_Hair2_04_Joint</ChildName>
      <ColType>1</ColType>
      <SkipFlag>0</SkipFlag>
      <ShpRate>0.600000</ShpRate>
      <BoxzRate>0.600000</BoxzRate>
      <LK>2</LK>
      <CUSLK>100.000000</CUSLK>
      <AK>2</AK>
      <CUSAK>0.500000</CUSAK>
      <Mass>1.000000</Mass>
      <LDMP>0.500000</LDMP>
      <ADMP>0.500000</ADMP>
      <BTG>-0.090000</BTG>
      <DMPANIML>0.000000</DMPANIML>
      <DMPANIMA>0.000000</DMPANIMA>
      <GROUP>2</GROUP>
      <MYSELF>1</MYSELF>
      <COLIIDNUM>0</COLIIDNUM>
      <RESTITUTION>0.500000</RESTITUTION>
      <FRICTION>0.500000</FRICTION>
      <FORBIDROT>0</FORBIDROT>
    </RigidElem>
  </Bone>
  <Bone>
    <Name>J_Sec_Hair2_04_Joint</Name>
    <BTKIN>1</BTKIN>
    <RigidElem>
      <ChildName>J_Sec_Hair3_04_Joint</ChildName>
      <ColType>1</ColType>
      <SkipFlag>0</SkipFlag>
      <ShpRate>0.600000</ShpRate>
      <BoxzRate>0.600000</BoxzRate>
      <LK>2</LK>
      <CUSLK>100.000000</CUSLK>
      <AK>2</AK>
      <CUSAK>0.500000</CUSAK>
      <Mass>1.000000</Mass>
      <LDMP>0.500000</LDMP>
      <ADMP>0.500000</ADMP>
      <BTG>-0.090000</BTG>
      <DMPANIML>0.000000</DMPANIML>
      <DMPANIMA>0.000000</DMPANIMA>
      <GROUP>2</GROUP>
      <MYSELF>1</MYSELF>
      <COLIIDNUM>0</COLIIDNUM>
      <RESTITUTION>0.500000</RESTITUTION>
      <FRICTION>0.500000</FRICTION>
      <FORBIDROT>0</FORBIDROT>
    </RigidElem>
  </Bone>
  <Bone>
    <Name>J_Sec_Hair1_05_Joint</Name>
    <BTKIN>1</BTKIN>
    <RigidElem>
      <ChildName>J_Sec_Hair2_05_Joint</ChildName>
      <ColType>1</ColType>
      <SkipFlag>0</SkipFlag>
      <ShpRate>0.600000</ShpRate>
      <BoxzRate>0.600000</BoxzRate>
      <LK>2</LK>
      <CUSLK>100.000000</CUSLK>
      <AK>2</AK>
      <CUSAK>0.500000</CUSAK>
      <Mass>1.000000</Mass>
      <LDMP>0.500000</LDMP>
      <ADMP>0.500000</ADMP>
      <BTG>-0.090000</BTG>
      <DMPANIML>0.000000</DMPANIML>
      <DMPANIMA>0.000000</DMPANIMA>
      <GROUP>2</GROUP>
      <MYSELF>1</MYSELF>
      <COLIIDNUM>0</COLIIDNUM>
      <RESTITUTION>0.500000</RESTITUTION>
      <FRICTION>0.500000</FRICTION>
      <FORBIDROT>0</FORBIDROT>
    </RigidElem>
  </Bone>
  <Bone>
    <Name>J_Sec_Hair2_05_Joint</Name>
    <BTKIN>1</BTKIN>
    <RigidElem>
      <ChildName>J_Sec_Hair3_05_Joint</ChildName>
      <ColType>1</ColType>
      <SkipFlag>0</SkipFlag>
      <ShpRate>0.600000</ShpRate>
      <BoxzRate>0.600000</BoxzRate>
      <LK>2</LK>
      <CUSLK>100.000000</CUSLK>
      <AK>2</AK>
      <CUSAK>0.500000</CUSAK>
      <Mass>1.000000</Mass>
      <LDMP>0.500000</LDMP>
      <ADMP>0.500000</ADMP>
      <BTG>-0.090000</BTG>
      <DMPANIML>0.000000</DMPANIML>
      <DMPANIMA>0.000000</DMPANIMA>
      <GROUP>2</GROUP>
      <MYSELF>1</MYSELF>
      <COLIIDNUM>0</COLIIDNUM>
      <RESTITUTION>0.500000</RESTITUTION>
      <FRICTION>0.500000</FRICTION>
      <FORBIDROT>0</FORBIDROT>
    </RigidElem>
  </Bone>
  <Bone>
    <Name>J_Sec_Hair1_06_Joint</Name>
    <BTKIN>1</BTKIN>
    <RigidElem>
      <ChildName>J_Sec_Hair2_06_Joint</ChildName>
      <ColType>1</ColType>
      <SkipFlag>0</SkipFlag>
      <ShpRate>0.600000</ShpRate>
      <BoxzRate>0.600000</BoxzRate>
      <LK>2</LK>
      <CUSLK>100.000000</CUSLK>
      <AK>2</AK>
      <CUSAK>0.500000</CUSAK>
      <Mass>1.000000</Mass>
      <LDMP>0.500000</LDMP>
      <ADMP>0.500000</ADMP>
      <BTG>-0.090000</BTG>
      <DMPANIML>0.000000</DMPANIML>
      <DMPANIMA>0.000000</DMPANIMA>
      <GROUP>2</GROUP>
      <MYSELF>1</MYSELF>
      <COLIIDNUM>0</COLIIDNUM>
      <RESTITUTION>0.500000</RESTITUTION>
      <FRICTION>0.500000</FRICTION>
      <FORBIDROT>0</FORBIDROT>
    </RigidElem>
  </Bone>
  <Bone>
    <Name>J_Sec_Hair2_06_Joint</Name>
    <BTKIN>1</BTKIN>
    <RigidElem>
      <ChildName>J_Sec_Hair3_06_Joint</ChildName>
      <ColType>1</ColType>
      <SkipFlag>0</SkipFlag>
      <ShpRate>0.600000</ShpRate>
      <BoxzRate>0.600000</BoxzRate>
      <LK>2</LK>
      <CUSLK>100.000000</CUSLK>
      <AK>2</AK>
      <CUSAK>0.500000</CUSAK>
      <Mass>1.000000</Mass>
      <LDMP>0.500000</LDMP>
      <ADMP>0.500000</ADMP>
      <BTG>-0.090000</BTG>
      <DMPANIML>0.000000</DMPANIML>
      <DMPANIMA>0.000000</DMPANIMA>
      <GROUP>2</GROUP>
      <MYSELF>1</MYSELF>
      <COLIIDNUM>0</COLIIDNUM>
      <RESTITUTION>0.500000</RESTITUTION>
      <FRICTION>0.500000</FRICTION>
      <FORBIDROT>0</FORBIDROT>
    </RigidElem>
  </Bone>
  <Bone>
    <Name>J_Sec_Hair1_07_Joint</Name>
    <BTKIN>1</BTKIN>
    <RigidElem>
      <ChildName>J_Sec_Hair2_07_Joint</ChildName>
      <ColType>1</ColType>
      <SkipFlag>0</SkipFlag>
      <ShpRate>0.600000</ShpRate>
      <BoxzRate>0.600000</BoxzRate>
      <LK>2</LK>
      <CUSLK>100.000000</CUSLK>
      <AK>2</AK>
      <CUSAK>0.500000</CUSAK>
      <Mass>1.000000</Mass>
      <LDMP>0.500000</LDMP>
      <ADMP>0.500000</ADMP>
      <BTG>-0.090000</BTG>
      <DMPANIML>0.000000</DMPANIML>
      <DMPANIMA>0.000000</DMPANIMA>
      <GROUP>2</GROUP>
      <MYSELF>1</MYSELF>
      <COLIIDNUM>0</COLIIDNUM>
      <RESTITUTION>0.500000</RESTITUTION>
      <FRICTION>0.500000</FRICTION>
      <FORBIDROT>0</FORBIDROT>
    </RigidElem>
  </Bone>
  <Bone>
    <Name>J_Sec_Hair2_07_Joint</Name>
    <BTKIN>1</BTKIN>
    <RigidElem>
      <ChildName>J_Sec_Hair3_07_Joint</ChildName>
      <ColType>1</ColType>
      <SkipFlag>0</SkipFlag>
      <ShpRate>0.600000</ShpRate>
      <BoxzRate>0.600000</BoxzRate>
      <LK>2</LK>
      <CUSLK>100.000000</CUSLK>
      <AK>2</AK>
      <CUSAK>0.500000</CUSAK>
      <Mass>1.000000</Mass>
      <LDMP>0.500000</LDMP>
      <ADMP>0.500000</ADMP>
      <BTG>-0.090000</BTG>
      <DMPANIML>0.000000</DMPANIML>
      <DMPANIMA>0.000000</DMPANIMA>
      <GROUP>2</GROUP>
      <MYSELF>1</MYSELF>
      <COLIIDNUM>0</COLIIDNUM>
      <RESTITUTION>0.500000</RESTITUTION>
      <FRICTION>0.500000</FRICTION>
      <FORBIDROT>0</FORBIDROT>
    </RigidElem>
  </Bone>
  <Bone>
    <Name>J_Sec_Hair1_08_Joint</Name>
    <BTKIN>1</BTKIN>
    <RigidElem>
      <ChildName>J_Sec_Hair2_08_Joint</ChildName>
      <ColType>1</ColType>
      <SkipFlag>0</SkipFlag>
      <ShpRate>0.600000</ShpRate>
      <BoxzRate>0.600000</BoxzRate>
      <LK>2</LK>
      <CUSLK>100.000000</CUSLK>
      <AK>2</AK>
      <CUSAK>0.500000</CUSAK>
      <Mass>1.000000</Mass>
      <LDMP>0.500000</LDMP>
      <ADMP>0.500000</ADMP>
      <BTG>-0.090000</BTG>
      <DMPANIML>0.000000</DMPANIML>
      <DMPANIMA>0.000000</DMPANIMA>
      <GROUP>2</GROUP>
      <MYSELF>1</MYSELF>
      <COLIIDNUM>0</COLIIDNUM>
      <RESTITUTION>0.500000</RESTITUTION>
      <FRICTION>0.500000</FRICTION>
      <FORBIDROT>0</FORBIDROT>
    </RigidElem>
  </Bone>
  <Bone>
    <Name>J_Sec_Hair2_08_Joint</Name>
    <BTKIN>1</BTKIN>
    <RigidElem>
      <ChildName>J_Sec_Hair3_08_Joint</ChildName>
      <ColType>1</ColType>
      <SkipFlag>0</SkipFlag>
      <ShpRate>0.600000</ShpRate>
      <BoxzRate>0.600000</BoxzRate>
      <LK>2</LK>
      <CUSLK>100.000000</CUSLK>
      <AK>2</AK>
      <CUSAK>0.500000</CUSAK>
      <Mass>1.000000</Mass>
      <LDMP>0.500000</LDMP>
      <ADMP>0.500000</ADMP>
      <BTG>-0.090000</BTG>
      <DMPANIML>0.000000</DMPANIML>
      <DMPANIMA>0.000000</DMPANIMA>
      <GROUP>2</GROUP>
      <MYSELF>1</MYSELF>
      <COLIIDNUM>0</COLIIDNUM>
      <RESTITUTION>0.500000</RESTITUTION>
      <FRICTION>0.500000</FRICTION>
      <FORBIDROT>0</FORBIDROT>
    </RigidElem>
  </Bone>
  <Bone>
    <Name>J_Sec_Hair1_09_Joint</Name>
    <BTKIN>1</BTKIN>
    <RigidElem>
      <ChildName>J_Sec_Hair2_09_Joint</ChildName>
      <ColType>1</ColType>
      <SkipFlag>0</SkipFlag>
      <ShpRate>0.600000</ShpRate>
      <BoxzRate>0.600000</BoxzRate>
      <LK>2</LK>
      <CUSLK>100.000000</CUSLK>
      <AK>2</AK>
      <CUSAK>0.500000</CUSAK>
      <Mass>1.000000</Mass>
      <LDMP>0.500000</LDMP>
      <ADMP>0.500000</ADMP>
      <BTG>-0.090000</BTG>
      <DMPANIML>0.000000</DMPANIML>
      <DMPANIMA>0.000000</DMPANIMA>
      <GROUP>2</GROUP>
      <MYSELF>1</MYSELF>
      <COLIIDNUM>0</COLIIDNUM>
      <RESTITUTION>0.500000</RESTITUTION>
      <FRICTION>0.500000</FRICTION>
      <FORBIDROT>0</FORBIDROT>
    </RigidElem>
  </Bone>
  <Bone>
    <Name>J_Sec_Hair2_09_Joint</Name>
    <BTKIN>1</BTKIN>
    <RigidElem>
      <ChildName>J_Sec_Hair3_09_Joint</ChildName>
      <ColType>1</ColType>
      <SkipFlag>0</SkipFlag>
      <ShpRate>0.600000</ShpRate>
      <BoxzRate>0.600000</BoxzRate>
      <LK>2</LK>
      <CUSLK>100.000000</CUSLK>
      <AK>2</AK>
      <CUSAK>0.500000</CUSAK>
      <Mass>1.000000</Mass>
      <LDMP>0.500000</LDMP>
      <ADMP>0.500000</ADMP>
      <BTG>-0.090000</BTG>
      <DMPANIML>0.000000</DMPANIML>
      <DMPANIMA>0.000000</DMPANIMA>
      <GROUP>2</GROUP>
      <MYSELF>1</MYSELF>
      <COLIIDNUM>0</COLIIDNUM>
      <RESTITUTION>0.500000</RESTITUTION>
      <FRICTION>0.500000</FRICTION>
      <FORBIDROT>0</FORBIDROT>
    </RigidElem>
  </Bone>
  <Bone>
    <Name>J_Sec_Hair1_10_Joint</Name>
    <BTKIN>1</BTKIN>
    <RigidElem>
      <ChildName>J_Sec_Hair2_10_Joint</ChildName>
      <ColType>1</ColType>
      <SkipFlag>0</SkipFlag>
      <ShpRate>0.600000</ShpRate>
      <BoxzRate>0.600000</BoxzRate>
      <LK>2</LK>
      <CUSLK>100.000000</CUSLK>
      <AK>2</AK>
      <CUSAK>0.500000</CUSAK>
      <Mass>1.000000</Mass>
      <LDMP>0.500000</LDMP>
      <ADMP>0.500000</ADMP>
      <BTG>-0.090000</BTG>
      <DMPANIML>0.000000</DMPANIML>
      <DMPANIMA>0.000000</DMPANIMA>
      <GROUP>2</GROUP>
      <MYSELF>1</MYSELF>
      <COLIIDNUM>0</COLIIDNUM>
      <RESTITUTION>0.500000</RESTITUTION>
      <FRICTION>0.500000</FRICTION>
      <FORBIDROT>0</FORBIDROT>
    </RigidElem>
  </Bone>
  <Bone>
    <Name>J_Sec_Hair2_10_Joint</Name>
    <BTKIN>1</BTKIN>
    <RigidElem>
      <ChildName>J_Sec_Hair3_10_Joint</ChildName>
      <ColType>1</ColType>
      <SkipFlag>0</SkipFlag>
      <ShpRate>0.600000</ShpRate>
      <BoxzRate>0.600000</BoxzRate>
      <LK>2</LK>
      <CUSLK>100.000000</CUSLK>
      <AK>2</AK>
      <CUSAK>0.500000</CUSAK>
      <Mass>1.000000</Mass>
      <LDMP>0.500000</LDMP>
      <ADMP>0.500000</ADMP>
      <BTG>-0.090000</BTG>
      <DMPANIML>0.000000</DMPANIML>
      <DMPANIMA>0.000000</DMPANIMA>
      <GROUP>2</GROUP>
      <MYSELF>1</MYSELF>
      <COLIIDNUM>0</COLIIDNUM>
      <RESTITUTION>0.500000</RESTITUTION>
      <FRICTION>0.500000</FRICTION>
      <FORBIDROT>0</FORBIDROT>
    </RigidElem>
  </Bone>
  <Bone>
    <Name>J_Sec_Hair1_11_Joint</Name>
    <BTKIN>1</BTKIN>
    <RigidElem>
      <ChildName>J_Sec_Hair2_11_Joint</ChildName>
      <ColType>1</ColType>
      <SkipFlag>0</SkipFlag>
      <ShpRate>0.600000</ShpRate>
      <BoxzRate>0.600000</BoxzRate>
      <LK>2</LK>
      <CUSLK>100.000000</CUSLK>
      <AK>2</AK>
      <CUSAK>0.500000</CUSAK>
      <Mass>1.000000</Mass>
      <LDMP>0.500000</LDMP>
      <ADMP>0.500000</ADMP>
      <BTG>-0.090000</BTG>
      <DMPANIML>0.000000</DMPANIML>
      <DMPANIMA>0.000000</DMPANIMA>
      <GROUP>2</GROUP>
      <MYSELF>1</MYSELF>
      <COLIIDNUM>0</COLIIDNUM>
      <RESTITUTION>0.500000</RESTITUTION>
      <FRICTION>0.500000</FRICTION>
      <FORBIDROT>0</FORBIDROT>
    </RigidElem>
  </Bone>
  <Bone>
    <Name>J_Sec_Hair2_11_Joint</Name>
    <BTKIN>1</BTKIN>
    <RigidElem>
      <ChildName>J_Sec_Hair3_11_Joint</ChildName>
      <ColType>1</ColType>
      <SkipFlag>0</SkipFlag>
      <ShpRate>0.600000</ShpRate>
      <BoxzRate>0.600000</BoxzRate>
      <LK>2</LK>
      <CUSLK>100.000000</CUSLK>
      <AK>2</AK>
      <CUSAK>0.500000</CUSAK>
      <Mass>1.000000</Mass>
      <LDMP>0.500000</LDMP>
      <ADMP>0.500000</ADMP>
      <BTG>-0.090000</BTG>
      <DMPANIML>0.000000</DMPANIML>
      <DMPANIMA>0.000000</DMPANIMA>
      <GROUP>2</GROUP>
      <MYSELF>1</MYSELF>
      <COLIIDNUM>0</COLIIDNUM>
      <RESTITUTION>0.500000</RESTITUTION>
      <FRICTION>0.500000</FRICTION>
      <FORBIDROT>0</FORBIDROT>
    </RigidElem>
  </Bone>
  <Bone>
    <Name>J_Sec_Hair3_11_Joint</Name>
    <BTKIN>1</BTKIN>
    <RigidElem>
      <ChildName>J_Sec_Hair4_11_Joint</ChildName>
      <ColType>1</ColType>
      <SkipFlag>0</SkipFlag>
      <ShpRate>0.600000</ShpRate>
      <BoxzRate>0.600000</BoxzRate>
      <LK>2</LK>
      <CUSLK>100.000000</CUSLK>
      <AK>2</AK>
      <CUSAK>0.500000</CUSAK>
      <Mass>1.000000</Mass>
      <LDMP>0.500000</LDMP>
      <ADMP>0.500000</ADMP>
      <BTG>-0.090000</BTG>
      <DMPANIML>0.000000</DMPANIML>
      <DMPANIMA>0.000000</DMPANIMA>
      <GROUP>2</GROUP>
      <MYSELF>1</MYSELF>
      <COLIIDNUM>0</COLIIDNUM>
      <RESTITUTION>0.500000</RESTITUTION>
      <FRICTION>0.500000</FRICTION>
      <FORBIDROT>0</FORBIDROT>
    </RigidElem>
  </Bone>
  <Bone>
    <Name>J_Sec_Hair4_11_Joint</Name>
    <BTKIN>1</BTKIN>
    <RigidElem>
      <ChildName>J_Sec_Hair5_11_Joint</ChildName>
      <ColType>1</ColType>
      <SkipFlag>0</SkipFlag>
      <ShpRate>0.600000</ShpRate>
      <BoxzRate>0.600000</BoxzRate>
      <LK>2</LK>
      <CUSLK>100.000000</CUSLK>
      <AK>2</AK>
      <CUSAK>0.500000</CUSAK>
      <Mass>1.000000</Mass>
      <LDMP>0.500000</LDMP>
      <ADMP>0.500000</ADMP>
      <BTG>-0.090000</BTG>
      <DMPANIML>0.000000</DMPANIML>
      <DMPANIMA>0.000000</DMPANIMA>
      <GROUP>2</GROUP>
      <MYSELF>1</MYSELF>
      <COLIIDNUM>0</COLIIDNUM>
      <RESTITUTION>0.500000</RESTITUTION>
      <FRICTION>0.500000</FRICTION>
      <FORBIDROT>0</FORBIDROT>
    </RigidElem>
  </Bone>
  <Bone>
    <Name>J_Bip_L_Shoulder_Joint</Name>
    <BTKIN>0</BTKIN>
    <RigidElem>
      <ChildName>J_Bip_L_UpperArm_Joint</ChildName>
      <ColType>1</ColType>
      <SkipFlag>0</SkipFlag>
      <ShpRate>0.600000</ShpRate>
      <BoxzRate>0.600000</BoxzRate>
      <LK>2</LK>
      <CUSLK>100.000000</CUSLK>
      <AK>2</AK>
      <CUSAK>0.500000</CUSAK>
      <Mass>1.000000</Mass>
      <LDMP>0.500000</LDMP>
      <ADMP>0.500000</ADMP>
      <BTG>-0.090000</BTG>
      <DMPANIML>0.000000</DMPANIML>
      <DMPANIMA>0.000000</DMPANIMA>
      <GROUP>2</GROUP>
      <MYSELF>1</MYSELF>
      <COLIIDNUM>0</COLIIDNUM>
      <RESTITUTION>0.500000</RESTITUTION>
      <FRICTION>0.500000</FRICTION>
      <FORBIDROT>0</FORBIDROT>
    </RigidElem>
  </Bone>
  <Bone>
    <Name>J_Bip_L_UpperArm_Joint</Name>
    <BTKIN>0</BTKIN>
    <RigidElem>
      <ChildName>J_Sec_L_TopsUpperArmInside_01_Joint</ChildName>
      <ColType>1</ColType>
      <SkipFlag>0</SkipFlag>
      <ShpRate>0.600000</ShpRate>
      <BoxzRate>0.600000</BoxzRate>
      <LK>2</LK>
      <CUSLK>100.000000</CUSLK>
      <AK>2</AK>
      <CUSAK>0.500000</CUSAK>
      <Mass>1.000000</Mass>
      <LDMP>0.500000</LDMP>
      <ADMP>0.500000</ADMP>
      <BTG>-0.090000</BTG>
      <DMPANIML>0.000000</DMPANIML>
      <DMPANIMA>0.000000</DMPANIMA>
      <GROUP>2</GROUP>
      <MYSELF>1</MYSELF>
      <COLIIDNUM>0</COLIIDNUM>
      <RESTITUTION>0.500000</RESTITUTION>
      <FRICTION>0.500000</FRICTION>
      <FORBIDROT>0</FORBIDROT>
    </RigidElem>
    <RigidElem>
      <ChildName>J_Sec_L_TopsUpperArmOutside_01_Joint</ChildName>
      <ColType>1</ColType>
      <SkipFlag>0</SkipFlag>
      <ShpRate>0.600000</ShpRate>
      <BoxzRate>0.600000</BoxzRate>
      <LK>2</LK>
      <CUSLK>100.000000</CUSLK>
      <AK>2</AK>
      <CUSAK>0.500000</CUSAK>
      <Mass>1.000000</Mass>
      <LDMP>0.500000</LDMP>
      <ADMP>0.500000</ADMP>
      <BTG>-0.090000</BTG>
      <DMPANIML>0.000000</DMPANIML>
      <DMPANIMA>0.000000</DMPANIMA>
      <GROUP>2</GROUP>
      <MYSELF>1</MYSELF>
      <COLIIDNUM>0</COLIIDNUM>
      <RESTITUTION>0.500000</RESTITUTION>
      <FRICTION>0.500000</FRICTION>
      <FORBIDROT>0</FORBIDROT>
    </RigidElem>
    <RigidElem>
      <ChildName>J_Bip_L_LowerArm_Joint</ChildName>
      <ColType>1</ColType>
      <SkipFlag>0</SkipFlag>
      <ShpRate>0.600000</ShpRate>
      <BoxzRate>0.600000</BoxzRate>
      <LK>2</LK>
      <CUSLK>100.000000</CUSLK>
      <AK>2</AK>
      <CUSAK>0.500000</CUSAK>
      <Mass>1.000000</Mass>
      <LDMP>0.500000</LDMP>
      <ADMP>0.500000</ADMP>
      <BTG>-0.090000</BTG>
      <DMPANIML>0.000000</DMPANIML>
      <DMPANIMA>0.000000</DMPANIMA>
      <GROUP>2</GROUP>
      <MYSELF>1</MYSELF>
      <COLIIDNUM>0</COLIIDNUM>
      <RESTITUTION>0.500000</RESTITUTION>
      <FRICTION>0.500000</FRICTION>
      <FORBIDROT>0</FORBIDROT>
    </RigidElem>
  </Bone>
  <Bone>
    <Name>J_Sec_L_TopsUpperArmInside_01_Joint</Name>
    <BTKIN>0</BTKIN>
    <RigidElem>
      <ChildName>J_Sec_L_TopsUpperArmInside_end_01_Joint</ChildName>
      <ColType>1</ColType>
      <SkipFlag>0</SkipFlag>
      <ShpRate>0.600000</ShpRate>
      <BoxzRate>0.600000</BoxzRate>
      <LK>2</LK>
      <CUSLK>100.000000</CUSLK>
      <AK>2</AK>
      <CUSAK>0.500000</CUSAK>
      <Mass>1.000000</Mass>
      <LDMP>0.500000</LDMP>
      <ADMP>0.500000</ADMP>
      <BTG>-0.090000</BTG>
      <DMPANIML>0.000000</DMPANIML>
      <DMPANIMA>0.000000</DMPANIMA>
      <GROUP>2</GROUP>
      <MYSELF>1</MYSELF>
      <COLIIDNUM>0</COLIIDNUM>
      <RESTITUTION>0.500000</RESTITUTION>
      <FRICTION>0.500000</FRICTION>
      <FORBIDROT>0</FORBIDROT>
    </RigidElem>
  </Bone>
  <Bone>
    <Name>J_Sec_L_TopsUpperArmOutside_01_Joint</Name>
    <BTKIN>0</BTKIN>
    <RigidElem>
      <ChildName>J_Sec_L_TopsUpperArmOutside_end_01_Joint</ChildName>
      <ColType>1</ColType>
      <SkipFlag>0</SkipFlag>
      <ShpRate>0.600000</ShpRate>
      <BoxzRate>0.600000</BoxzRate>
      <LK>2</LK>
      <CUSLK>100.000000</CUSLK>
      <AK>2</AK>
      <CUSAK>0.500000</CUSAK>
      <Mass>1.000000</Mass>
      <LDMP>0.500000</LDMP>
      <ADMP>0.500000</ADMP>
      <BTG>-0.090000</BTG>
      <DMPANIML>0.000000</DMPANIML>
      <DMPANIMA>0.000000</DMPANIMA>
      <GROUP>2</GROUP>
      <MYSELF>1</MYSELF>
      <COLIIDNUM>0</COLIIDNUM>
      <RESTITUTION>0.500000</RESTITUTION>
      <FRICTION>0.500000</FRICTION>
      <FORBIDROT>0</FORBIDROT>
    </RigidElem>
  </Bone>
  <Bone>
    <Name>J_Bip_L_LowerArm_Joint</Name>
    <BTKIN>0</BTKIN>
    <RigidElem>
      <ChildName>J_Bip_L_Hand_Joint</ChildName>
      <ColType>1</ColType>
      <SkipFlag>0</SkipFlag>
      <ShpRate>0.600000</ShpRate>
      <BoxzRate>0.600000</BoxzRate>
      <LK>2</LK>
      <CUSLK>100.000000</CUSLK>
      <AK>2</AK>
      <CUSAK>2.000000</CUSAK>
      <Mass>1.000000</Mass>
      <LDMP>0.500000</LDMP>
      <ADMP>0.500000</ADMP>
      <BTG>-0.090000</BTG>
      <DMPANIML>0.000000</DMPANIML>
      <DMPANIMA>0.000000</DMPANIMA>
      <GROUP>2</GROUP>
      <MYSELF>1</MYSELF>
      <COLIIDNUM>0</COLIIDNUM>
      <RESTITUTION>0.500000</RESTITUTION>
      <FRICTION>0.500000</FRICTION>
      <FORBIDROT>0</FORBIDROT>
    </RigidElem>
  </Bone>
  <Bone>
    <Name>J_Bip_L_Hand_Joint</Name>
    <BTKIN>0</BTKIN>
    <RigidElem>
      <ChildName>J_Bip_L_Index1_Joint</ChildName>
      <ColType>1</ColType>
      <SkipFlag>0</SkipFlag>
      <ShpRate>0.600000</ShpRate>
      <BoxzRate>0.600000</BoxzRate>
      <LK>2</LK>
      <CUSLK>100.000000</CUSLK>
      <AK>2</AK>
      <CUSAK>0.500000</CUSAK>
      <Mass>1.000000</Mass>
      <LDMP>0.500000</LDMP>
      <ADMP>0.500000</ADMP>
      <BTG>-0.090000</BTG>
      <DMPANIML>0.000000</DMPANIML>
      <DMPANIMA>0.000000</DMPANIMA>
      <GROUP>2</GROUP>
      <MYSELF>1</MYSELF>
      <COLIIDNUM>0</COLIIDNUM>
      <RESTITUTION>0.500000</RESTITUTION>
      <FRICTION>0.500000</FRICTION>
      <FORBIDROT>0</FORBIDROT>
    </RigidElem>
    <RigidElem>
      <ChildName>J_Bip_L_Little1_Joint</ChildName>
      <ColType>1</ColType>
      <SkipFlag>0</SkipFlag>
      <ShpRate>0.600000</ShpRate>
      <BoxzRate>0.600000</BoxzRate>
      <LK>2</LK>
      <CUSLK>100.000000</CUSLK>
      <AK>2</AK>
      <CUSAK>0.500000</CUSAK>
      <Mass>1.000000</Mass>
      <LDMP>0.500000</LDMP>
      <ADMP>0.500000</ADMP>
      <BTG>-0.090000</BTG>
      <DMPANIML>0.000000</DMPANIML>
      <DMPANIMA>0.000000</DMPANIMA>
      <GROUP>2</GROUP>
      <MYSELF>1</MYSELF>
      <COLIIDNUM>0</COLIIDNUM>
      <RESTITUTION>0.500000</RESTITUTION>
      <FRICTION>0.500000</FRICTION>
      <FORBIDROT>0</FORBIDROT>
    </RigidElem>
    <RigidElem>
      <ChildName>J_Bip_L_Middle1_Joint</ChildName>
      <ColType>1</ColType>
      <SkipFlag>0</SkipFlag>
      <ShpRate>0.600000</ShpRate>
      <BoxzRate>0.600000</BoxzRate>
      <LK>2</LK>
      <CUSLK>100.000000</CUSLK>
      <AK>2</AK>
      <CUSAK>0.500000</CUSAK>
      <Mass>1.000000</Mass>
      <LDMP>0.500000</LDMP>
      <ADMP>0.500000</ADMP>
      <BTG>-0.090000</BTG>
      <DMPANIML>0.000000</DMPANIML>
      <DMPANIMA>0.000000</DMPANIMA>
      <GROUP>2</GROUP>
      <MYSELF>1</MYSELF>
      <COLIIDNUM>0</COLIIDNUM>
      <RESTITUTION>0.500000</RESTITUTION>
      <FRICTION>0.500000</FRICTION>
      <FORBIDROT>0</FORBIDROT>
    </RigidElem>
    <RigidElem>
      <ChildName>J_Bip_L_Ring1_Joint</ChildName>
      <ColType>1</ColType>
      <SkipFlag>0</SkipFlag>
      <ShpRate>0.600000</ShpRate>
      <BoxzRate>0.600000</BoxzRate>
      <LK>2</LK>
      <CUSLK>100.000000</CUSLK>
      <AK>2</AK>
      <CUSAK>0.500000</CUSAK>
      <Mass>1.000000</Mass>
      <LDMP>0.500000</LDMP>
      <ADMP>0.500000</ADMP>
      <BTG>-0.090000</BTG>
      <DMPANIML>0.000000</DMPANIML>
      <DMPANIMA>0.000000</DMPANIMA>
      <GROUP>2</GROUP>
      <MYSELF>1</MYSELF>
      <COLIIDNUM>0</COLIIDNUM>
      <RESTITUTION>0.500000</RESTITUTION>
      <FRICTION>0.500000</FRICTION>
      <FORBIDROT>0</FORBIDROT>
    </RigidElem>
    <RigidElem>
      <ChildName>J_Bip_L_Thumb1_Joint</ChildName>
      <ColType>1</ColType>
      <SkipFlag>0</SkipFlag>
      <ShpRate>0.600000</ShpRate>
      <BoxzRate>0.600000</BoxzRate>
      <LK>2</LK>
      <CUSLK>100.000000</CUSLK>
      <AK>2</AK>
      <CUSAK>0.500000</CUSAK>
      <Mass>1.000000</Mass>
      <LDMP>0.500000</LDMP>
      <ADMP>0.500000</ADMP>
      <BTG>-0.090000</BTG>
      <DMPANIML>0.000000</DMPANIML>
      <DMPANIMA>0.000000</DMPANIMA>
      <GROUP>2</GROUP>
      <MYSELF>1</MYSELF>
      <COLIIDNUM>0</COLIIDNUM>
      <RESTITUTION>0.500000</RESTITUTION>
      <FRICTION>0.500000</FRICTION>
      <FORBIDROT>0</FORBIDROT>
    </RigidElem>
  </Bone>
  <Bone>
    <Name>J_Bip_L_Index1_Joint</Name>
    <BTKIN>0</BTKIN>
    <RigidElem>
      <ChildName>J_Bip_L_Index2_Joint</ChildName>
      <ColType>1</ColType>
      <SkipFlag>0</SkipFlag>
      <ShpRate>0.600000</ShpRate>
      <BoxzRate>0.600000</BoxzRate>
      <LK>2</LK>
      <CUSLK>100.000000</CUSLK>
      <AK>2</AK>
      <CUSAK>0.500000</CUSAK>
      <Mass>1.000000</Mass>
      <LDMP>0.500000</LDMP>
      <ADMP>0.500000</ADMP>
      <BTG>-0.090000</BTG>
      <DMPANIML>0.000000</DMPANIML>
      <DMPANIMA>0.000000</DMPANIMA>
      <GROUP>2</GROUP>
      <MYSELF>1</MYSELF>
      <COLIIDNUM>0</COLIIDNUM>
      <RESTITUTION>0.500000</RESTITUTION>
      <FRICTION>0.500000</FRICTION>
      <FORBIDROT>0</FORBIDROT>
    </RigidElem>
  </Bone>
  <Bone>
    <Name>J_Bip_L_Index2_Joint</Name>
    <BTKIN>0</BTKIN>
    <RigidElem>
      <ChildName>J_Bip_L_Index3_Joint</ChildName>
      <ColType>1</ColType>
      <SkipFlag>0</SkipFlag>
      <ShpRate>0.600000</ShpRate>
      <BoxzRate>0.600000</BoxzRate>
      <LK>2</LK>
      <CUSLK>100.000000</CUSLK>
      <AK>2</AK>
      <CUSAK>0.500000</CUSAK>
      <Mass>1.000000</Mass>
      <LDMP>0.500000</LDMP>
      <ADMP>0.500000</ADMP>
      <BTG>-0.090000</BTG>
      <DMPANIML>0.000000</DMPANIML>
      <DMPANIMA>0.000000</DMPANIMA>
      <GROUP>2</GROUP>
      <MYSELF>1</MYSELF>
      <COLIIDNUM>0</COLIIDNUM>
      <RESTITUTION>0.500000</RESTITUTION>
      <FRICTION>0.500000</FRICTION>
      <FORBIDROT>0</FORBIDROT>
    </RigidElem>
  </Bone>
  <Bone>
    <Name>J_Bip_L_Little1_Joint</Name>
    <BTKIN>0</BTKIN>
    <RigidElem>
      <ChildName>J_Bip_L_Little2_Joint</ChildName>
      <ColType>1</ColType>
      <SkipFlag>0</SkipFlag>
      <ShpRate>0.600000</ShpRate>
      <BoxzRate>0.600000</BoxzRate>
      <LK>2</LK>
      <CUSLK>100.000000</CUSLK>
      <AK>2</AK>
      <CUSAK>0.500000</CUSAK>
      <Mass>1.000000</Mass>
      <LDMP>0.500000</LDMP>
      <ADMP>0.500000</ADMP>
      <BTG>-0.090000</BTG>
      <DMPANIML>0.000000</DMPANIML>
      <DMPANIMA>0.000000</DMPANIMA>
      <GROUP>2</GROUP>
      <MYSELF>1</MYSELF>
      <COLIIDNUM>0</COLIIDNUM>
      <RESTITUTION>0.500000</RESTITUTION>
      <FRICTION>0.500000</FRICTION>
      <FORBIDROT>0</FORBIDROT>
    </RigidElem>
  </Bone>
  <Bone>
    <Name>J_Bip_L_Little2_Joint</Name>
    <BTKIN>0</BTKIN>
    <RigidElem>
      <ChildName>J_Bip_L_Little3_Joint</ChildName>
      <ColType>1</ColType>
      <SkipFlag>0</SkipFlag>
      <ShpRate>0.600000</ShpRate>
      <BoxzRate>0.600000</BoxzRate>
      <LK>2</LK>
      <CUSLK>100.000000</CUSLK>
      <AK>2</AK>
      <CUSAK>0.500000</CUSAK>
      <Mass>1.000000</Mass>
      <LDMP>0.500000</LDMP>
      <ADMP>0.500000</ADMP>
      <BTG>-0.090000</BTG>
      <DMPANIML>0.000000</DMPANIML>
      <DMPANIMA>0.000000</DMPANIMA>
      <GROUP>2</GROUP>
      <MYSELF>1</MYSELF>
      <COLIIDNUM>0</COLIIDNUM>
      <RESTITUTION>0.500000</RESTITUTION>
      <FRICTION>0.500000</FRICTION>
      <FORBIDROT>0</FORBIDROT>
    </RigidElem>
  </Bone>
  <Bone>
    <Name>J_Bip_L_Middle1_Joint</Name>
    <BTKIN>0</BTKIN>
    <RigidElem>
      <ChildName>J_Bip_L_Middle2_Joint</ChildName>
      <ColType>1</ColType>
      <SkipFlag>0</SkipFlag>
      <ShpRate>0.600000</ShpRate>
      <BoxzRate>0.600000</BoxzRate>
      <LK>2</LK>
      <CUSLK>100.000000</CUSLK>
      <AK>2</AK>
      <CUSAK>0.500000</CUSAK>
      <Mass>1.000000</Mass>
      <LDMP>0.500000</LDMP>
      <ADMP>0.500000</ADMP>
      <BTG>-0.090000</BTG>
      <DMPANIML>0.000000</DMPANIML>
      <DMPANIMA>0.000000</DMPANIMA>
      <GROUP>2</GROUP>
      <MYSELF>1</MYSELF>
      <COLIIDNUM>0</COLIIDNUM>
      <RESTITUTION>0.500000</RESTITUTION>
      <FRICTION>0.500000</FRICTION>
      <FORBIDROT>0</FORBIDROT>
    </RigidElem>
  </Bone>
  <Bone>
    <Name>J_Bip_L_Middle2_Joint</Name>
    <BTKIN>0</BTKIN>
    <RigidElem>
      <ChildName>J_Bip_L_Middle3_Joint</ChildName>
      <ColType>1</ColType>
      <SkipFlag>0</SkipFlag>
      <ShpRate>0.600000</ShpRate>
      <BoxzRate>0.600000</BoxzRate>
      <LK>2</LK>
      <CUSLK>100.000000</CUSLK>
      <AK>2</AK>
      <CUSAK>0.500000</CUSAK>
      <Mass>1.000000</Mass>
      <LDMP>0.500000</LDMP>
      <ADMP>0.500000</ADMP>
      <BTG>-0.090000</BTG>
      <DMPANIML>0.000000</DMPANIML>
      <DMPANIMA>0.000000</DMPANIMA>
      <GROUP>2</GROUP>
      <MYSELF>1</MYSELF>
      <COLIIDNUM>0</COLIIDNUM>
      <RESTITUTION>0.500000</RESTITUTION>
      <FRICTION>0.500000</FRICTION>
      <FORBIDROT>0</FORBIDROT>
    </RigidElem>
  </Bone>
  <Bone>
    <Name>J_Bip_L_Ring1_Joint</Name>
    <BTKIN>0</BTKIN>
    <RigidElem>
      <ChildName>J_Bip_L_Ring2_Joint</ChildName>
      <ColType>1</ColType>
      <SkipFlag>0</SkipFlag>
      <ShpRate>0.600000</ShpRate>
      <BoxzRate>0.600000</BoxzRate>
      <LK>2</LK>
      <CUSLK>100.000000</CUSLK>
      <AK>2</AK>
      <CUSAK>0.500000</CUSAK>
      <Mass>1.000000</Mass>
      <LDMP>0.500000</LDMP>
      <ADMP>0.500000</ADMP>
      <BTG>-0.090000</BTG>
      <DMPANIML>0.000000</DMPANIML>
      <DMPANIMA>0.000000</DMPANIMA>
      <GROUP>2</GROUP>
      <MYSELF>1</MYSELF>
      <COLIIDNUM>0</COLIIDNUM>
      <RESTITUTION>0.500000</RESTITUTION>
      <FRICTION>0.500000</FRICTION>
      <FORBIDROT>0</FORBIDROT>
    </RigidElem>
  </Bone>
  <Bone>
    <Name>J_Bip_L_Ring2_Joint</Name>
    <BTKIN>0</BTKIN>
    <RigidElem>
      <ChildName>J_Bip_L_Ring3_Joint</ChildName>
      <ColType>1</ColType>
      <SkipFlag>0</SkipFlag>
      <ShpRate>0.600000</ShpRate>
      <BoxzRate>0.600000</BoxzRate>
      <LK>2</LK>
      <CUSLK>100.000000</CUSLK>
      <AK>2</AK>
      <CUSAK>0.500000</CUSAK>
      <Mass>1.000000</Mass>
      <LDMP>0.500000</LDMP>
      <ADMP>0.500000</ADMP>
      <BTG>-0.090000</BTG>
      <DMPANIML>0.000000</DMPANIML>
      <DMPANIMA>0.000000</DMPANIMA>
      <GROUP>2</GROUP>
      <MYSELF>1</MYSELF>
      <COLIIDNUM>0</COLIIDNUM>
      <RESTITUTION>0.500000</RESTITUTION>
      <FRICTION>0.500000</FRICTION>
      <FORBIDROT>0</FORBIDROT>
    </RigidElem>
  </Bone>
  <Bone>
    <Name>J_Bip_L_Thumb1_Joint</Name>
    <BTKIN>0</BTKIN>
    <RigidElem>
      <ChildName>J_Bip_L_Thumb2_Joint</ChildName>
      <ColType>1</ColType>
      <SkipFlag>0</SkipFlag>
      <ShpRate>0.600000</ShpRate>
      <BoxzRate>0.600000</BoxzRate>
      <LK>2</LK>
      <CUSLK>100.000000</CUSLK>
      <AK>2</AK>
      <CUSAK>0.500000</CUSAK>
      <Mass>1.000000</Mass>
      <LDMP>0.500000</LDMP>
      <ADMP>0.500000</ADMP>
      <BTG>-0.090000</BTG>
      <DMPANIML>0.000000</DMPANIML>
      <DMPANIMA>0.000000</DMPANIMA>
      <GROUP>2</GROUP>
      <MYSELF>1</MYSELF>
      <COLIIDNUM>0</COLIIDNUM>
      <RESTITUTION>0.500000</RESTITUTION>
      <FRICTION>0.500000</FRICTION>
      <FORBIDROT>0</FORBIDROT>
    </RigidElem>
  </Bone>
  <Bone>
    <Name>J_Bip_L_Thumb2_Joint</Name>
    <BTKIN>0</BTKIN>
    <RigidElem>
      <ChildName>J_Bip_L_Thumb3_Joint</ChildName>
      <ColType>1</ColType>
      <SkipFlag>0</SkipFlag>
      <ShpRate>0.600000</ShpRate>
      <BoxzRate>0.600000</BoxzRate>
      <LK>2</LK>
      <CUSLK>100.000000</CUSLK>
      <AK>2</AK>
      <CUSAK>0.500000</CUSAK>
      <Mass>1.000000</Mass>
      <LDMP>0.500000</LDMP>
      <ADMP>0.500000</ADMP>
      <BTG>-0.090000</BTG>
      <DMPANIML>0.000000</DMPANIML>
      <DMPANIMA>0.000000</DMPANIMA>
      <GROUP>2</GROUP>
      <MYSELF>1</MYSELF>
      <COLIIDNUM>0</COLIIDNUM>
      <RESTITUTION>0.500000</RESTITUTION>
      <FRICTION>0.500000</FRICTION>
      <FORBIDROT>0</FORBIDROT>
    </RigidElem>
  </Bone>
  <Bone>
    <Name>J_Bip_R_Shoulder_Joint</Name>
    <BTKIN>0</BTKIN>
    <RigidElem>
      <ChildName>J_Bip_R_UpperArm_Joint</ChildName>
      <ColType>1</ColType>
      <SkipFlag>0</SkipFlag>
      <ShpRate>0.600000</ShpRate>
      <BoxzRate>0.600000</BoxzRate>
      <LK>2</LK>
      <CUSLK>100.000000</CUSLK>
      <AK>2</AK>
      <CUSAK>0.500000</CUSAK>
      <Mass>1.000000</Mass>
      <LDMP>0.500000</LDMP>
      <ADMP>0.500000</ADMP>
      <BTG>-0.090000</BTG>
      <DMPANIML>0.000000</DMPANIML>
      <DMPANIMA>0.000000</DMPANIMA>
      <GROUP>2</GROUP>
      <MYSELF>1</MYSELF>
      <COLIIDNUM>0</COLIIDNUM>
      <RESTITUTION>0.500000</RESTITUTION>
      <FRICTION>0.500000</FRICTION>
      <FORBIDROT>0</FORBIDROT>
    </RigidElem>
  </Bone>
  <Bone>
    <Name>J_Bip_R_UpperArm_Joint</Name>
    <BTKIN>0</BTKIN>
    <RigidElem>
      <ChildName>J_Sec_R_TopsUpperArmInside_01_Joint</ChildName>
      <ColType>1</ColType>
      <SkipFlag>0</SkipFlag>
      <ShpRate>0.600000</ShpRate>
      <BoxzRate>0.600000</BoxzRate>
      <LK>2</LK>
      <CUSLK>100.000000</CUSLK>
      <AK>2</AK>
      <CUSAK>0.500000</CUSAK>
      <Mass>1.000000</Mass>
      <LDMP>0.500000</LDMP>
      <ADMP>0.500000</ADMP>
      <BTG>-0.090000</BTG>
      <DMPANIML>0.000000</DMPANIML>
      <DMPANIMA>0.000000</DMPANIMA>
      <GROUP>2</GROUP>
      <MYSELF>1</MYSELF>
      <COLIIDNUM>0</COLIIDNUM>
      <RESTITUTION>0.500000</RESTITUTION>
      <FRICTION>0.500000</FRICTION>
      <FORBIDROT>0</FORBIDROT>
    </RigidElem>
    <RigidElem>
      <ChildName>J_Sec_R_TopsUpperArmOutside_01_Joint</ChildName>
      <ColType>1</ColType>
      <SkipFlag>0</SkipFlag>
      <ShpRate>0.600000</ShpRate>
      <BoxzRate>0.600000</BoxzRate>
      <LK>2</LK>
      <CUSLK>100.000000</CUSLK>
      <AK>2</AK>
      <CUSAK>0.500000</CUSAK>
      <Mass>1.000000</Mass>
      <LDMP>0.500000</LDMP>
      <ADMP>0.500000</ADMP>
      <BTG>-0.090000</BTG>
      <DMPANIML>0.000000</DMPANIML>
      <DMPANIMA>0.000000</DMPANIMA>
      <GROUP>2</GROUP>
      <MYSELF>1</MYSELF>
      <COLIIDNUM>0</COLIIDNUM>
      <RESTITUTION>0.500000</RESTITUTION>
      <FRICTION>0.500000</FRICTION>
      <FORBIDROT>0</FORBIDROT>
    </RigidElem>
    <RigidElem>
      <ChildName>J_Bip_R_LowerArm_Joint</ChildName>
      <ColType>1</ColType>
      <SkipFlag>0</SkipFlag>
      <ShpRate>0.600000</ShpRate>
      <BoxzRate>0.600000</BoxzRate>
      <LK>2</LK>
      <CUSLK>100.000000</CUSLK>
      <AK>2</AK>
      <CUSAK>2.000000</CUSAK>
      <Mass>1.000000</Mass>
      <LDMP>0.500000</LDMP>
      <ADMP>0.500000</ADMP>
      <BTG>-0.090000</BTG>
      <DMPANIML>0.000000</DMPANIML>
      <DMPANIMA>0.000000</DMPANIMA>
      <GROUP>2</GROUP>
      <MYSELF>1</MYSELF>
      <COLIIDNUM>0</COLIIDNUM>
      <RESTITUTION>0.500000</RESTITUTION>
      <FRICTION>0.500000</FRICTION>
      <FORBIDROT>0</FORBIDROT>
    </RigidElem>
  </Bone>
  <Bone>
    <Name>J_Sec_R_TopsUpperArmInside_01_Joint</Name>
    <BTKIN>0</BTKIN>
    <RigidElem>
      <ChildName>J_Sec_R_TopsUpperArmInside_end_01_Joint</ChildName>
      <ColType>1</ColType>
      <SkipFlag>0</SkipFlag>
      <ShpRate>0.600000</ShpRate>
      <BoxzRate>0.600000</BoxzRate>
      <LK>2</LK>
      <CUSLK>100.000000</CUSLK>
      <AK>2</AK>
      <CUSAK>0.500000</CUSAK>
      <Mass>1.000000</Mass>
      <LDMP>0.500000</LDMP>
      <ADMP>0.500000</ADMP>
      <BTG>-0.090000</BTG>
      <DMPANIML>0.000000</DMPANIML>
      <DMPANIMA>0.000000</DMPANIMA>
      <GROUP>2</GROUP>
      <MYSELF>1</MYSELF>
      <COLIIDNUM>0</COLIIDNUM>
      <RESTITUTION>0.500000</RESTITUTION>
      <FRICTION>0.500000</FRICTION>
      <FORBIDROT>0</FORBIDROT>
    </RigidElem>
  </Bone>
  <Bone>
    <Name>J_Sec_R_TopsUpperArmOutside_01_Joint</Name>
    <BTKIN>0</BTKIN>
    <RigidElem>
      <ChildName>J_Sec_R_TopsUpperArmOutside_end_01_Joint</ChildName>
      <ColType>1</ColType>
      <SkipFlag>0</SkipFlag>
      <ShpRate>0.600000</ShpRate>
      <BoxzRate>0.600000</BoxzRate>
      <LK>2</LK>
      <CUSLK>100.000000</CUSLK>
      <AK>2</AK>
      <CUSAK>0.500000</CUSAK>
      <Mass>1.000000</Mass>
      <LDMP>0.500000</LDMP>
      <ADMP>0.500000</ADMP>
      <BTG>-0.090000</BTG>
      <DMPANIML>0.000000</DMPANIML>
      <DMPANIMA>0.000000</DMPANIMA>
      <GROUP>2</GROUP>
      <MYSELF>1</MYSELF>
      <COLIIDNUM>0</COLIIDNUM>
      <RESTITUTION>0.500000</RESTITUTION>
      <FRICTION>0.500000</FRICTION>
      <FORBIDROT>0</FORBIDROT>
    </RigidElem>
  </Bone>
  <Bone>
    <Name>J_Bip_R_LowerArm_Joint</Name>
    <BTKIN>0</BTKIN>
    <RigidElem>
      <ChildName>J_Bip_R_Hand_Joint</ChildName>
      <ColType>1</ColType>
      <SkipFlag>0</SkipFlag>
      <ShpRate>0.600000</ShpRate>
      <BoxzRate>0.600000</BoxzRate>
      <LK>2</LK>
      <CUSLK>100.000000</CUSLK>
      <AK>2</AK>
      <CUSAK>2.000000</CUSAK>
      <Mass>1.000000</Mass>
      <LDMP>0.500000</LDMP>
      <ADMP>0.500000</ADMP>
      <BTG>-0.090000</BTG>
      <DMPANIML>0.000000</DMPANIML>
      <DMPANIMA>0.000000</DMPANIMA>
      <GROUP>2</GROUP>
      <MYSELF>1</MYSELF>
      <COLIIDNUM>0</COLIIDNUM>
      <RESTITUTION>0.500000</RESTITUTION>
      <FRICTION>0.500000</FRICTION>
      <FORBIDROT>0</FORBIDROT>
    </RigidElem>
  </Bone>
  <Bone>
    <Name>J_Bip_R_Hand_Joint</Name>
    <BTKIN>0</BTKIN>
    <RigidElem>
      <ChildName>J_Bip_R_Index1_Joint</ChildName>
      <ColType>1</ColType>
      <SkipFlag>0</SkipFlag>
      <ShpRate>0.600000</ShpRate>
      <BoxzRate>0.600000</BoxzRate>
      <LK>2</LK>
      <CUSLK>100.000000</CUSLK>
      <AK>2</AK>
      <CUSAK>0.500000</CUSAK>
      <Mass>1.000000</Mass>
      <LDMP>0.500000</LDMP>
      <ADMP>0.500000</ADMP>
      <BTG>-0.090000</BTG>
      <DMPANIML>0.000000</DMPANIML>
      <DMPANIMA>0.000000</DMPANIMA>
      <GROUP>2</GROUP>
      <MYSELF>1</MYSELF>
      <COLIIDNUM>0</COLIIDNUM>
      <RESTITUTION>0.500000</RESTITUTION>
      <FRICTION>0.500000</FRICTION>
      <FORBIDROT>0</FORBIDROT>
    </RigidElem>
    <RigidElem>
      <ChildName>J_Bip_R_Little1_Joint</ChildName>
      <ColType>1</ColType>
      <SkipFlag>0</SkipFlag>
      <ShpRate>0.600000</ShpRate>
      <BoxzRate>0.600000</BoxzRate>
      <LK>2</LK>
      <CUSLK>100.000000</CUSLK>
      <AK>2</AK>
      <CUSAK>0.500000</CUSAK>
      <Mass>1.000000</Mass>
      <LDMP>0.500000</LDMP>
      <ADMP>0.500000</ADMP>
      <BTG>-0.090000</BTG>
      <DMPANIML>0.000000</DMPANIML>
      <DMPANIMA>0.000000</DMPANIMA>
      <GROUP>2</GROUP>
      <MYSELF>1</MYSELF>
      <COLIIDNUM>0</COLIIDNUM>
      <RESTITUTION>0.500000</RESTITUTION>
      <FRICTION>0.500000</FRICTION>
      <FORBIDROT>0</FORBIDROT>
    </RigidElem>
    <RigidElem>
      <ChildName>J_Bip_R_Middle1_Joint</ChildName>
      <ColType>1</ColType>
      <SkipFlag>0</SkipFlag>
      <ShpRate>0.600000</ShpRate>
      <BoxzRate>0.600000</BoxzRate>
      <LK>2</LK>
      <CUSLK>100.000000</CUSLK>
      <AK>2</AK>
      <CUSAK>0.500000</CUSAK>
      <Mass>1.000000</Mass>
      <LDMP>0.500000</LDMP>
      <ADMP>0.500000</ADMP>
      <BTG>-0.090000</BTG>
      <DMPANIML>0.000000</DMPANIML>
      <DMPANIMA>0.000000</DMPANIMA>
      <GROUP>2</GROUP>
      <MYSELF>1</MYSELF>
      <COLIIDNUM>0</COLIIDNUM>
      <RESTITUTION>0.500000</RESTITUTION>
      <FRICTION>0.500000</FRICTION>
      <FORBIDROT>0</FORBIDROT>
    </RigidElem>
    <RigidElem>
      <ChildName>J_Bip_R_Ring1_Joint</ChildName>
      <ColType>1</ColType>
      <SkipFlag>0</SkipFlag>
      <ShpRate>0.600000</ShpRate>
      <BoxzRate>0.600000</BoxzRate>
      <LK>2</LK>
      <CUSLK>100.000000</CUSLK>
      <AK>2</AK>
      <CUSAK>0.500000</CUSAK>
      <Mass>1.000000</Mass>
      <LDMP>0.500000</LDMP>
      <ADMP>0.500000</ADMP>
      <BTG>-0.090000</BTG>
      <DMPANIML>0.000000</DMPANIML>
      <DMPANIMA>0.000000</DMPANIMA>
      <GROUP>2</GROUP>
      <MYSELF>1</MYSELF>
      <COLIIDNUM>0</COLIIDNUM>
      <RESTITUTION>0.500000</RESTITUTION>
      <FRICTION>0.500000</FRICTION>
      <FORBIDROT>0</FORBIDROT>
    </RigidElem>
    <RigidElem>
      <ChildName>J_Bip_R_Thumb1_Joint</ChildName>
      <ColType>1</ColType>
      <SkipFlag>0</SkipFlag>
      <ShpRate>0.600000</ShpRate>
      <BoxzRate>0.600000</BoxzRate>
      <LK>2</LK>
      <CUSLK>100.000000</CUSLK>
      <AK>2</AK>
      <CUSAK>0.500000</CUSAK>
      <Mass>1.000000</Mass>
      <LDMP>0.500000</LDMP>
      <ADMP>0.500000</ADMP>
      <BTG>-0.090000</BTG>
      <DMPANIML>0.000000</DMPANIML>
      <DMPANIMA>0.000000</DMPANIMA>
      <GROUP>2</GROUP>
      <MYSELF>1</MYSELF>
      <COLIIDNUM>0</COLIIDNUM>
      <RESTITUTION>0.500000</RESTITUTION>
      <FRICTION>0.500000</FRICTION>
      <FORBIDROT>0</FORBIDROT>
    </RigidElem>
  </Bone>
  <Bone>
    <Name>J_Bip_R_Index1_Joint</Name>
    <BTKIN>0</BTKIN>
    <RigidElem>
      <ChildName>J_Bip_R_Index2_Joint</ChildName>
      <ColType>1</ColType>
      <SkipFlag>0</SkipFlag>
      <ShpRate>0.600000</ShpRate>
      <BoxzRate>0.600000</BoxzRate>
      <LK>2</LK>
      <CUSLK>100.000000</CUSLK>
      <AK>2</AK>
      <CUSAK>0.500000</CUSAK>
      <Mass>1.000000</Mass>
      <LDMP>0.500000</LDMP>
      <ADMP>0.500000</ADMP>
      <BTG>-0.090000</BTG>
      <DMPANIML>0.000000</DMPANIML>
      <DMPANIMA>0.000000</DMPANIMA>
      <GROUP>2</GROUP>
      <MYSELF>1</MYSELF>
      <COLIIDNUM>0</COLIIDNUM>
      <RESTITUTION>0.500000</RESTITUTION>
      <FRICTION>0.500000</FRICTION>
      <FORBIDROT>0</FORBIDROT>
    </RigidElem>
  </Bone>
  <Bone>
    <Name>J_Bip_R_Index2_Joint</Name>
    <BTKIN>0</BTKIN>
    <RigidElem>
      <ChildName>J_Bip_R_Index3_Joint</ChildName>
      <ColType>1</ColType>
      <SkipFlag>0</SkipFlag>
      <ShpRate>0.600000</ShpRate>
      <BoxzRate>0.600000</BoxzRate>
      <LK>2</LK>
      <CUSLK>100.000000</CUSLK>
      <AK>2</AK>
      <CUSAK>0.500000</CUSAK>
      <Mass>1.000000</Mass>
      <LDMP>0.500000</LDMP>
      <ADMP>0.500000</ADMP>
      <BTG>-0.090000</BTG>
      <DMPANIML>0.000000</DMPANIML>
      <DMPANIMA>0.000000</DMPANIMA>
      <GROUP>2</GROUP>
      <MYSELF>1</MYSELF>
      <COLIIDNUM>0</COLIIDNUM>
      <RESTITUTION>0.500000</RESTITUTION>
      <FRICTION>0.500000</FRICTION>
      <FORBIDROT>0</FORBIDROT>
    </RigidElem>
  </Bone>
  <Bone>
    <Name>J_Bip_R_Little1_Joint</Name>
    <BTKIN>0</BTKIN>
    <RigidElem>
      <ChildName>J_Bip_R_Little2_Joint</ChildName>
      <ColType>1</ColType>
      <SkipFlag>0</SkipFlag>
      <ShpRate>0.600000</ShpRate>
      <BoxzRate>0.600000</BoxzRate>
      <LK>2</LK>
      <CUSLK>100.000000</CUSLK>
      <AK>2</AK>
      <CUSAK>0.500000</CUSAK>
      <Mass>1.000000</Mass>
      <LDMP>0.500000</LDMP>
      <ADMP>0.500000</ADMP>
      <BTG>-0.090000</BTG>
      <DMPANIML>0.000000</DMPANIML>
      <DMPANIMA>0.000000</DMPANIMA>
      <GROUP>2</GROUP>
      <MYSELF>1</MYSELF>
      <COLIIDNUM>0</COLIIDNUM>
      <RESTITUTION>0.500000</RESTITUTION>
      <FRICTION>0.500000</FRICTION>
      <FORBIDROT>0</FORBIDROT>
    </RigidElem>
  </Bone>
  <Bone>
    <Name>J_Bip_R_Little2_Joint</Name>
    <BTKIN>0</BTKIN>
    <RigidElem>
      <ChildName>J_Bip_R_Little3_Joint</ChildName>
      <ColType>1</ColType>
      <SkipFlag>0</SkipFlag>
      <ShpRate>0.600000</ShpRate>
      <BoxzRate>0.600000</BoxzRate>
      <LK>2</LK>
      <CUSLK>100.000000</CUSLK>
      <AK>2</AK>
      <CUSAK>0.500000</CUSAK>
      <Mass>1.000000</Mass>
      <LDMP>0.500000</LDMP>
      <ADMP>0.500000</ADMP>
      <BTG>-0.090000</BTG>
      <DMPANIML>0.000000</DMPANIML>
      <DMPANIMA>0.000000</DMPANIMA>
      <GROUP>2</GROUP>
      <MYSELF>1</MYSELF>
      <COLIIDNUM>0</COLIIDNUM>
      <RESTITUTION>0.500000</RESTITUTION>
      <FRICTION>0.500000</FRICTION>
      <FORBIDROT>0</FORBIDROT>
    </RigidElem>
  </Bone>
  <Bone>
    <Name>J_Bip_R_Middle1_Joint</Name>
    <BTKIN>0</BTKIN>
    <RigidElem>
      <ChildName>J_Bip_R_Middle2_Joint</ChildName>
      <ColType>1</ColType>
      <SkipFlag>0</SkipFlag>
      <ShpRate>0.600000</ShpRate>
      <BoxzRate>0.600000</BoxzRate>
      <LK>2</LK>
      <CUSLK>100.000000</CUSLK>
      <AK>2</AK>
      <CUSAK>0.500000</CUSAK>
      <Mass>1.000000</Mass>
      <LDMP>0.500000</LDMP>
      <ADMP>0.500000</ADMP>
      <BTG>-0.090000</BTG>
      <DMPANIML>0.000000</DMPANIML>
      <DMPANIMA>0.000000</DMPANIMA>
      <GROUP>2</GROUP>
      <MYSELF>1</MYSELF>
      <COLIIDNUM>0</COLIIDNUM>
      <RESTITUTION>0.500000</RESTITUTION>
      <FRICTION>0.500000</FRICTION>
      <FORBIDROT>0</FORBIDROT>
    </RigidElem>
  </Bone>
  <Bone>
    <Name>J_Bip_R_Middle2_Joint</Name>
    <BTKIN>0</BTKIN>
    <RigidElem>
      <ChildName>J_Bip_R_Middle3_Joint</ChildName>
      <ColType>1</ColType>
      <SkipFlag>0</SkipFlag>
      <ShpRate>0.600000</ShpRate>
      <BoxzRate>0.600000</BoxzRate>
      <LK>2</LK>
      <CUSLK>100.000000</CUSLK>
      <AK>2</AK>
      <CUSAK>0.500000</CUSAK>
      <Mass>1.000000</Mass>
      <LDMP>0.500000</LDMP>
      <ADMP>0.500000</ADMP>
      <BTG>-0.090000</BTG>
      <DMPANIML>0.000000</DMPANIML>
      <DMPANIMA>0.000000</DMPANIMA>
      <GROUP>2</GROUP>
      <MYSELF>1</MYSELF>
      <COLIIDNUM>0</COLIIDNUM>
      <RESTITUTION>0.500000</RESTITUTION>
      <FRICTION>0.500000</FRICTION>
      <FORBIDROT>0</FORBIDROT>
    </RigidElem>
  </Bone>
  <Bone>
    <Name>J_Bip_R_Ring1_Joint</Name>
    <BTKIN>0</BTKIN>
    <RigidElem>
      <ChildName>J_Bip_R_Ring2_Joint</ChildName>
      <ColType>1</ColType>
      <SkipFlag>0</SkipFlag>
      <ShpRate>0.600000</ShpRate>
      <BoxzRate>0.600000</BoxzRate>
      <LK>2</LK>
      <CUSLK>100.000000</CUSLK>
      <AK>2</AK>
      <CUSAK>0.500000</CUSAK>
      <Mass>1.000000</Mass>
      <LDMP>0.500000</LDMP>
      <ADMP>0.500000</ADMP>
      <BTG>-0.090000</BTG>
      <DMPANIML>0.000000</DMPANIML>
      <DMPANIMA>0.000000</DMPANIMA>
      <GROUP>2</GROUP>
      <MYSELF>1</MYSELF>
      <COLIIDNUM>0</COLIIDNUM>
      <RESTITUTION>0.500000</RESTITUTION>
      <FRICTION>0.500000</FRICTION>
      <FORBIDROT>0</FORBIDROT>
    </RigidElem>
  </Bone>
  <Bone>
    <Name>J_Bip_R_Ring2_Joint</Name>
    <BTKIN>0</BTKIN>
    <RigidElem>
      <ChildName>J_Bip_R_Ring3_Joint</ChildName>
      <ColType>1</ColType>
      <SkipFlag>0</SkipFlag>
      <ShpRate>0.600000</ShpRate>
      <BoxzRate>0.600000</BoxzRate>
      <LK>2</LK>
      <CUSLK>100.000000</CUSLK>
      <AK>2</AK>
      <CUSAK>0.500000</CUSAK>
      <Mass>1.000000</Mass>
      <LDMP>0.500000</LDMP>
      <ADMP>0.500000</ADMP>
      <BTG>-0.090000</BTG>
      <DMPANIML>0.000000</DMPANIML>
      <DMPANIMA>0.000000</DMPANIMA>
      <GROUP>2</GROUP>
      <MYSELF>1</MYSELF>
      <COLIIDNUM>0</COLIIDNUM>
      <RESTITUTION>0.500000</RESTITUTION>
      <FRICTION>0.500000</FRICTION>
      <FORBIDROT>0</FORBIDROT>
    </RigidElem>
  </Bone>
  <Bone>
    <Name>J_Bip_R_Thumb1_Joint</Name>
    <BTKIN>0</BTKIN>
    <RigidElem>
      <ChildName>J_Bip_R_Thumb2_Joint</ChildName>
      <ColType>1</ColType>
      <SkipFlag>0</SkipFlag>
      <ShpRate>0.600000</ShpRate>
      <BoxzRate>0.600000</BoxzRate>
      <LK>2</LK>
      <CUSLK>100.000000</CUSLK>
      <AK>2</AK>
      <CUSAK>0.500000</CUSAK>
      <Mass>1.000000</Mass>
      <LDMP>0.500000</LDMP>
      <ADMP>0.500000</ADMP>
      <BTG>-0.090000</BTG>
      <DMPANIML>0.000000</DMPANIML>
      <DMPANIMA>0.000000</DMPANIMA>
      <GROUP>2</GROUP>
      <MYSELF>1</MYSELF>
      <COLIIDNUM>0</COLIIDNUM>
      <RESTITUTION>0.500000</RESTITUTION>
      <FRICTION>0.500000</FRICTION>
      <FORBIDROT>0</FORBIDROT>
    </RigidElem>
  </Bone>
  <Bone>
    <Name>J_Bip_R_Thumb2_Joint</Name>
    <BTKIN>0</BTKIN>
    <RigidElem>
      <ChildName>J_Bip_R_Thumb3_Joint</ChildName>
      <ColType>1</ColType>
      <SkipFlag>0</SkipFlag>
      <ShpRate>0.600000</ShpRate>
      <BoxzRate>0.600000</BoxzRate>
      <LK>2</LK>
      <CUSLK>100.000000</CUSLK>
      <AK>2</AK>
      <CUSAK>0.500000</CUSAK>
      <Mass>1.000000</Mass>
      <LDMP>0.500000</LDMP>
      <ADMP>0.500000</ADMP>
      <BTG>-0.090000</BTG>
      <DMPANIML>0.000000</DMPANIML>
      <DMPANIMA>0.000000</DMPANIMA>
      <GROUP>2</GROUP>
      <MYSELF>1</MYSELF>
      <COLIIDNUM>0</COLIIDNUM>
      <RESTITUTION>0.500000</RESTITUTION>
      <FRICTION>0.500000</FRICTION>
      <FORBIDROT>0</FORBIDROT>
    </RigidElem>
  </Bone>
  <Bone>
    <Name>J_Bip_L_UpperLeg_Joint</Name>
    <BTKIN>0</BTKIN>
    <RigidElem>
      <ChildName>J_Sec_L_TopsUpperLegBack_01_Joint</ChildName>
      <ColType>1</ColType>
      <SkipFlag>0</SkipFlag>
      <ShpRate>0.600000</ShpRate>
      <BoxzRate>0.600000</BoxzRate>
      <LK>2</LK>
      <CUSLK>100.000000</CUSLK>
      <AK>2</AK>
      <CUSAK>0.500000</CUSAK>
      <Mass>1.000000</Mass>
      <LDMP>0.500000</LDMP>
      <ADMP>0.500000</ADMP>
      <BTG>-0.090000</BTG>
      <DMPANIML>0.000000</DMPANIML>
      <DMPANIMA>0.000000</DMPANIMA>
      <GROUP>2</GROUP>
      <MYSELF>1</MYSELF>
      <COLIIDNUM>0</COLIIDNUM>
      <RESTITUTION>0.500000</RESTITUTION>
      <FRICTION>0.500000</FRICTION>
      <FORBIDROT>0</FORBIDROT>
    </RigidElem>
    <RigidElem>
      <ChildName>J_Sec_L_TopsUpperLegFront_01_Joint</ChildName>
      <ColType>1</ColType>
      <SkipFlag>0</SkipFlag>
      <ShpRate>0.600000</ShpRate>
      <BoxzRate>0.600000</BoxzRate>
      <LK>2</LK>
      <CUSLK>100.000000</CUSLK>
      <AK>2</AK>
      <CUSAK>0.500000</CUSAK>
      <Mass>1.000000</Mass>
      <LDMP>0.500000</LDMP>
      <ADMP>0.500000</ADMP>
      <BTG>-0.090000</BTG>
      <DMPANIML>0.000000</DMPANIML>
      <DMPANIMA>0.000000</DMPANIMA>
      <GROUP>2</GROUP>
      <MYSELF>1</MYSELF>
      <COLIIDNUM>0</COLIIDNUM>
      <RESTITUTION>0.500000</RESTITUTION>
      <FRICTION>0.500000</FRICTION>
      <FORBIDROT>0</FORBIDROT>
    </RigidElem>
    <RigidElem>
      <ChildName>J_Sec_L_TopsUpperLegSide_01_Joint</ChildName>
      <ColType>1</ColType>
      <SkipFlag>0</SkipFlag>
      <ShpRate>0.600000</ShpRate>
      <BoxzRate>0.600000</BoxzRate>
      <LK>2</LK>
      <CUSLK>100.000000</CUSLK>
      <AK>2</AK>
      <CUSAK>0.500000</CUSAK>
      <Mass>1.000000</Mass>
      <LDMP>0.500000</LDMP>
      <ADMP>0.500000</ADMP>
      <BTG>-0.090000</BTG>
      <DMPANIML>0.000000</DMPANIML>
      <DMPANIMA>0.000000</DMPANIMA>
      <GROUP>2</GROUP>
      <MYSELF>1</MYSELF>
      <COLIIDNUM>0</COLIIDNUM>
      <RESTITUTION>0.500000</RESTITUTION>
      <FRICTION>0.500000</FRICTION>
      <FORBIDROT>0</FORBIDROT>
    </RigidElem>
    <RigidElem>
      <ChildName>J_Bip_L_LowerLeg_Joint</ChildName>
      <ColType>1</ColType>
      <SkipFlag>0</SkipFlag>
      <ShpRate>0.600000</ShpRate>
      <BoxzRate>0.600000</BoxzRate>
      <LK>2</LK>
      <CUSLK>100.000000</CUSLK>
      <AK>2</AK>
      <CUSAK>0.500000</CUSAK>
      <Mass>1.000000</Mass>
      <LDMP>0.500000</LDMP>
      <ADMP>0.500000</ADMP>
      <BTG>-0.090000</BTG>
      <DMPANIML>0.000000</DMPANIML>
      <DMPANIMA>0.000000</DMPANIMA>
      <GROUP>2</GROUP>
      <MYSELF>1</MYSELF>
      <COLIIDNUM>0</COLIIDNUM>
      <RESTITUTION>0.500000</RESTITUTION>
      <FRICTION>0.500000</FRICTION>
      <FORBIDROT>0</FORBIDROT>
    </RigidElem>
  </Bone>
  <Bone>
    <Name>J_Sec_L_TopsUpperLegBack_01_Joint</Name>
    <BTKIN>0</BTKIN>
    <RigidElem>
      <ChildName>J_Sec_R_TopsUpperLegBack_end_01_Joint</ChildName>
      <ColType>1</ColType>
      <SkipFlag>0</SkipFlag>
      <ShpRate>0.600000</ShpRate>
      <BoxzRate>0.600000</BoxzRate>
      <LK>2</LK>
      <CUSLK>100.000000</CUSLK>
      <AK>2</AK>
      <CUSAK>0.500000</CUSAK>
      <Mass>1.000000</Mass>
      <LDMP>0.500000</LDMP>
      <ADMP>0.500000</ADMP>
      <BTG>-0.090000</BTG>
      <DMPANIML>0.000000</DMPANIML>
      <DMPANIMA>0.000000</DMPANIMA>
      <GROUP>2</GROUP>
      <MYSELF>1</MYSELF>
      <COLIIDNUM>0</COLIIDNUM>
      <RESTITUTION>0.500000</RESTITUTION>
      <FRICTION>0.500000</FRICTION>
      <FORBIDROT>0</FORBIDROT>
    </RigidElem>
  </Bone>
  <Bone>
    <Name>J_Sec_L_TopsUpperLegFront_01_Joint</Name>
    <BTKIN>0</BTKIN>
    <RigidElem>
      <ChildName>J_Sec_L_TopsUpperLegFront_end_01_Joint</ChildName>
      <ColType>1</ColType>
      <SkipFlag>0</SkipFlag>
      <ShpRate>0.600000</ShpRate>
      <BoxzRate>0.600000</BoxzRate>
      <LK>2</LK>
      <CUSLK>100.000000</CUSLK>
      <AK>2</AK>
      <CUSAK>0.500000</CUSAK>
      <Mass>1.000000</Mass>
      <LDMP>0.500000</LDMP>
      <ADMP>0.500000</ADMP>
      <BTG>-0.090000</BTG>
      <DMPANIML>0.000000</DMPANIML>
      <DMPANIMA>0.000000</DMPANIMA>
      <GROUP>2</GROUP>
      <MYSELF>1</MYSELF>
      <COLIIDNUM>0</COLIIDNUM>
      <RESTITUTION>0.500000</RESTITUTION>
      <FRICTION>0.500000</FRICTION>
      <FORBIDROT>0</FORBIDROT>
    </RigidElem>
  </Bone>
  <Bone>
    <Name>J_Sec_L_TopsUpperLegSide_01_Joint</Name>
    <BTKIN>0</BTKIN>
    <RigidElem>
      <ChildName>J_Sec_L_TopsUpperLegSide_end_01_Joint</ChildName>
      <ColType>1</ColType>
      <SkipFlag>0</SkipFlag>
      <ShpRate>0.600000</ShpRate>
      <BoxzRate>0.600000</BoxzRate>
      <LK>2</LK>
      <CUSLK>100.000000</CUSLK>
      <AK>2</AK>
      <CUSAK>0.500000</CUSAK>
      <Mass>1.000000</Mass>
      <LDMP>0.500000</LDMP>
      <ADMP>0.500000</ADMP>
      <BTG>-0.090000</BTG>
      <DMPANIML>0.000000</DMPANIML>
      <DMPANIMA>0.000000</DMPANIMA>
      <GROUP>2</GROUP>
      <MYSELF>1</MYSELF>
      <COLIIDNUM>0</COLIIDNUM>
      <RESTITUTION>0.500000</RESTITUTION>
      <FRICTION>0.500000</FRICTION>
      <FORBIDROT>0</FORBIDROT>
    </RigidElem>
  </Bone>
  <Bone>
    <Name>J_Bip_L_LowerLeg_Joint</Name>
    <BTKIN>0</BTKIN>
    <RigidElem>
      <ChildName>J_Bip_L_Foot_Joint</ChildName>
      <ColType>1</ColType>
      <SkipFlag>0</SkipFlag>
      <ShpRate>0.600000</ShpRate>
      <BoxzRate>0.600000</BoxzRate>
      <LK>2</LK>
      <CUSLK>100.000000</CUSLK>
      <AK>2</AK>
      <CUSAK>0.500000</CUSAK>
      <Mass>1.000000</Mass>
      <LDMP>0.500000</LDMP>
      <ADMP>0.500000</ADMP>
      <BTG>-0.090000</BTG>
      <DMPANIML>0.000000</DMPANIML>
      <DMPANIMA>0.000000</DMPANIMA>
      <GROUP>2</GROUP>
      <MYSELF>1</MYSELF>
      <COLIIDNUM>0</COLIIDNUM>
      <RESTITUTION>0.500000</RESTITUTION>
      <FRICTION>0.500000</FRICTION>
      <FORBIDROT>0</FORBIDROT>
    </RigidElem>
  </Bone>
  <Bone>
    <Name>J_Bip_L_Foot_Joint</Name>
    <BTKIN>0</BTKIN>
    <RigidElem>
      <ChildName>J_Bip_L_ToeBase_Joint</ChildName>
      <ColType>1</ColType>
      <SkipFlag>0</SkipFlag>
      <ShpRate>0.600000</ShpRate>
      <BoxzRate>0.600000</BoxzRate>
      <LK>2</LK>
      <CUSLK>100.000000</CUSLK>
      <AK>2</AK>
      <CUSAK>0.500000</CUSAK>
      <Mass>1.000000</Mass>
      <LDMP>0.500000</LDMP>
      <ADMP>0.500000</ADMP>
      <BTG>-0.090000</BTG>
      <DMPANIML>0.000000</DMPANIML>
      <DMPANIMA>0.000000</DMPANIMA>
      <GROUP>2</GROUP>
      <MYSELF>1</MYSELF>
      <COLIIDNUM>0</COLIIDNUM>
      <RESTITUTION>0.500000</RESTITUTION>
      <FRICTION>0.500000</FRICTION>
      <FORBIDROT>0</FORBIDROT>
    </RigidElem>
  </Bone>
  <Bone>
    <Name>J_Bip_R_UpperLeg_Joint</Name>
    <BTKIN>0</BTKIN>
    <RigidElem>
      <ChildName>J_Sec_R_TopsUpperLegBack_01_Joint</ChildName>
      <ColType>1</ColType>
      <SkipFlag>0</SkipFlag>
      <ShpRate>0.600000</ShpRate>
      <BoxzRate>0.600000</BoxzRate>
      <LK>2</LK>
      <CUSLK>100.000000</CUSLK>
      <AK>2</AK>
      <CUSAK>0.500000</CUSAK>
      <Mass>1.000000</Mass>
      <LDMP>0.500000</LDMP>
      <ADMP>0.500000</ADMP>
      <BTG>-0.090000</BTG>
      <DMPANIML>0.000000</DMPANIML>
      <DMPANIMA>0.000000</DMPANIMA>
      <GROUP>2</GROUP>
      <MYSELF>1</MYSELF>
      <COLIIDNUM>0</COLIIDNUM>
      <RESTITUTION>0.500000</RESTITUTION>
      <FRICTION>0.500000</FRICTION>
      <FORBIDROT>0</FORBIDROT>
    </RigidElem>
    <RigidElem>
      <ChildName>J_Sec_R_TopsUpperLegFront_01_Joint</ChildName>
      <ColType>1</ColType>
      <SkipFlag>0</SkipFlag>
      <ShpRate>0.600000</ShpRate>
      <BoxzRate>0.600000</BoxzRate>
      <LK>2</LK>
      <CUSLK>100.000000</CUSLK>
      <AK>2</AK>
      <CUSAK>0.500000</CUSAK>
      <Mass>1.000000</Mass>
      <LDMP>0.500000</LDMP>
      <ADMP>0.500000</ADMP>
      <BTG>-0.090000</BTG>
      <DMPANIML>0.000000</DMPANIML>
      <DMPANIMA>0.000000</DMPANIMA>
      <GROUP>2</GROUP>
      <MYSELF>1</MYSELF>
      <COLIIDNUM>0</COLIIDNUM>
      <RESTITUTION>0.500000</RESTITUTION>
      <FRICTION>0.500000</FRICTION>
      <FORBIDROT>0</FORBIDROT>
    </RigidElem>
    <RigidElem>
      <ChildName>J_Sec_R_TopsUpperLegSide_01_Joint</ChildName>
      <ColType>1</ColType>
      <SkipFlag>0</SkipFlag>
      <ShpRate>0.600000</ShpRate>
      <BoxzRate>0.600000</BoxzRate>
      <LK>2</LK>
      <CUSLK>100.000000</CUSLK>
      <AK>2</AK>
      <CUSAK>0.500000</CUSAK>
      <Mass>1.000000</Mass>
      <LDMP>0.500000</LDMP>
      <ADMP>0.500000</ADMP>
      <BTG>-0.090000</BTG>
      <DMPANIML>0.000000</DMPANIML>
      <DMPANIMA>0.000000</DMPANIMA>
      <GROUP>2</GROUP>
      <MYSELF>1</MYSELF>
      <COLIIDNUM>0</COLIIDNUM>
      <RESTITUTION>0.500000</RESTITUTION>
      <FRICTION>0.500000</FRICTION>
      <FORBIDROT>0</FORBIDROT>
    </RigidElem>
    <RigidElem>
      <ChildName>J_Bip_R_LowerLeg_Joint</ChildName>
      <ColType>1</ColType>
      <SkipFlag>0</SkipFlag>
      <ShpRate>0.600000</ShpRate>
      <BoxzRate>0.600000</BoxzRate>
      <LK>2</LK>
      <CUSLK>100.000000</CUSLK>
      <AK>2</AK>
      <CUSAK>0.500000</CUSAK>
      <Mass>1.000000</Mass>
      <LDMP>0.500000</LDMP>
      <ADMP>0.500000</ADMP>
      <BTG>-0.090000</BTG>
      <DMPANIML>0.000000</DMPANIML>
      <DMPANIMA>0.000000</DMPANIMA>
      <GROUP>2</GROUP>
      <MYSELF>1</MYSELF>
      <COLIIDNUM>0</COLIIDNUM>
      <RESTITUTION>0.500000</RESTITUTION>
      <FRICTION>0.500000</FRICTION>
      <FORBIDROT>0</FORBIDROT>
    </RigidElem>
  </Bone>
  <Bone>
    <Name>J_Sec_R_TopsUpperLegBack_01_Joint</Name>
    <BTKIN>0</BTKIN>
    <RigidElem>
      <ChildName>J_Sec_R_TopsUpperLegBack_end_1_01_Joint</ChildName>
      <ColType>1</ColType>
      <SkipFlag>0</SkipFlag>
      <ShpRate>0.600000</ShpRate>
      <BoxzRate>0.600000</BoxzRate>
      <LK>2</LK>
      <CUSLK>100.000000</CUSLK>
      <AK>2</AK>
      <CUSAK>0.500000</CUSAK>
      <Mass>1.000000</Mass>
      <LDMP>0.500000</LDMP>
      <ADMP>0.500000</ADMP>
      <BTG>-0.090000</BTG>
      <DMPANIML>0.000000</DMPANIML>
      <DMPANIMA>0.000000</DMPANIMA>
      <GROUP>2</GROUP>
      <MYSELF>1</MYSELF>
      <COLIIDNUM>0</COLIIDNUM>
      <RESTITUTION>0.500000</RESTITUTION>
      <FRICTION>0.500000</FRICTION>
      <FORBIDROT>0</FORBIDROT>
    </RigidElem>
  </Bone>
  <Bone>
    <Name>J_Sec_R_TopsUpperLegFront_01_Joint</Name>
    <BTKIN>0</BTKIN>
    <RigidElem>
      <ChildName>J_Sec_R_TopsUpperLegFront_end_01_Joint</ChildName>
      <ColType>1</ColType>
      <SkipFlag>0</SkipFlag>
      <ShpRate>0.600000</ShpRate>
      <BoxzRate>0.600000</BoxzRate>
      <LK>2</LK>
      <CUSLK>100.000000</CUSLK>
      <AK>2</AK>
      <CUSAK>0.500000</CUSAK>
      <Mass>1.000000</Mass>
      <LDMP>0.500000</LDMP>
      <ADMP>0.500000</ADMP>
      <BTG>-0.090000</BTG>
      <DMPANIML>0.000000</DMPANIML>
      <DMPANIMA>0.000000</DMPANIMA>
      <GROUP>2</GROUP>
      <MYSELF>1</MYSELF>
      <COLIIDNUM>0</COLIIDNUM>
      <RESTITUTION>0.500000</RESTITUTION>
      <FRICTION>0.500000</FRICTION>
      <FORBIDROT>0</FORBIDROT>
    </RigidElem>
  </Bone>
  <Bone>
    <Name>J_Sec_R_TopsUpperLegSide_01_Joint</Name>
    <BTKIN>0</BTKIN>
    <RigidElem>
      <ChildName>J_Sec_R_TopsUpperLegSide_end_01_Joint</ChildName>
      <ColType>1</ColType>
      <SkipFlag>0</SkipFlag>
      <ShpRate>0.600000</ShpRate>
      <BoxzRate>0.600000</BoxzRate>
      <LK>2</LK>
      <CUSLK>100.000000</CUSLK>
      <AK>2</AK>
      <CUSAK>0.500000</CUSAK>
      <Mass>1.000000</Mass>
      <LDMP>0.500000</LDMP>
      <ADMP>0.500000</ADMP>
      <BTG>-0.090000</BTG>
      <DMPANIML>0.000000</DMPANIML>
      <DMPANIMA>0.000000</DMPANIMA>
      <GROUP>2</GROUP>
      <MYSELF>1</MYSELF>
      <COLIIDNUM>0</COLIIDNUM>
      <RESTITUTION>0.500000</RESTITUTION>
      <FRICTION>0.500000</FRICTION>
      <FORBIDROT>0</FORBIDROT>
    </RigidElem>
  </Bone>
  <Bone>
    <Name>J_Bip_R_LowerLeg_Joint</Name>
    <BTKIN>0</BTKIN>
    <RigidElem>
      <ChildName>J_Bip_R_Foot_Joint</ChildName>
      <ColType>1</ColType>
      <SkipFlag>0</SkipFlag>
      <ShpRate>0.600000</ShpRate>
      <BoxzRate>0.600000</BoxzRate>
      <LK>2</LK>
      <CUSLK>100.000000</CUSLK>
      <AK>2</AK>
      <CUSAK>0.500000</CUSAK>
      <Mass>1.000000</Mass>
      <LDMP>0.500000</LDMP>
      <ADMP>0.500000</ADMP>
      <BTG>-0.090000</BTG>
      <DMPANIML>0.000000</DMPANIML>
      <DMPANIMA>0.000000</DMPANIMA>
      <GROUP>2</GROUP>
      <MYSELF>1</MYSELF>
      <COLIIDNUM>0</COLIIDNUM>
      <RESTITUTION>0.500000</RESTITUTION>
      <FRICTION>0.500000</FRICTION>
      <FORBIDROT>0</FORBIDROT>
    </RigidElem>
  </Bone>
  <Bone>
    <Name>J_Bip_R_Foot_Joint</Name>
    <BTKIN>0</BTKIN>
    <RigidElem>
      <ChildName>J_Bip_R_ToeBase_Joint</ChildName>
      <ColType>1</ColType>
      <SkipFlag>0</SkipFlag>
      <ShpRate>0.600000</ShpRate>
      <BoxzRate>0.600000</BoxzRate>
      <LK>2</LK>
      <CUSLK>100.000000</CUSLK>
      <AK>2</AK>
      <CUSAK>0.500000</CUSAK>
      <Mass>1.000000</Mass>
      <LDMP>0.500000</LDMP>
      <ADMP>0.500000</ADMP>
      <BTG>-0.090000</BTG>
      <DMPANIML>0.000000</DMPANIML>
      <DMPANIMA>0.000000</DMPANIMA>
      <GROUP>2</GROUP>
      <MYSELF>1</MYSELF>
      <COLIIDNUM>0</COLIIDNUM>
      <RESTITUTION>0.500000</RESTITUTION>
      <FRICTION>0.500000</FRICTION>
      <FORBIDROT>0</FORBIDROT>
    </RigidElem>
  </Bone>
</RIGIDELEM>
