<?xml version="1.0" encoding="Shift_JIS"?>
<RIGIDELEM>
    <FileInfo>1001-01</FileInfo>
    <SCBTG>9.070000</SCBTG>
  <Bone>
    <Name>Hips_Joint</Name>
    <BTKIN>0</BTKIN>
    <RigidElem>
      <ChildName>Hips_bunki1_Joint</ChildName>
      <ColType>1</ColType>
      <SkipFlag>1</SkipFlag>
      <ShpRate>0.600000</ShpRate>
      <LK>3</LK>
      <CUSLK>1500.000000</CUSLK>
      <AK>3</AK>
      <CUSAK>30.000000</CUSAK>
      <Mass>0.000000</Mass>
      <LDMP>0.500000</LDMP>
      <ADMP>0.500000</ADMP>
      <BTG>-0.090000</BTG>
      <DMPANIML>0.000000</DMPANIML>
      <DMPANIMA>0.000000</DMPANIMA>
      <GROUP>2</GROUP>
      <MYSELF>1</MYSELF>
      <COLIIDNUM>1</COLIIDNUM>
      <COLIID>1</COLIID>
      <RESTITUTION>0.500000</RESTITUTION>
      <FRICTION>0.500000</FRICTION>
      <FORBIDROT>0</FORBIDROT>
    </RigidElem>
    <RigidElem>
      <ChildName>Hips_bunki2_Joint</ChildName>
      <ColType>1</ColType>
      <SkipFlag>1</SkipFlag>
      <ShpRate>0.600000</ShpRate>
      <LK>3</LK>
      <CUSLK>1500.000000</CUSLK>
      <AK>3</AK>
      <CUSAK>30.000000</CUSAK>
      <Mass>0.000000</Mass>
      <LDMP>0.500000</LDMP>
      <ADMP>0.500000</ADMP>
      <BTG>-0.090000</BTG>
      <DMPANIML>0.000000</DMPANIML>
      <DMPANIMA>0.000000</DMPANIMA>
      <GROUP>2</GROUP>
      <MYSELF>1</MYSELF>
      <COLIIDNUM>1</COLIIDNUM>
      <COLIID>1</COLIID>
      <RESTITUTION>0.500000</RESTITUTION>
      <FRICTION>0.500000</FRICTION>
      <FORBIDROT>0</FORBIDROT>
    </RigidElem>
    <RigidElem>
      <ChildName>Hips_bunki0_Joint</ChildName>
      <ColType>1</ColType>
      <SkipFlag>1</SkipFlag>
      <ShpRate>0.600000</ShpRate>
      <LK>3</LK>
      <CUSLK>1500.000000</CUSLK>
      <AK>3</AK>
      <CUSAK>30.000000</CUSAK>
      <Mass>0.000000</Mass>
      <LDMP>0.500000</LDMP>
      <ADMP>0.500000</ADMP>
      <BTG>-0.090000</BTG>
      <DMPANIML>0.000000</DMPANIML>
      <DMPANIMA>0.000000</DMPANIMA>
      <GROUP>2</GROUP>
      <MYSELF>1</MYSELF>
      <COLIIDNUM>1</COLIIDNUM>
      <COLIID>1</COLIID>
      <RESTITUTION>0.500000</RESTITUTION>
      <FRICTION>0.500000</FRICTION>
      <FORBIDROT>0</FORBIDROT>
    </RigidElem>
  </Bone>
  <Bone>
    <Name>Hips_bunki1_Joint</Name>
    <BTKIN>0</BTKIN>
    <RigidElem>
      <ChildName>LHipJoint_Joint</ChildName>
      <ColType>1</ColType>
      <SkipFlag>1</SkipFlag>
      <ShpRate>0.600000</ShpRate>
      <LK>3</LK>
      <CUSLK>1500.000000</CUSLK>
      <AK>3</AK>
      <CUSAK>30.000000</CUSAK>
      <Mass>0.000000</Mass>
      <LDMP>0.500000</LDMP>
      <ADMP>0.500000</ADMP>
      <BTG>-0.090000</BTG>
      <DMPANIML>0.000000</DMPANIML>
      <DMPANIMA>0.000000</DMPANIMA>
      <GROUP>2</GROUP>
      <MYSELF>1</MYSELF>
      <COLIIDNUM>1</COLIIDNUM>
      <COLIID>1</COLIID>
      <RESTITUTION>0.500000</RESTITUTION>
      <FRICTION>0.500000</FRICTION>
      <FORBIDROT>0</FORBIDROT>
    </RigidElem>
  </Bone>
  <Bone>
    <Name>LHipJoint_Joint</Name>
    <BTKIN>0</BTKIN>
    <RigidElem>
      <ChildName>LeftUpLeg_Joint</ChildName>
      <ColType>1</ColType>
      <SkipFlag>1</SkipFlag>
      <ShpRate>0.600000</ShpRate>
      <LK>3</LK>
      <CUSLK>1500.000000</CUSLK>
      <AK>3</AK>
      <CUSAK>30.000000</CUSAK>
      <Mass>26.564207</Mass>
      <LDMP>0.500000</LDMP>
      <ADMP>0.500000</ADMP>
      <BTG>-0.090000</BTG>
      <DMPANIML>0.000000</DMPANIML>
      <DMPANIMA>0.000000</DMPANIMA>
      <GROUP>2</GROUP>
      <MYSELF>1</MYSELF>
      <COLIIDNUM>1</COLIIDNUM>
      <COLIID>1</COLIID>
      <RESTITUTION>0.500000</RESTITUTION>
      <FRICTION>0.500000</FRICTION>
      <FORBIDROT>0</FORBIDROT>
    </RigidElem>
  </Bone>
  <Bone>
    <Name>LeftUpLeg_Joint</Name>
    <BTKIN>0</BTKIN>
    <RigidElem>
      <ChildName>LeftLeg_Joint</ChildName>
      <ColType>1</ColType>
      <SkipFlag>1</SkipFlag>
      <ShpRate>0.600000</ShpRate>
      <LK>3</LK>
      <CUSLK>1500.000000</CUSLK>
      <AK>3</AK>
      <CUSAK>30.000000</CUSAK>
      <Mass>53.332180</Mass>
      <LDMP>0.500000</LDMP>
      <ADMP>0.500000</ADMP>
      <BTG>-0.090000</BTG>
      <DMPANIML>0.000000</DMPANIML>
      <DMPANIMA>0.000000</DMPANIMA>
      <GROUP>2</GROUP>
      <MYSELF>1</MYSELF>
      <COLIIDNUM>1</COLIIDNUM>
      <COLIID>1</COLIID>
      <RESTITUTION>0.500000</RESTITUTION>
      <FRICTION>0.500000</FRICTION>
      <FORBIDROT>0</FORBIDROT>
    </RigidElem>
  </Bone>
  <Bone>
    <Name>LeftLeg_Joint</Name>
    <BTKIN>0</BTKIN>
    <RigidElem>
      <ChildName>LeftFoot_Joint</ChildName>
      <ColType>1</ColType>
      <SkipFlag>1</SkipFlag>
      <ShpRate>0.600000</ShpRate>
      <LK>3</LK>
      <CUSLK>1500.000000</CUSLK>
      <AK>3</AK>
      <CUSAK>30.000000</CUSAK>
      <Mass>63.601078</Mass>
      <LDMP>0.500000</LDMP>
      <ADMP>0.500000</ADMP>
      <BTG>-0.090000</BTG>
      <DMPANIML>0.000000</DMPANIML>
      <DMPANIMA>0.000000</DMPANIMA>
      <GROUP>2</GROUP>
      <MYSELF>1</MYSELF>
      <COLIIDNUM>1</COLIIDNUM>
      <COLIID>1</COLIID>
      <RESTITUTION>0.500000</RESTITUTION>
      <FRICTION>0.500000</FRICTION>
      <FORBIDROT>0</FORBIDROT>
    </RigidElem>
  </Bone>
  <Bone>
    <Name>LeftFoot_Joint</Name>
    <BTKIN>0</BTKIN>
    <RigidElem>
      <ChildName>LeftToeBase_Joint</ChildName>
      <ColType>1</ColType>
      <SkipFlag>1</SkipFlag>
      <ShpRate>0.600000</ShpRate>
      <LK>3</LK>
      <CUSLK>1500.000000</CUSLK>
      <AK>3</AK>
      <CUSAK>30.000000</CUSAK>
      <Mass>18.836615</Mass>
      <LDMP>0.500000</LDMP>
      <ADMP>0.500000</ADMP>
      <BTG>-0.090000</BTG>
      <DMPANIML>0.000000</DMPANIML>
      <DMPANIMA>0.000000</DMPANIMA>
      <GROUP>2</GROUP>
      <MYSELF>1</MYSELF>
      <COLIIDNUM>1</COLIIDNUM>
      <COLIID>1</COLIID>
      <RESTITUTION>0.500000</RESTITUTION>
      <FRICTION>0.500000</FRICTION>
      <FORBIDROT>0</FORBIDROT>
    </RigidElem>
  </Bone>
  <Bone>
    <Name>LeftToeBase_Joint</Name>
    <BTKIN>0</BTKIN>
    <RigidElem>
      <ChildName>Site_13_Joint</ChildName>
      <ColType>1</ColType>
      <SkipFlag>1</SkipFlag>
      <ShpRate>0.600000</ShpRate>
      <LK>3</LK>
      <CUSLK>1500.000000</CUSLK>
      <AK>3</AK>
      <CUSAK>30.000000</CUSAK>
      <Mass>9.345423</Mass>
      <LDMP>0.500000</LDMP>
      <ADMP>0.500000</ADMP>
      <BTG>-0.090000</BTG>
      <DMPANIML>0.000000</DMPANIML>
      <DMPANIMA>0.000000</DMPANIMA>
      <GROUP>2</GROUP>
      <MYSELF>1</MYSELF>
      <COLIIDNUM>1</COLIIDNUM>
      <COLIID>1</COLIID>
      <RESTITUTION>0.500000</RESTITUTION>
      <FRICTION>0.500000</FRICTION>
      <FORBIDROT>0</FORBIDROT>
    </RigidElem>
  </Bone>
  <Bone>
    <Name>Hips_bunki2_Joint</Name>
    <BTKIN>0</BTKIN>
    <RigidElem>
      <ChildName>RHipJoint_Joint</ChildName>
      <ColType>1</ColType>
      <SkipFlag>1</SkipFlag>
      <ShpRate>0.600000</ShpRate>
      <LK>3</LK>
      <CUSLK>1500.000000</CUSLK>
      <AK>3</AK>
      <CUSAK>30.000000</CUSAK>
      <Mass>0.000000</Mass>
      <LDMP>0.500000</LDMP>
      <ADMP>0.500000</ADMP>
      <BTG>-0.090000</BTG>
      <DMPANIML>0.000000</DMPANIML>
      <DMPANIMA>0.000000</DMPANIMA>
      <GROUP>2</GROUP>
      <MYSELF>1</MYSELF>
      <COLIIDNUM>1</COLIIDNUM>
      <COLIID>1</COLIID>
      <RESTITUTION>0.500000</RESTITUTION>
      <FRICTION>0.500000</FRICTION>
      <FORBIDROT>0</FORBIDROT>
    </RigidElem>
  </Bone>
  <Bone>
    <Name>RHipJoint_Joint</Name>
    <BTKIN>0</BTKIN>
    <RigidElem>
      <ChildName>RightUpLeg_Joint</ChildName>
      <ColType>1</ColType>
      <SkipFlag>1</SkipFlag>
      <ShpRate>0.600000</ShpRate>
      <LK>3</LK>
      <CUSLK>1500.000000</CUSLK>
      <AK>3</AK>
      <CUSAK>30.000000</CUSAK>
      <Mass>25.821081</Mass>
      <LDMP>0.500000</LDMP>
      <ADMP>0.500000</ADMP>
      <BTG>-0.090000</BTG>
      <DMPANIML>0.000000</DMPANIML>
      <DMPANIMA>0.000000</DMPANIMA>
      <GROUP>2</GROUP>
      <MYSELF>1</MYSELF>
      <COLIIDNUM>1</COLIIDNUM>
      <COLIID>1</COLIID>
      <RESTITUTION>0.500000</RESTITUTION>
      <FRICTION>0.500000</FRICTION>
      <FORBIDROT>0</FORBIDROT>
    </RigidElem>
  </Bone>
  <Bone>
    <Name>RightUpLeg_Joint</Name>
    <BTKIN>0</BTKIN>
    <RigidElem>
      <ChildName>RightLeg_Joint</ChildName>
      <ColType>1</ColType>
      <SkipFlag>1</SkipFlag>
      <ShpRate>0.600000</ShpRate>
      <LK>3</LK>
      <CUSLK>1500.000000</CUSLK>
      <AK>3</AK>
      <CUSAK>30.000000</CUSAK>
      <Mass>56.048313</Mass>
      <LDMP>0.500000</LDMP>
      <ADMP>0.500000</ADMP>
      <BTG>-0.090000</BTG>
      <DMPANIML>0.000000</DMPANIML>
      <DMPANIMA>0.000000</DMPANIMA>
      <GROUP>2</GROUP>
      <MYSELF>1</MYSELF>
      <COLIIDNUM>1</COLIIDNUM>
      <COLIID>1</COLIID>
      <RESTITUTION>0.500000</RESTITUTION>
      <FRICTION>0.500000</FRICTION>
      <FORBIDROT>0</FORBIDROT>
    </RigidElem>
  </Bone>
  <Bone>
    <Name>RightLeg_Joint</Name>
    <BTKIN>0</BTKIN>
    <RigidElem>
      <ChildName>RightFoot_Joint</ChildName>
      <ColType>1</ColType>
      <SkipFlag>1</SkipFlag>
      <ShpRate>0.600000</ShpRate>
      <LK>3</LK>
      <CUSLK>1500.000000</CUSLK>
      <AK>3</AK>
      <CUSAK>30.000000</CUSAK>
      <Mass>65.081543</Mass>
      <LDMP>0.500000</LDMP>
      <ADMP>0.500000</ADMP>
      <BTG>-0.090000</BTG>
      <DMPANIML>0.000000</DMPANIML>
      <DMPANIMA>0.000000</DMPANIMA>
      <GROUP>2</GROUP>
      <MYSELF>1</MYSELF>
      <COLIIDNUM>1</COLIIDNUM>
      <COLIID>1</COLIID>
      <RESTITUTION>0.500000</RESTITUTION>
      <FRICTION>0.500000</FRICTION>
      <FORBIDROT>0</FORBIDROT>
    </RigidElem>
  </Bone>
  <Bone>
    <Name>RightFoot_Joint</Name>
    <BTKIN>0</BTKIN>
    <RigidElem>
      <ChildName>RightToeBase_Joint</ChildName>
      <ColType>1</ColType>
      <SkipFlag>1</SkipFlag>
      <ShpRate>0.600000</ShpRate>
      <LK>3</LK>
      <CUSLK>1500.000000</CUSLK>
      <AK>3</AK>
      <CUSAK>30.000000</CUSAK>
      <Mass>19.534302</Mass>
      <LDMP>0.500000</LDMP>
      <ADMP>0.500000</ADMP>
      <BTG>-0.090000</BTG>
      <DMPANIML>0.000000</DMPANIML>
      <DMPANIMA>0.000000</DMPANIMA>
      <GROUP>2</GROUP>
      <MYSELF>1</MYSELF>
      <COLIIDNUM>1</COLIIDNUM>
      <COLIID>1</COLIID>
      <RESTITUTION>0.500000</RESTITUTION>
      <FRICTION>0.500000</FRICTION>
      <FORBIDROT>0</FORBIDROT>
    </RigidElem>
  </Bone>
  <Bone>
    <Name>RightToeBase_Joint</Name>
    <BTKIN>0</BTKIN>
    <RigidElem>
      <ChildName>Site_12_Joint</ChildName>
      <ColType>1</ColType>
      <SkipFlag>1</SkipFlag>
      <ShpRate>0.600000</ShpRate>
      <LK>3</LK>
      <CUSLK>1500.000000</CUSLK>
      <AK>3</AK>
      <CUSAK>30.000000</CUSAK>
      <Mass>9.746639</Mass>
      <LDMP>0.500000</LDMP>
      <ADMP>0.500000</ADMP>
      <BTG>-0.090000</BTG>
      <DMPANIML>0.000000</DMPANIML>
      <DMPANIMA>0.000000</DMPANIMA>
      <GROUP>2</GROUP>
      <MYSELF>1</MYSELF>
      <COLIIDNUM>1</COLIIDNUM>
      <COLIID>1</COLIID>
      <RESTITUTION>0.500000</RESTITUTION>
      <FRICTION>0.500000</FRICTION>
      <FORBIDROT>0</FORBIDROT>
    </RigidElem>
  </Bone>
  <Bone>
    <Name>Hips_bunki0_Joint</Name>
    <BTKIN>0</BTKIN>
    <RigidElem>
      <ChildName>LowerBack_Joint</ChildName>
      <ColType>1</ColType>
      <SkipFlag>1</SkipFlag>
      <ShpRate>0.600000</ShpRate>
      <LK>3</LK>
      <CUSLK>1500.000000</CUSLK>
      <AK>3</AK>
      <CUSAK>30.000000</CUSAK>
      <Mass>0.000000</Mass>
      <LDMP>0.500000</LDMP>
      <ADMP>0.500000</ADMP>
      <BTG>-0.090000</BTG>
      <DMPANIML>0.000000</DMPANIML>
      <DMPANIMA>0.000000</DMPANIMA>
      <GROUP>2</GROUP>
      <MYSELF>1</MYSELF>
      <COLIIDNUM>1</COLIIDNUM>
      <COLIID>1</COLIID>
      <RESTITUTION>0.500000</RESTITUTION>
      <FRICTION>0.500000</FRICTION>
      <FORBIDROT>0</FORBIDROT>
    </RigidElem>
  </Bone>
  <Bone>
    <Name>LowerBack_Joint</Name>
    <BTKIN>0</BTKIN>
    <RigidElem>
      <ChildName>Spine_Joint</ChildName>
      <ColType>1</ColType>
      <SkipFlag>1</SkipFlag>
      <ShpRate>0.600000</ShpRate>
      <LK>3</LK>
      <CUSLK>1500.000000</CUSLK>
      <AK>3</AK>
      <CUSAK>30.000000</CUSAK>
      <Mass>18.809479</Mass>
      <LDMP>0.500000</LDMP>
      <ADMP>0.500000</ADMP>
      <BTG>-0.090000</BTG>
      <DMPANIML>0.000000</DMPANIML>
      <DMPANIMA>0.000000</DMPANIMA>
      <GROUP>2</GROUP>
      <MYSELF>1</MYSELF>
      <COLIIDNUM>1</COLIIDNUM>
      <COLIID>1</COLIID>
      <RESTITUTION>0.500000</RESTITUTION>
      <FRICTION>0.500000</FRICTION>
      <FORBIDROT>0</FORBIDROT>
    </RigidElem>
  </Bone>
  <Bone>
    <Name>Spine_Joint</Name>
    <BTKIN>0</BTKIN>
    <RigidElem>
      <ChildName>Spine1_Joint</ChildName>
      <ColType>1</ColType>
      <SkipFlag>1</SkipFlag>
      <ShpRate>0.600000</ShpRate>
      <LK>3</LK>
      <CUSLK>1500.000000</CUSLK>
      <AK>3</AK>
      <CUSAK>30.000000</CUSAK>
      <Mass>18.568563</Mass>
      <LDMP>0.500000</LDMP>
      <ADMP>0.500000</ADMP>
      <BTG>-0.090000</BTG>
      <DMPANIML>0.000000</DMPANIML>
      <DMPANIMA>0.000000</DMPANIMA>
      <GROUP>2</GROUP>
      <MYSELF>1</MYSELF>
      <COLIIDNUM>1</COLIIDNUM>
      <COLIID>1</COLIID>
      <RESTITUTION>0.500000</RESTITUTION>
      <FRICTION>0.500000</FRICTION>
      <FORBIDROT>0</FORBIDROT>
    </RigidElem>
  </Bone>
  <Bone>
    <Name>Spine1_Joint</Name>
    <BTKIN>0</BTKIN>
    <RigidElem>
      <ChildName>Spine1_bunki1_Joint</ChildName>
      <ColType>1</ColType>
      <SkipFlag>1</SkipFlag>
      <ShpRate>0.600000</ShpRate>
      <LK>3</LK>
      <CUSLK>1500.000000</CUSLK>
      <AK>3</AK>
      <CUSAK>30.000000</CUSAK>
      <Mass>0.000000</Mass>
      <LDMP>0.500000</LDMP>
      <ADMP>0.500000</ADMP>
      <BTG>-0.090000</BTG>
      <DMPANIML>0.000000</DMPANIML>
      <DMPANIMA>0.000000</DMPANIMA>
      <GROUP>2</GROUP>
      <MYSELF>1</MYSELF>
      <COLIIDNUM>1</COLIIDNUM>
      <COLIID>1</COLIID>
      <RESTITUTION>0.500000</RESTITUTION>
      <FRICTION>0.500000</FRICTION>
      <FORBIDROT>0</FORBIDROT>
    </RigidElem>
    <RigidElem>
      <ChildName>Spine1_bunki2_Joint</ChildName>
      <ColType>1</ColType>
      <SkipFlag>1</SkipFlag>
      <ShpRate>0.600000</ShpRate>
      <LK>3</LK>
      <CUSLK>1500.000000</CUSLK>
      <AK>3</AK>
      <CUSAK>30.000000</CUSAK>
      <Mass>0.000000</Mass>
      <LDMP>0.500000</LDMP>
      <ADMP>0.500000</ADMP>
      <BTG>-0.090000</BTG>
      <DMPANIML>0.000000</DMPANIML>
      <DMPANIMA>0.000000</DMPANIMA>
      <GROUP>2</GROUP>
      <MYSELF>1</MYSELF>
      <COLIIDNUM>1</COLIIDNUM>
      <COLIID>1</COLIID>
      <RESTITUTION>0.500000</RESTITUTION>
      <FRICTION>0.500000</FRICTION>
      <FORBIDROT>0</FORBIDROT>
    </RigidElem>
    <RigidElem>
      <ChildName>Spine1_bunki0_Joint</ChildName>
      <ColType>1</ColType>
      <SkipFlag>1</SkipFlag>
      <ShpRate>0.600000</ShpRate>
      <LK>3</LK>
      <CUSLK>1500.000000</CUSLK>
      <AK>3</AK>
      <CUSAK>30.000000</CUSAK>
      <Mass>0.000000</Mass>
      <LDMP>0.500000</LDMP>
      <ADMP>0.500000</ADMP>
      <BTG>-0.090000</BTG>
      <DMPANIML>0.000000</DMPANIML>
      <DMPANIMA>0.000000</DMPANIMA>
      <GROUP>2</GROUP>
      <MYSELF>1</MYSELF>
      <COLIIDNUM>1</COLIIDNUM>
      <COLIID>1</COLIID>
      <RESTITUTION>0.500000</RESTITUTION>
      <FRICTION>0.500000</FRICTION>
      <FORBIDROT>0</FORBIDROT>
    </RigidElem>
  </Bone>
  <Bone>
    <Name>Spine1_bunki1_Joint</Name>
    <BTKIN>0</BTKIN>
    <RigidElem>
      <ChildName>Neck_Joint</ChildName>
      <ColType>1</ColType>
      <SkipFlag>1</SkipFlag>
      <ShpRate>0.600000</ShpRate>
      <LK>3</LK>
      <CUSLK>1500.000000</CUSLK>
      <AK>3</AK>
      <CUSAK>30.000000</CUSAK>
      <Mass>0.000000</Mass>
      <LDMP>0.500000</LDMP>
      <ADMP>0.500000</ADMP>
      <BTG>-0.090000</BTG>
      <DMPANIML>0.000000</DMPANIML>
      <DMPANIMA>0.000000</DMPANIMA>
      <GROUP>2</GROUP>
      <MYSELF>1</MYSELF>
      <COLIIDNUM>1</COLIIDNUM>
      <COLIID>1</COLIID>
      <RESTITUTION>0.500000</RESTITUTION>
      <FRICTION>0.500000</FRICTION>
      <FORBIDROT>0</FORBIDROT>
    </RigidElem>
  </Bone>
  <Bone>
    <Name>Neck_Joint</Name>
    <BTKIN>0</BTKIN>
    <RigidElem>
      <ChildName>Neck1_Joint</ChildName>
      <ColType>1</ColType>
      <SkipFlag>1</SkipFlag>
      <ShpRate>0.600000</ShpRate>
      <LK>3</LK>
      <CUSLK>1500.000000</CUSLK>
      <AK>3</AK>
      <CUSAK>30.000000</CUSAK>
      <Mass>12.591882</Mass>
      <LDMP>0.500000</LDMP>
      <ADMP>0.500000</ADMP>
      <BTG>-0.090000</BTG>
      <DMPANIML>0.000000</DMPANIML>
      <DMPANIMA>0.000000</DMPANIMA>
      <GROUP>2</GROUP>
      <MYSELF>1</MYSELF>
      <COLIIDNUM>1</COLIIDNUM>
      <COLIID>1</COLIID>
      <RESTITUTION>0.500000</RESTITUTION>
      <FRICTION>0.500000</FRICTION>
      <FORBIDROT>0</FORBIDROT>
    </RigidElem>
  </Bone>
  <Bone>
    <Name>Neck1_Joint</Name>
    <BTKIN>0</BTKIN>
    <RigidElem>
      <ChildName>Head_Joint</ChildName>
      <ColType>1</ColType>
      <SkipFlag>1</SkipFlag>
      <ShpRate>0.600000</ShpRate>
      <LK>3</LK>
      <CUSLK>1500.000000</CUSLK>
      <AK>3</AK>
      <CUSAK>30.000000</CUSAK>
      <Mass>13.017656</Mass>
      <LDMP>0.500000</LDMP>
      <ADMP>0.500000</ADMP>
      <BTG>-0.090000</BTG>
      <DMPANIML>0.000000</DMPANIML>
      <DMPANIMA>0.000000</DMPANIMA>
      <GROUP>2</GROUP>
      <MYSELF>1</MYSELF>
      <COLIIDNUM>1</COLIIDNUM>
      <COLIID>1</COLIID>
      <RESTITUTION>0.500000</RESTITUTION>
      <FRICTION>0.500000</FRICTION>
      <FORBIDROT>0</FORBIDROT>
    </RigidElem>
  </Bone>
  <Bone>
    <Name>Head_Joint</Name>
    <BTKIN>0</BTKIN>
    <RigidElem>
      <ChildName>Site_11_Joint</ChildName>
      <ColType>1</ColType>
      <SkipFlag>1</SkipFlag>
      <ShpRate>0.600000</ShpRate>
      <LK>3</LK>
      <CUSLK>1500.000000</CUSLK>
      <AK>3</AK>
      <CUSAK>30.000000</CUSAK>
      <Mass>13.063820</Mass>
      <LDMP>0.500000</LDMP>
      <ADMP>0.500000</ADMP>
      <BTG>-0.090000</BTG>
      <DMPANIML>0.000000</DMPANIML>
      <DMPANIMA>0.000000</DMPANIMA>
      <GROUP>2</GROUP>
      <MYSELF>1</MYSELF>
      <COLIIDNUM>1</COLIIDNUM>
      <COLIID>1</COLIID>
      <RESTITUTION>0.500000</RESTITUTION>
      <FRICTION>0.500000</FRICTION>
      <FORBIDROT>0</FORBIDROT>
    </RigidElem>
  </Bone>
  <Bone>
    <Name>Spine1_bunki2_Joint</Name>
    <BTKIN>0</BTKIN>
    <RigidElem>
      <ChildName>LeftShoulder_Joint</ChildName>
      <ColType>1</ColType>
      <SkipFlag>1</SkipFlag>
      <ShpRate>0.600000</ShpRate>
      <LK>3</LK>
      <CUSLK>1500.000000</CUSLK>
      <AK>3</AK>
      <CUSAK>30.000000</CUSAK>
      <Mass>0.000000</Mass>
      <LDMP>0.500000</LDMP>
      <ADMP>0.500000</ADMP>
      <BTG>-0.090000</BTG>
      <DMPANIML>0.000000</DMPANIML>
      <DMPANIMA>0.000000</DMPANIMA>
      <GROUP>2</GROUP>
      <MYSELF>1</MYSELF>
      <COLIIDNUM>1</COLIIDNUM>
      <COLIID>1</COLIID>
      <RESTITUTION>0.500000</RESTITUTION>
      <FRICTION>0.500000</FRICTION>
      <FORBIDROT>0</FORBIDROT>
    </RigidElem>
  </Bone>
  <Bone>
    <Name>LeftShoulder_Joint</Name>
    <BTKIN>0</BTKIN>
    <RigidElem>
      <ChildName>LeftArm_Joint</ChildName>
      <ColType>1</ColType>
      <SkipFlag>1</SkipFlag>
      <ShpRate>0.600000</ShpRate>
      <LK>3</LK>
      <CUSLK>1500.000000</CUSLK>
      <AK>3</AK>
      <CUSAK>30.000000</CUSAK>
      <Mass>26.623611</Mass>
      <LDMP>0.500000</LDMP>
      <ADMP>0.500000</ADMP>
      <BTG>-0.090000</BTG>
      <DMPANIML>0.000000</DMPANIML>
      <DMPANIMA>0.000000</DMPANIMA>
      <GROUP>2</GROUP>
      <MYSELF>1</MYSELF>
      <COLIIDNUM>1</COLIIDNUM>
      <COLIID>1</COLIID>
      <RESTITUTION>0.500000</RESTITUTION>
      <FRICTION>0.500000</FRICTION>
      <FORBIDROT>0</FORBIDROT>
    </RigidElem>
  </Bone>
  <Bone>
    <Name>LeftArm_Joint</Name>
    <BTKIN>0</BTKIN>
    <RigidElem>
      <ChildName>LeftForeArm_Joint</ChildName>
      <ColType>1</ColType>
      <SkipFlag>1</SkipFlag>
      <ShpRate>0.600000</ShpRate>
      <LK>3</LK>
      <CUSLK>1500.000000</CUSLK>
      <AK>3</AK>
      <CUSAK>30.000000</CUSAK>
      <Mass>48.750874</Mass>
      <LDMP>0.500000</LDMP>
      <ADMP>0.500000</ADMP>
      <BTG>-0.090000</BTG>
      <DMPANIML>0.000000</DMPANIML>
      <DMPANIMA>0.000000</DMPANIMA>
      <GROUP>2</GROUP>
      <MYSELF>1</MYSELF>
      <COLIIDNUM>1</COLIIDNUM>
      <COLIID>1</COLIID>
      <RESTITUTION>0.500000</RESTITUTION>
      <FRICTION>0.500000</FRICTION>
      <FORBIDROT>0</FORBIDROT>
    </RigidElem>
  </Bone>
  <Bone>
    <Name>LeftForeArm_Joint</Name>
    <BTKIN>0</BTKIN>
    <RigidElem>
      <ChildName>LeftHand_Joint</ChildName>
      <ColType>1</ColType>
      <SkipFlag>1</SkipFlag>
      <ShpRate>0.600000</ShpRate>
      <LK>3</LK>
      <CUSLK>1500.000000</CUSLK>
      <AK>3</AK>
      <CUSAK>30.000000</CUSAK>
      <Mass>27.435387</Mass>
      <LDMP>0.500000</LDMP>
      <ADMP>0.500000</ADMP>
      <BTG>-0.090000</BTG>
      <DMPANIML>0.000000</DMPANIML>
      <DMPANIMA>0.000000</DMPANIMA>
      <GROUP>2</GROUP>
      <MYSELF>1</MYSELF>
      <COLIIDNUM>1</COLIIDNUM>
      <COLIID>1</COLIID>
      <RESTITUTION>0.500000</RESTITUTION>
      <FRICTION>0.500000</FRICTION>
      <FORBIDROT>0</FORBIDROT>
    </RigidElem>
  </Bone>
  <Bone>
    <Name>LeftHand_Joint</Name>
    <BTKIN>0</BTKIN>
    <RigidElem>
      <ChildName>LeftHand_bunki1_Joint</ChildName>
      <ColType>1</ColType>
      <SkipFlag>1</SkipFlag>
      <ShpRate>0.600000</ShpRate>
      <LK>3</LK>
      <CUSLK>1500.000000</CUSLK>
      <AK>3</AK>
      <CUSAK>30.000000</CUSAK>
      <Mass>0.000000</Mass>
      <LDMP>0.500000</LDMP>
      <ADMP>0.500000</ADMP>
      <BTG>-0.090000</BTG>
      <DMPANIML>0.000000</DMPANIML>
      <DMPANIMA>0.000000</DMPANIMA>
      <GROUP>2</GROUP>
      <MYSELF>1</MYSELF>
      <COLIIDNUM>1</COLIIDNUM>
      <COLIID>1</COLIID>
      <RESTITUTION>0.500000</RESTITUTION>
      <FRICTION>0.500000</FRICTION>
      <FORBIDROT>0</FORBIDROT>
    </RigidElem>
    <RigidElem>
      <ChildName>LeftHand_bunki0_Joint</ChildName>
      <ColType>1</ColType>
      <SkipFlag>1</SkipFlag>
      <ShpRate>0.600000</ShpRate>
      <LK>3</LK>
      <CUSLK>1500.000000</CUSLK>
      <AK>3</AK>
      <CUSAK>30.000000</CUSAK>
      <Mass>0.000000</Mass>
      <LDMP>0.500000</LDMP>
      <ADMP>0.500000</ADMP>
      <BTG>-0.090000</BTG>
      <DMPANIML>0.000000</DMPANIML>
      <DMPANIMA>0.000000</DMPANIMA>
      <GROUP>2</GROUP>
      <MYSELF>1</MYSELF>
      <COLIIDNUM>1</COLIIDNUM>
      <COLIID>1</COLIID>
      <RESTITUTION>0.500000</RESTITUTION>
      <FRICTION>0.500000</FRICTION>
      <FORBIDROT>0</FORBIDROT>
    </RigidElem>
  </Bone>
  <Bone>
    <Name>LeftHand_bunki1_Joint</Name>
    <BTKIN>0</BTKIN>
    <RigidElem>
      <ChildName>LeftFingerBase_Joint</ChildName>
      <ColType>1</ColType>
      <SkipFlag>1</SkipFlag>
      <ShpRate>0.600000</ShpRate>
      <LK>3</LK>
      <CUSLK>1500.000000</CUSLK>
      <AK>3</AK>
      <CUSAK>30.000000</CUSAK>
      <Mass>0.000000</Mass>
      <LDMP>0.500000</LDMP>
      <ADMP>0.500000</ADMP>
      <BTG>-0.090000</BTG>
      <DMPANIML>0.000000</DMPANIML>
      <DMPANIMA>0.000000</DMPANIMA>
      <GROUP>2</GROUP>
      <MYSELF>1</MYSELF>
      <COLIIDNUM>1</COLIIDNUM>
      <COLIID>1</COLIID>
      <RESTITUTION>0.500000</RESTITUTION>
      <FRICTION>0.500000</FRICTION>
      <FORBIDROT>0</FORBIDROT>
    </RigidElem>
  </Bone>
  <Bone>
    <Name>LeftFingerBase_Joint</Name>
    <BTKIN>0</BTKIN>
    <RigidElem>
      <ChildName>LeftHandIndex1_Joint</ChildName>
      <ColType>1</ColType>
      <SkipFlag>1</SkipFlag>
      <ShpRate>0.600000</ShpRate>
      <LK>3</LK>
      <CUSLK>1500.000000</CUSLK>
      <AK>3</AK>
      <CUSAK>30.000000</CUSAK>
      <Mass>3.701134</Mass>
      <LDMP>0.500000</LDMP>
      <ADMP>0.500000</ADMP>
      <BTG>-0.090000</BTG>
      <DMPANIML>0.000000</DMPANIML>
      <DMPANIMA>0.000000</DMPANIMA>
      <GROUP>2</GROUP>
      <MYSELF>1</MYSELF>
      <COLIIDNUM>1</COLIIDNUM>
      <COLIID>1</COLIID>
      <RESTITUTION>0.500000</RESTITUTION>
      <FRICTION>0.500000</FRICTION>
      <FORBIDROT>0</FORBIDROT>
    </RigidElem>
  </Bone>
  <Bone>
    <Name>LeftHandIndex1_Joint</Name>
    <BTKIN>0</BTKIN>
    <RigidElem>
      <ChildName>Site_10_Joint</ChildName>
      <ColType>1</ColType>
      <SkipFlag>1</SkipFlag>
      <ShpRate>0.600000</ShpRate>
      <LK>3</LK>
      <CUSLK>1500.000000</CUSLK>
      <AK>3</AK>
      <CUSAK>30.000000</CUSAK>
      <Mass>2.983918</Mass>
      <LDMP>0.500000</LDMP>
      <ADMP>0.500000</ADMP>
      <BTG>-0.090000</BTG>
      <DMPANIML>0.000000</DMPANIML>
      <DMPANIMA>0.000000</DMPANIMA>
      <GROUP>2</GROUP>
      <MYSELF>1</MYSELF>
      <COLIIDNUM>1</COLIIDNUM>
      <COLIID>1</COLIID>
      <RESTITUTION>0.500000</RESTITUTION>
      <FRICTION>0.500000</FRICTION>
      <FORBIDROT>0</FORBIDROT>
    </RigidElem>
  </Bone>
  <Bone>
    <Name>LeftHand_bunki0_Joint</Name>
    <BTKIN>0</BTKIN>
    <RigidElem>
      <ChildName>LThumb_Joint</ChildName>
      <ColType>1</ColType>
      <SkipFlag>1</SkipFlag>
      <ShpRate>0.600000</ShpRate>
      <LK>3</LK>
      <CUSLK>1500.000000</CUSLK>
      <AK>3</AK>
      <CUSAK>30.000000</CUSAK>
      <Mass>0.000000</Mass>
      <LDMP>0.500000</LDMP>
      <ADMP>0.500000</ADMP>
      <BTG>-0.090000</BTG>
      <DMPANIML>0.000000</DMPANIML>
      <DMPANIMA>0.000000</DMPANIMA>
      <GROUP>2</GROUP>
      <MYSELF>1</MYSELF>
      <COLIIDNUM>1</COLIIDNUM>
      <COLIID>1</COLIID>
      <RESTITUTION>0.500000</RESTITUTION>
      <FRICTION>0.500000</FRICTION>
      <FORBIDROT>0</FORBIDROT>
    </RigidElem>
  </Bone>
  <Bone>
    <Name>LThumb_Joint</Name>
    <BTKIN>0</BTKIN>
    <RigidElem>
      <ChildName>Site_9_Joint</ChildName>
      <ColType>1</ColType>
      <SkipFlag>1</SkipFlag>
      <ShpRate>0.600000</ShpRate>
      <LK>3</LK>
      <CUSLK>1500.000000</CUSLK>
      <AK>3</AK>
      <CUSAK>30.000000</CUSAK>
      <Mass>4.284369</Mass>
      <LDMP>0.500000</LDMP>
      <ADMP>0.500000</ADMP>
      <BTG>-0.090000</BTG>
      <DMPANIML>0.000000</DMPANIML>
      <DMPANIMA>0.000000</DMPANIMA>
      <GROUP>2</GROUP>
      <MYSELF>1</MYSELF>
      <COLIIDNUM>1</COLIIDNUM>
      <COLIID>1</COLIID>
      <RESTITUTION>0.500000</RESTITUTION>
      <FRICTION>0.500000</FRICTION>
      <FORBIDROT>0</FORBIDROT>
    </RigidElem>
  </Bone>
  <Bone>
    <Name>Spine1_bunki0_Joint</Name>
    <BTKIN>0</BTKIN>
    <RigidElem>
      <ChildName>RightShoulder_Joint</ChildName>
      <ColType>1</ColType>
      <SkipFlag>1</SkipFlag>
      <ShpRate>0.600000</ShpRate>
      <LK>3</LK>
      <CUSLK>1500.000000</CUSLK>
      <AK>3</AK>
      <CUSAK>30.000000</CUSAK>
      <Mass>0.000000</Mass>
      <LDMP>0.500000</LDMP>
      <ADMP>0.500000</ADMP>
      <BTG>-0.090000</BTG>
      <DMPANIML>0.000000</DMPANIML>
      <DMPANIMA>0.000000</DMPANIMA>
      <GROUP>2</GROUP>
      <MYSELF>1</MYSELF>
      <COLIIDNUM>1</COLIIDNUM>
      <COLIID>1</COLIID>
      <RESTITUTION>0.500000</RESTITUTION>
      <FRICTION>0.500000</FRICTION>
      <FORBIDROT>0</FORBIDROT>
    </RigidElem>
  </Bone>
  <Bone>
    <Name>RightShoulder_Joint</Name>
    <BTKIN>0</BTKIN>
    <RigidElem>
      <ChildName>RightArm_Joint</ChildName>
      <ColType>1</ColType>
      <SkipFlag>1</SkipFlag>
      <ShpRate>0.600000</ShpRate>
      <LK>3</LK>
      <CUSLK>1500.000000</CUSLK>
      <AK>3</AK>
      <CUSAK>30.000000</CUSAK>
      <Mass>26.828447</Mass>
      <LDMP>0.500000</LDMP>
      <ADMP>0.500000</ADMP>
      <BTG>-0.090000</BTG>
      <DMPANIML>0.000000</DMPANIML>
      <DMPANIMA>0.000000</DMPANIMA>
      <GROUP>2</GROUP>
      <MYSELF>1</MYSELF>
      <COLIIDNUM>1</COLIIDNUM>
      <COLIID>1</COLIID>
      <RESTITUTION>0.500000</RESTITUTION>
      <FRICTION>0.500000</FRICTION>
      <FORBIDROT>0</FORBIDROT>
    </RigidElem>
  </Bone>
  <Bone>
    <Name>RightArm_Joint</Name>
    <BTKIN>0</BTKIN>
    <RigidElem>
      <ChildName>RightForeArm_Joint</ChildName>
      <ColType>1</ColType>
      <SkipFlag>1</SkipFlag>
      <ShpRate>0.600000</ShpRate>
      <LK>3</LK>
      <CUSLK>1500.000000</CUSLK>
      <AK>3</AK>
      <CUSAK>30.000000</CUSAK>
      <Mass>46.339916</Mass>
      <LDMP>0.500000</LDMP>
      <ADMP>0.500000</ADMP>
      <BTG>-0.090000</BTG>
      <DMPANIML>0.000000</DMPANIML>
      <DMPANIMA>0.000000</DMPANIMA>
      <GROUP>2</GROUP>
      <MYSELF>1</MYSELF>
      <COLIIDNUM>1</COLIIDNUM>
      <COLIID>1</COLIID>
      <RESTITUTION>0.500000</RESTITUTION>
      <FRICTION>0.500000</FRICTION>
      <FORBIDROT>0</FORBIDROT>
    </RigidElem>
  </Bone>
  <Bone>
    <Name>RightForeArm_Joint</Name>
    <BTKIN>0</BTKIN>
    <RigidElem>
      <ChildName>RightHand_Joint</ChildName>
      <ColType>1</ColType>
      <SkipFlag>1</SkipFlag>
      <ShpRate>0.600000</ShpRate>
      <LK>3</LK>
      <CUSLK>1500.000000</CUSLK>
      <AK>3</AK>
      <CUSAK>30.000000</CUSAK>
      <Mass>27.392014</Mass>
      <LDMP>0.500000</LDMP>
      <ADMP>0.500000</ADMP>
      <BTG>-0.090000</BTG>
      <DMPANIML>0.000000</DMPANIML>
      <DMPANIMA>0.000000</DMPANIMA>
      <GROUP>2</GROUP>
      <MYSELF>1</MYSELF>
      <COLIIDNUM>1</COLIIDNUM>
      <COLIID>1</COLIID>
      <RESTITUTION>0.500000</RESTITUTION>
      <FRICTION>0.500000</FRICTION>
      <FORBIDROT>0</FORBIDROT>
    </RigidElem>
  </Bone>
  <Bone>
    <Name>RightHand_Joint</Name>
    <BTKIN>0</BTKIN>
    <RigidElem>
      <ChildName>RightHand_bunki1_Joint</ChildName>
      <ColType>1</ColType>
      <SkipFlag>1</SkipFlag>
      <ShpRate>0.600000</ShpRate>
      <LK>3</LK>
      <CUSLK>1500.000000</CUSLK>
      <AK>3</AK>
      <CUSAK>30.000000</CUSAK>
      <Mass>0.000000</Mass>
      <LDMP>0.500000</LDMP>
      <ADMP>0.500000</ADMP>
      <BTG>-0.090000</BTG>
      <DMPANIML>0.000000</DMPANIML>
      <DMPANIMA>0.000000</DMPANIMA>
      <GROUP>2</GROUP>
      <MYSELF>1</MYSELF>
      <COLIIDNUM>1</COLIIDNUM>
      <COLIID>1</COLIID>
      <RESTITUTION>0.500000</RESTITUTION>
      <FRICTION>0.500000</FRICTION>
      <FORBIDROT>0</FORBIDROT>
    </RigidElem>
    <RigidElem>
      <ChildName>RightHand_bunki0_Joint</ChildName>
      <ColType>1</ColType>
      <SkipFlag>1</SkipFlag>
      <ShpRate>0.600000</ShpRate>
      <LK>3</LK>
      <CUSLK>1500.000000</CUSLK>
      <AK>3</AK>
      <CUSAK>30.000000</CUSAK>
      <Mass>0.000000</Mass>
      <LDMP>0.500000</LDMP>
      <ADMP>0.500000</ADMP>
      <BTG>-0.090000</BTG>
      <DMPANIML>0.000000</DMPANIML>
      <DMPANIMA>0.000000</DMPANIMA>
      <GROUP>2</GROUP>
      <MYSELF>1</MYSELF>
      <COLIIDNUM>1</COLIIDNUM>
      <COLIID>1</COLIID>
      <RESTITUTION>0.500000</RESTITUTION>
      <FRICTION>0.500000</FRICTION>
      <FORBIDROT>0</FORBIDROT>
    </RigidElem>
  </Bone>
  <Bone>
    <Name>RightHand_bunki1_Joint</Name>
    <BTKIN>0</BTKIN>
    <RigidElem>
      <ChildName>RightFingerBase_Joint</ChildName>
      <ColType>1</ColType>
      <SkipFlag>1</SkipFlag>
      <ShpRate>0.600000</ShpRate>
      <LK>3</LK>
      <CUSLK>1500.000000</CUSLK>
      <AK>3</AK>
      <CUSAK>30.000000</CUSAK>
      <Mass>0.000000</Mass>
      <LDMP>0.500000</LDMP>
      <ADMP>0.500000</ADMP>
      <BTG>-0.090000</BTG>
      <DMPANIML>0.000000</DMPANIML>
      <DMPANIMA>0.000000</DMPANIMA>
      <GROUP>2</GROUP>
      <MYSELF>1</MYSELF>
      <COLIIDNUM>1</COLIIDNUM>
      <COLIID>1</COLIID>
      <RESTITUTION>0.500000</RESTITUTION>
      <FRICTION>0.500000</FRICTION>
      <FORBIDROT>0</FORBIDROT>
    </RigidElem>
  </Bone>
  <Bone>
    <Name>RightFingerBase_Joint</Name>
    <BTKIN>0</BTKIN>
    <RigidElem>
      <ChildName>RightHandIndex1_Joint</ChildName>
      <ColType>1</ColType>
      <SkipFlag>1</SkipFlag>
      <ShpRate>0.600000</ShpRate>
      <LK>3</LK>
      <CUSLK>1500.000000</CUSLK>
      <AK>3</AK>
      <CUSAK>30.000000</CUSAK>
      <Mass>4.398358</Mass>
      <LDMP>0.500000</LDMP>
      <ADMP>0.500000</ADMP>
      <BTG>-0.090000</BTG>
      <DMPANIML>0.000000</DMPANIML>
      <DMPANIMA>0.000000</DMPANIMA>
      <GROUP>2</GROUP>
      <MYSELF>1</MYSELF>
      <COLIIDNUM>1</COLIIDNUM>
      <COLIID>1</COLIID>
      <RESTITUTION>0.500000</RESTITUTION>
      <FRICTION>0.500000</FRICTION>
      <FORBIDROT>0</FORBIDROT>
    </RigidElem>
  </Bone>
  <Bone>
    <Name>RightHandIndex1_Joint</Name>
    <BTKIN>0</BTKIN>
    <RigidElem>
      <ChildName>Site_8_Joint</ChildName>
      <ColType>1</ColType>
      <SkipFlag>1</SkipFlag>
      <ShpRate>0.600000</ShpRate>
      <LK>3</LK>
      <CUSLK>1500.000000</CUSLK>
      <AK>3</AK>
      <CUSAK>30.000000</CUSAK>
      <Mass>3.546002</Mass>
      <LDMP>0.500000</LDMP>
      <ADMP>0.500000</ADMP>
      <BTG>-0.090000</BTG>
      <DMPANIML>0.000000</DMPANIML>
      <DMPANIMA>0.000000</DMPANIMA>
      <GROUP>2</GROUP>
      <MYSELF>1</MYSELF>
      <COLIIDNUM>1</COLIIDNUM>
      <COLIID>1</COLIID>
      <RESTITUTION>0.500000</RESTITUTION>
      <FRICTION>0.500000</FRICTION>
      <FORBIDROT>0</FORBIDROT>
    </RigidElem>
  </Bone>
  <Bone>
    <Name>RightHand_bunki0_Joint</Name>
    <BTKIN>0</BTKIN>
    <RigidElem>
      <ChildName>RThumb_Joint</ChildName>
      <ColType>1</ColType>
      <SkipFlag>1</SkipFlag>
      <ShpRate>0.600000</ShpRate>
      <LK>3</LK>
      <CUSLK>1500.000000</CUSLK>
      <AK>3</AK>
      <CUSAK>30.000000</CUSAK>
      <Mass>0.000000</Mass>
      <LDMP>0.500000</LDMP>
      <ADMP>0.500000</ADMP>
      <BTG>-0.090000</BTG>
      <DMPANIML>0.000000</DMPANIML>
      <DMPANIMA>0.000000</DMPANIMA>
      <GROUP>2</GROUP>
      <MYSELF>1</MYSELF>
      <COLIIDNUM>1</COLIIDNUM>
      <COLIID>1</COLIID>
      <RESTITUTION>0.500000</RESTITUTION>
      <FRICTION>0.500000</FRICTION>
      <FORBIDROT>0</FORBIDROT>
    </RigidElem>
  </Bone>
  <Bone>
    <Name>RThumb_Joint</Name>
    <BTKIN>0</BTKIN>
    <RigidElem>
      <ChildName>Site_7_Joint</ChildName>
      <ColType>1</ColType>
      <SkipFlag>1</SkipFlag>
      <ShpRate>0.600000</ShpRate>
      <LK>3</LK>
      <CUSLK>1500.000000</CUSLK>
      <AK>3</AK>
      <CUSAK>30.000000</CUSAK>
      <Mass>5.091378</Mass>
      <LDMP>0.500000</LDMP>
      <ADMP>0.500000</ADMP>
      <BTG>-0.090000</BTG>
      <DMPANIML>0.000000</DMPANIML>
      <DMPANIMA>0.000000</DMPANIMA>
      <GROUP>2</GROUP>
      <MYSELF>1</MYSELF>
      <COLIIDNUM>1</COLIIDNUM>
      <COLIID>1</COLIID>
      <RESTITUTION>0.500000</RESTITUTION>
      <FRICTION>0.500000</FRICTION>
      <FORBIDROT>0</FORBIDROT>
    </RigidElem>
  </Bone>
</RIGIDELEM>
