<?xml version="1.0" encoding="Shift_JIS"?>
<RIGIDELEM>
    <FileInfo>1001-01</FileInfo>
    <SCBTG>9.070000</SCBTG>
  <Bone>
    <Name>Hips</Name>
    <BTKIN>0</BTKIN>
    <RigidElem>
      <ChildName>Hips_bunki1</ChildName>
      <ColType>1</ColType>
      <SkipFlag>1</SkipFlag>
      <ShpRate>0.600000</ShpRate>
      <LK>2</LK>
      <CUSLK>100.000000</CUSLK>
      <AK>2</AK>
      <CUSAK>70.000000</CUSAK>
      <Mass>1.000000</Mass>
      <LDMP>0.500000</LDMP>
      <ADMP>0.500000</ADMP>
      <BTG>-0.090000</BTG>
      <DMPANIML>0.000000</DMPANIML>
      <DMPANIMA>0.000000</DMPANIMA>
      <GROUP>2</GROUP>
      <MYSELF>1</MYSELF>
      <COLIIDNUM>1</COLIIDNUM>
      <COLIID>1</COLIID>
      <RESTITUTION>0.500000</RESTITUTION>
      <FRICTION>0.500000</FRICTION>
      <FORBIDROT>0</FORBIDROT>
    </RigidElem>
    <RigidElem>
      <ChildName>Hips_bunki2</ChildName>
      <ColType>1</ColType>
      <SkipFlag>1</SkipFlag>
      <ShpRate>0.600000</ShpRate>
      <LK>2</LK>
      <CUSLK>100.000000</CUSLK>
      <AK>2</AK>
      <CUSAK>70.000000</CUSAK>
      <Mass>1.000000</Mass>
      <LDMP>0.500000</LDMP>
      <ADMP>0.500000</ADMP>
      <BTG>-0.090000</BTG>
      <DMPANIML>0.000000</DMPANIML>
      <DMPANIMA>0.000000</DMPANIMA>
      <GROUP>2</GROUP>
      <MYSELF>1</MYSELF>
      <COLIIDNUM>1</COLIIDNUM>
      <COLIID>1</COLIID>
      <RESTITUTION>0.500000</RESTITUTION>
      <FRICTION>0.500000</FRICTION>
      <FORBIDROT>0</FORBIDROT>
    </RigidElem>
    <RigidElem>
      <ChildName>Hips_bunki0</ChildName>
      <ColType>1</ColType>
      <SkipFlag>1</SkipFlag>
      <ShpRate>0.600000</ShpRate>
      <LK>2</LK>
      <CUSLK>100.000000</CUSLK>
      <AK>2</AK>
      <CUSAK>70.000000</CUSAK>
      <Mass>1.000000</Mass>
      <LDMP>0.500000</LDMP>
      <ADMP>0.500000</ADMP>
      <BTG>-0.090000</BTG>
      <DMPANIML>0.000000</DMPANIML>
      <DMPANIMA>0.000000</DMPANIMA>
      <GROUP>2</GROUP>
      <MYSELF>1</MYSELF>
      <COLIIDNUM>1</COLIIDNUM>
      <COLIID>1</COLIID>
      <RESTITUTION>0.500000</RESTITUTION>
      <FRICTION>0.500000</FRICTION>
      <FORBIDROT>0</FORBIDROT>
    </RigidElem>
  </Bone>
  <Bone>
    <Name>Hips_bunki1</Name>
    <BTKIN>0</BTKIN>
    <RigidElem>
      <ChildName>LHipJoint</ChildName>
      <ColType>1</ColType>
      <SkipFlag>1</SkipFlag>
      <ShpRate>0.600000</ShpRate>
      <LK>2</LK>
      <CUSLK>100.000000</CUSLK>
      <AK>2</AK>
      <CUSAK>70.000000</CUSAK>
      <Mass>1.000000</Mass>
      <LDMP>0.500000</LDMP>
      <ADMP>0.500000</ADMP>
      <BTG>-0.090000</BTG>
      <DMPANIML>0.000000</DMPANIML>
      <DMPANIMA>0.000000</DMPANIMA>
      <GROUP>2</GROUP>
      <MYSELF>1</MYSELF>
      <COLIIDNUM>1</COLIIDNUM>
      <COLIID>1</COLIID>
      <RESTITUTION>0.500000</RESTITUTION>
      <FRICTION>0.500000</FRICTION>
      <FORBIDROT>0</FORBIDROT>
    </RigidElem>
  </Bone>
  <Bone>
    <Name>LHipJoint</Name>
    <BTKIN>0</BTKIN>
    <RigidElem>
      <ChildName>LeftUpLeg</ChildName>
      <ColType>1</ColType>
      <SkipFlag>1</SkipFlag>
      <ShpRate>0.600000</ShpRate>
      <LK>2</LK>
      <CUSLK>100.000000</CUSLK>
      <AK>2</AK>
      <CUSAK>70.000000</CUSAK>
      <Mass>1.000000</Mass>
      <LDMP>0.500000</LDMP>
      <ADMP>0.500000</ADMP>
      <BTG>-0.090000</BTG>
      <DMPANIML>0.000000</DMPANIML>
      <DMPANIMA>0.000000</DMPANIMA>
      <GROUP>2</GROUP>
      <MYSELF>1</MYSELF>
      <COLIIDNUM>1</COLIIDNUM>
      <COLIID>1</COLIID>
      <RESTITUTION>0.500000</RESTITUTION>
      <FRICTION>0.500000</FRICTION>
      <FORBIDROT>0</FORBIDROT>
    </RigidElem>
  </Bone>
  <Bone>
    <Name>LeftUpLeg</Name>
    <BTKIN>0</BTKIN>
    <RigidElem>
      <ChildName>LeftLeg</ChildName>
      <ColType>1</ColType>
      <SkipFlag>1</SkipFlag>
      <ShpRate>0.600000</ShpRate>
      <LK>2</LK>
      <CUSLK>100.000000</CUSLK>
      <AK>2</AK>
      <CUSAK>70.000000</CUSAK>
      <Mass>1.000000</Mass>
      <LDMP>0.500000</LDMP>
      <ADMP>0.500000</ADMP>
      <BTG>-0.090000</BTG>
      <DMPANIML>0.000000</DMPANIML>
      <DMPANIMA>0.000000</DMPANIMA>
      <GROUP>2</GROUP>
      <MYSELF>1</MYSELF>
      <COLIIDNUM>1</COLIIDNUM>
      <COLIID>1</COLIID>
      <RESTITUTION>0.500000</RESTITUTION>
      <FRICTION>0.500000</FRICTION>
      <FORBIDROT>0</FORBIDROT>
    </RigidElem>
  </Bone>
  <Bone>
    <Name>LeftLeg</Name>
    <BTKIN>0</BTKIN>
    <RigidElem>
      <ChildName>LeftFoot</ChildName>
      <ColType>1</ColType>
      <SkipFlag>1</SkipFlag>
      <ShpRate>0.600000</ShpRate>
      <LK>2</LK>
      <CUSLK>100.000000</CUSLK>
      <AK>2</AK>
      <CUSAK>70.000000</CUSAK>
      <Mass>1.000000</Mass>
      <LDMP>0.500000</LDMP>
      <ADMP>0.500000</ADMP>
      <BTG>-0.090000</BTG>
      <DMPANIML>0.000000</DMPANIML>
      <DMPANIMA>0.000000</DMPANIMA>
      <GROUP>2</GROUP>
      <MYSELF>1</MYSELF>
      <COLIIDNUM>1</COLIIDNUM>
      <COLIID>1</COLIID>
      <RESTITUTION>0.500000</RESTITUTION>
      <FRICTION>0.500000</FRICTION>
      <FORBIDROT>0</FORBIDROT>
    </RigidElem>
  </Bone>
  <Bone>
    <Name>LeftFoot</Name>
    <BTKIN>0</BTKIN>
    <RigidElem>
      <ChildName>LeftToeBase</ChildName>
      <ColType>1</ColType>
      <SkipFlag>1</SkipFlag>
      <ShpRate>0.600000</ShpRate>
      <LK>2</LK>
      <CUSLK>100.000000</CUSLK>
      <AK>2</AK>
      <CUSAK>70.000000</CUSAK>
      <Mass>1.000000</Mass>
      <LDMP>0.500000</LDMP>
      <ADMP>0.500000</ADMP>
      <BTG>-0.090000</BTG>
      <DMPANIML>0.000000</DMPANIML>
      <DMPANIMA>0.000000</DMPANIMA>
      <GROUP>2</GROUP>
      <MYSELF>1</MYSELF>
      <COLIIDNUM>1</COLIIDNUM>
      <COLIID>1</COLIID>
      <RESTITUTION>0.500000</RESTITUTION>
      <FRICTION>0.500000</FRICTION>
      <FORBIDROT>0</FORBIDROT>
    </RigidElem>
  </Bone>
  <Bone>
    <Name>LeftToeBase</Name>
    <BTKIN>0</BTKIN>
    <RigidElem>
      <ChildName>Site_13</ChildName>
      <ColType>1</ColType>
      <SkipFlag>1</SkipFlag>
      <ShpRate>0.600000</ShpRate>
      <LK>2</LK>
      <CUSLK>100.000000</CUSLK>
      <AK>2</AK>
      <CUSAK>70.000000</CUSAK>
      <Mass>1.000000</Mass>
      <LDMP>0.500000</LDMP>
      <ADMP>0.500000</ADMP>
      <BTG>-0.090000</BTG>
      <DMPANIML>0.000000</DMPANIML>
      <DMPANIMA>0.000000</DMPANIMA>
      <GROUP>2</GROUP>
      <MYSELF>1</MYSELF>
      <COLIIDNUM>1</COLIIDNUM>
      <COLIID>1</COLIID>
      <RESTITUTION>0.500000</RESTITUTION>
      <FRICTION>0.500000</FRICTION>
      <FORBIDROT>0</FORBIDROT>
    </RigidElem>
  </Bone>
  <Bone>
    <Name>Hips_bunki2</Name>
    <BTKIN>0</BTKIN>
    <RigidElem>
      <ChildName>RHipJoint</ChildName>
      <ColType>1</ColType>
      <SkipFlag>1</SkipFlag>
      <ShpRate>0.600000</ShpRate>
      <LK>2</LK>
      <CUSLK>100.000000</CUSLK>
      <AK>2</AK>
      <CUSAK>70.000000</CUSAK>
      <Mass>1.000000</Mass>
      <LDMP>0.500000</LDMP>
      <ADMP>0.500000</ADMP>
      <BTG>-0.090000</BTG>
      <DMPANIML>0.000000</DMPANIML>
      <DMPANIMA>0.000000</DMPANIMA>
      <GROUP>2</GROUP>
      <MYSELF>1</MYSELF>
      <COLIIDNUM>1</COLIIDNUM>
      <COLIID>1</COLIID>
      <RESTITUTION>0.500000</RESTITUTION>
      <FRICTION>0.500000</FRICTION>
      <FORBIDROT>0</FORBIDROT>
    </RigidElem>
  </Bone>
  <Bone>
    <Name>RHipJoint</Name>
    <BTKIN>0</BTKIN>
    <RigidElem>
      <ChildName>RightUpLeg</ChildName>
      <ColType>1</ColType>
      <SkipFlag>1</SkipFlag>
      <ShpRate>0.600000</ShpRate>
      <LK>2</LK>
      <CUSLK>100.000000</CUSLK>
      <AK>2</AK>
      <CUSAK>70.000000</CUSAK>
      <Mass>1.000000</Mass>
      <LDMP>0.500000</LDMP>
      <ADMP>0.500000</ADMP>
      <BTG>-0.090000</BTG>
      <DMPANIML>0.000000</DMPANIML>
      <DMPANIMA>0.000000</DMPANIMA>
      <GROUP>2</GROUP>
      <MYSELF>1</MYSELF>
      <COLIIDNUM>1</COLIIDNUM>
      <COLIID>1</COLIID>
      <RESTITUTION>0.500000</RESTITUTION>
      <FRICTION>0.500000</FRICTION>
      <FORBIDROT>0</FORBIDROT>
    </RigidElem>
  </Bone>
  <Bone>
    <Name>RightUpLeg</Name>
    <BTKIN>0</BTKIN>
    <RigidElem>
      <ChildName>RightLeg</ChildName>
      <ColType>1</ColType>
      <SkipFlag>1</SkipFlag>
      <ShpRate>0.600000</ShpRate>
      <LK>2</LK>
      <CUSLK>100.000000</CUSLK>
      <AK>2</AK>
      <CUSAK>70.000000</CUSAK>
      <Mass>1.000000</Mass>
      <LDMP>0.500000</LDMP>
      <ADMP>0.500000</ADMP>
      <BTG>-0.090000</BTG>
      <DMPANIML>0.000000</DMPANIML>
      <DMPANIMA>0.000000</DMPANIMA>
      <GROUP>2</GROUP>
      <MYSELF>1</MYSELF>
      <COLIIDNUM>1</COLIIDNUM>
      <COLIID>1</COLIID>
      <RESTITUTION>0.500000</RESTITUTION>
      <FRICTION>0.500000</FRICTION>
      <FORBIDROT>0</FORBIDROT>
    </RigidElem>
  </Bone>
  <Bone>
    <Name>RightLeg</Name>
    <BTKIN>0</BTKIN>
    <RigidElem>
      <ChildName>RightFoot</ChildName>
      <ColType>1</ColType>
      <SkipFlag>1</SkipFlag>
      <ShpRate>0.600000</ShpRate>
      <LK>2</LK>
      <CUSLK>100.000000</CUSLK>
      <AK>2</AK>
      <CUSAK>70.000000</CUSAK>
      <Mass>1.000000</Mass>
      <LDMP>0.500000</LDMP>
      <ADMP>0.500000</ADMP>
      <BTG>-0.090000</BTG>
      <DMPANIML>0.000000</DMPANIML>
      <DMPANIMA>0.000000</DMPANIMA>
      <GROUP>2</GROUP>
      <MYSELF>1</MYSELF>
      <COLIIDNUM>1</COLIIDNUM>
      <COLIID>1</COLIID>
      <RESTITUTION>0.500000</RESTITUTION>
      <FRICTION>0.500000</FRICTION>
      <FORBIDROT>0</FORBIDROT>
    </RigidElem>
  </Bone>
  <Bone>
    <Name>RightFoot</Name>
    <BTKIN>0</BTKIN>
    <RigidElem>
      <ChildName>RightToeBase</ChildName>
      <ColType>1</ColType>
      <SkipFlag>1</SkipFlag>
      <ShpRate>0.600000</ShpRate>
      <LK>2</LK>
      <CUSLK>100.000000</CUSLK>
      <AK>2</AK>
      <CUSAK>70.000000</CUSAK>
      <Mass>1.000000</Mass>
      <LDMP>0.500000</LDMP>
      <ADMP>0.500000</ADMP>
      <BTG>-0.090000</BTG>
      <DMPANIML>0.000000</DMPANIML>
      <DMPANIMA>0.000000</DMPANIMA>
      <GROUP>2</GROUP>
      <MYSELF>1</MYSELF>
      <COLIIDNUM>1</COLIIDNUM>
      <COLIID>1</COLIID>
      <RESTITUTION>0.500000</RESTITUTION>
      <FRICTION>0.500000</FRICTION>
      <FORBIDROT>0</FORBIDROT>
    </RigidElem>
  </Bone>
  <Bone>
    <Name>RightToeBase</Name>
    <BTKIN>0</BTKIN>
    <RigidElem>
      <ChildName>Site_12</ChildName>
      <ColType>1</ColType>
      <SkipFlag>1</SkipFlag>
      <ShpRate>0.600000</ShpRate>
      <LK>2</LK>
      <CUSLK>100.000000</CUSLK>
      <AK>2</AK>
      <CUSAK>70.000000</CUSAK>
      <Mass>1.000000</Mass>
      <LDMP>0.500000</LDMP>
      <ADMP>0.500000</ADMP>
      <BTG>-0.090000</BTG>
      <DMPANIML>0.000000</DMPANIML>
      <DMPANIMA>0.000000</DMPANIMA>
      <GROUP>2</GROUP>
      <MYSELF>1</MYSELF>
      <COLIIDNUM>1</COLIIDNUM>
      <COLIID>1</COLIID>
      <RESTITUTION>0.500000</RESTITUTION>
      <FRICTION>0.500000</FRICTION>
      <FORBIDROT>0</FORBIDROT>
    </RigidElem>
  </Bone>
  <Bone>
    <Name>Hips_bunki0</Name>
    <BTKIN>0</BTKIN>
    <RigidElem>
      <ChildName>LowerBack</ChildName>
      <ColType>1</ColType>
      <SkipFlag>1</SkipFlag>
      <ShpRate>0.600000</ShpRate>
      <LK>2</LK>
      <CUSLK>100.000000</CUSLK>
      <AK>2</AK>
      <CUSAK>70.000000</CUSAK>
      <Mass>1.000000</Mass>
      <LDMP>0.500000</LDMP>
      <ADMP>0.500000</ADMP>
      <BTG>-0.090000</BTG>
      <DMPANIML>0.000000</DMPANIML>
      <DMPANIMA>0.000000</DMPANIMA>
      <GROUP>2</GROUP>
      <MYSELF>1</MYSELF>
      <COLIIDNUM>1</COLIIDNUM>
      <COLIID>1</COLIID>
      <RESTITUTION>0.500000</RESTITUTION>
      <FRICTION>0.500000</FRICTION>
      <FORBIDROT>0</FORBIDROT>
    </RigidElem>
  </Bone>
  <Bone>
    <Name>LowerBack</Name>
    <BTKIN>0</BTKIN>
    <RigidElem>
      <ChildName>Spine</ChildName>
      <ColType>1</ColType>
      <SkipFlag>1</SkipFlag>
      <ShpRate>0.600000</ShpRate>
      <LK>2</LK>
      <CUSLK>100.000000</CUSLK>
      <AK>2</AK>
      <CUSAK>70.000000</CUSAK>
      <Mass>1.000000</Mass>
      <LDMP>0.500000</LDMP>
      <ADMP>0.500000</ADMP>
      <BTG>-0.090000</BTG>
      <DMPANIML>0.000000</DMPANIML>
      <DMPANIMA>0.000000</DMPANIMA>
      <GROUP>2</GROUP>
      <MYSELF>1</MYSELF>
      <COLIIDNUM>1</COLIIDNUM>
      <COLIID>1</COLIID>
      <RESTITUTION>0.500000</RESTITUTION>
      <FRICTION>0.500000</FRICTION>
      <FORBIDROT>0</FORBIDROT>
    </RigidElem>
  </Bone>
  <Bone>
    <Name>Spine</Name>
    <BTKIN>0</BTKIN>
    <RigidElem>
      <ChildName>Spine1</ChildName>
      <ColType>1</ColType>
      <SkipFlag>1</SkipFlag>
      <ShpRate>0.600000</ShpRate>
      <LK>2</LK>
      <CUSLK>100.000000</CUSLK>
      <AK>2</AK>
      <CUSAK>70.000000</CUSAK>
      <Mass>1.000000</Mass>
      <LDMP>0.500000</LDMP>
      <ADMP>0.500000</ADMP>
      <BTG>-0.090000</BTG>
      <DMPANIML>0.000000</DMPANIML>
      <DMPANIMA>0.000000</DMPANIMA>
      <GROUP>2</GROUP>
      <MYSELF>1</MYSELF>
      <COLIIDNUM>1</COLIIDNUM>
      <COLIID>1</COLIID>
      <RESTITUTION>0.500000</RESTITUTION>
      <FRICTION>0.500000</FRICTION>
      <FORBIDROT>0</FORBIDROT>
    </RigidElem>
  </Bone>
  <Bone>
    <Name>Spine1</Name>
    <BTKIN>0</BTKIN>
    <RigidElem>
      <ChildName>Spine1_bunki1</ChildName>
      <ColType>1</ColType>
      <SkipFlag>1</SkipFlag>
      <ShpRate>0.600000</ShpRate>
      <LK>2</LK>
      <CUSLK>100.000000</CUSLK>
      <AK>2</AK>
      <CUSAK>70.000000</CUSAK>
      <Mass>1.000000</Mass>
      <LDMP>0.500000</LDMP>
      <ADMP>0.500000</ADMP>
      <BTG>-0.090000</BTG>
      <DMPANIML>0.000000</DMPANIML>
      <DMPANIMA>0.000000</DMPANIMA>
      <GROUP>2</GROUP>
      <MYSELF>1</MYSELF>
      <COLIIDNUM>1</COLIIDNUM>
      <COLIID>1</COLIID>
      <RESTITUTION>0.500000</RESTITUTION>
      <FRICTION>0.500000</FRICTION>
      <FORBIDROT>0</FORBIDROT>
    </RigidElem>
    <RigidElem>
      <ChildName>Spine1_bunki2</ChildName>
      <ColType>1</ColType>
      <SkipFlag>1</SkipFlag>
      <ShpRate>0.600000</ShpRate>
      <LK>2</LK>
      <CUSLK>100.000000</CUSLK>
      <AK>2</AK>
      <CUSAK>70.000000</CUSAK>
      <Mass>1.000000</Mass>
      <LDMP>0.500000</LDMP>
      <ADMP>0.500000</ADMP>
      <BTG>-0.090000</BTG>
      <DMPANIML>0.000000</DMPANIML>
      <DMPANIMA>0.000000</DMPANIMA>
      <GROUP>2</GROUP>
      <MYSELF>1</MYSELF>
      <COLIIDNUM>1</COLIIDNUM>
      <COLIID>1</COLIID>
      <RESTITUTION>0.500000</RESTITUTION>
      <FRICTION>0.500000</FRICTION>
      <FORBIDROT>0</FORBIDROT>
    </RigidElem>
    <RigidElem>
      <ChildName>Spine1_bunki0</ChildName>
      <ColType>1</ColType>
      <SkipFlag>1</SkipFlag>
      <ShpRate>0.600000</ShpRate>
      <LK>2</LK>
      <CUSLK>100.000000</CUSLK>
      <AK>2</AK>
      <CUSAK>70.000000</CUSAK>
      <Mass>1.000000</Mass>
      <LDMP>0.500000</LDMP>
      <ADMP>0.500000</ADMP>
      <BTG>-0.090000</BTG>
      <DMPANIML>0.000000</DMPANIML>
      <DMPANIMA>0.000000</DMPANIMA>
      <GROUP>2</GROUP>
      <MYSELF>1</MYSELF>
      <COLIIDNUM>1</COLIIDNUM>
      <COLIID>1</COLIID>
      <RESTITUTION>0.500000</RESTITUTION>
      <FRICTION>0.500000</FRICTION>
      <FORBIDROT>0</FORBIDROT>
    </RigidElem>
  </Bone>
  <Bone>
    <Name>Spine1_bunki1</Name>
    <BTKIN>0</BTKIN>
    <RigidElem>
      <ChildName>Neck</ChildName>
      <ColType>1</ColType>
      <SkipFlag>1</SkipFlag>
      <ShpRate>0.600000</ShpRate>
      <LK>2</LK>
      <CUSLK>100.000000</CUSLK>
      <AK>2</AK>
      <CUSAK>70.000000</CUSAK>
      <Mass>1.000000</Mass>
      <LDMP>0.500000</LDMP>
      <ADMP>0.500000</ADMP>
      <BTG>-0.090000</BTG>
      <DMPANIML>0.000000</DMPANIML>
      <DMPANIMA>0.000000</DMPANIMA>
      <GROUP>2</GROUP>
      <MYSELF>1</MYSELF>
      <COLIIDNUM>1</COLIIDNUM>
      <COLIID>1</COLIID>
      <RESTITUTION>0.500000</RESTITUTION>
      <FRICTION>0.500000</FRICTION>
      <FORBIDROT>0</FORBIDROT>
    </RigidElem>
  </Bone>
  <Bone>
    <Name>Neck</Name>
    <BTKIN>0</BTKIN>
    <RigidElem>
      <ChildName>Neck1</ChildName>
      <ColType>1</ColType>
      <SkipFlag>1</SkipFlag>
      <ShpRate>0.600000</ShpRate>
      <LK>2</LK>
      <CUSLK>100.000000</CUSLK>
      <AK>2</AK>
      <CUSAK>70.000000</CUSAK>
      <Mass>1.000000</Mass>
      <LDMP>0.500000</LDMP>
      <ADMP>0.500000</ADMP>
      <BTG>-0.090000</BTG>
      <DMPANIML>0.000000</DMPANIML>
      <DMPANIMA>0.000000</DMPANIMA>
      <GROUP>2</GROUP>
      <MYSELF>1</MYSELF>
      <COLIIDNUM>1</COLIIDNUM>
      <COLIID>1</COLIID>
      <RESTITUTION>0.500000</RESTITUTION>
      <FRICTION>0.500000</FRICTION>
      <FORBIDROT>0</FORBIDROT>
    </RigidElem>
  </Bone>
  <Bone>
    <Name>Neck1</Name>
    <BTKIN>0</BTKIN>
    <RigidElem>
      <ChildName>Head</ChildName>
      <ColType>1</ColType>
      <SkipFlag>1</SkipFlag>
      <ShpRate>0.600000</ShpRate>
      <LK>2</LK>
      <CUSLK>100.000000</CUSLK>
      <AK>2</AK>
      <CUSAK>70.000000</CUSAK>
      <Mass>1.000000</Mass>
      <LDMP>0.500000</LDMP>
      <ADMP>0.500000</ADMP>
      <BTG>-0.090000</BTG>
      <DMPANIML>0.000000</DMPANIML>
      <DMPANIMA>0.000000</DMPANIMA>
      <GROUP>2</GROUP>
      <MYSELF>1</MYSELF>
      <COLIIDNUM>1</COLIIDNUM>
      <COLIID>1</COLIID>
      <RESTITUTION>0.500000</RESTITUTION>
      <FRICTION>0.500000</FRICTION>
      <FORBIDROT>0</FORBIDROT>
    </RigidElem>
  </Bone>
  <Bone>
    <Name>Head</Name>
    <BTKIN>0</BTKIN>
    <RigidElem>
      <ChildName>Site_11</ChildName>
      <ColType>1</ColType>
      <SkipFlag>1</SkipFlag>
      <ShpRate>0.600000</ShpRate>
      <LK>2</LK>
      <CUSLK>100.000000</CUSLK>
      <AK>2</AK>
      <CUSAK>70.000000</CUSAK>
      <Mass>1.000000</Mass>
      <LDMP>0.500000</LDMP>
      <ADMP>0.500000</ADMP>
      <BTG>-0.090000</BTG>
      <DMPANIML>0.000000</DMPANIML>
      <DMPANIMA>0.000000</DMPANIMA>
      <GROUP>2</GROUP>
      <MYSELF>1</MYSELF>
      <COLIIDNUM>1</COLIIDNUM>
      <COLIID>1</COLIID>
      <RESTITUTION>0.500000</RESTITUTION>
      <FRICTION>0.500000</FRICTION>
      <FORBIDROT>0</FORBIDROT>
    </RigidElem>
  </Bone>
  <Bone>
    <Name>Spine1_bunki2</Name>
    <BTKIN>0</BTKIN>
    <RigidElem>
      <ChildName>LeftShoulder</ChildName>
      <ColType>1</ColType>
      <SkipFlag>1</SkipFlag>
      <ShpRate>0.600000</ShpRate>
      <LK>2</LK>
      <CUSLK>100.000000</CUSLK>
      <AK>2</AK>
      <CUSAK>70.000000</CUSAK>
      <Mass>1.000000</Mass>
      <LDMP>0.500000</LDMP>
      <ADMP>0.500000</ADMP>
      <BTG>-0.090000</BTG>
      <DMPANIML>0.000000</DMPANIML>
      <DMPANIMA>0.000000</DMPANIMA>
      <GROUP>2</GROUP>
      <MYSELF>1</MYSELF>
      <COLIIDNUM>1</COLIIDNUM>
      <COLIID>1</COLIID>
      <RESTITUTION>0.500000</RESTITUTION>
      <FRICTION>0.500000</FRICTION>
      <FORBIDROT>0</FORBIDROT>
    </RigidElem>
  </Bone>
  <Bone>
    <Name>LeftShoulder</Name>
    <BTKIN>0</BTKIN>
    <RigidElem>
      <ChildName>LeftArm</ChildName>
      <ColType>1</ColType>
      <SkipFlag>1</SkipFlag>
      <ShpRate>0.600000</ShpRate>
      <LK>2</LK>
      <CUSLK>100.000000</CUSLK>
      <AK>2</AK>
      <CUSAK>70.000000</CUSAK>
      <Mass>1.000000</Mass>
      <LDMP>0.500000</LDMP>
      <ADMP>0.500000</ADMP>
      <BTG>-0.090000</BTG>
      <DMPANIML>0.000000</DMPANIML>
      <DMPANIMA>0.000000</DMPANIMA>
      <GROUP>2</GROUP>
      <MYSELF>1</MYSELF>
      <COLIIDNUM>1</COLIIDNUM>
      <COLIID>1</COLIID>
      <RESTITUTION>0.500000</RESTITUTION>
      <FRICTION>0.500000</FRICTION>
      <FORBIDROT>0</FORBIDROT>
    </RigidElem>
  </Bone>
  <Bone>
    <Name>LeftArm</Name>
    <BTKIN>0</BTKIN>
    <RigidElem>
      <ChildName>LeftForeArm</ChildName>
      <ColType>1</ColType>
      <SkipFlag>1</SkipFlag>
      <ShpRate>0.600000</ShpRate>
      <LK>2</LK>
      <CUSLK>100.000000</CUSLK>
      <AK>2</AK>
      <CUSAK>70.000000</CUSAK>
      <Mass>1.000000</Mass>
      <LDMP>0.500000</LDMP>
      <ADMP>0.500000</ADMP>
      <BTG>-0.090000</BTG>
      <DMPANIML>0.000000</DMPANIML>
      <DMPANIMA>0.000000</DMPANIMA>
      <GROUP>2</GROUP>
      <MYSELF>1</MYSELF>
      <COLIIDNUM>1</COLIIDNUM>
      <COLIID>1</COLIID>
      <RESTITUTION>0.500000</RESTITUTION>
      <FRICTION>0.500000</FRICTION>
      <FORBIDROT>0</FORBIDROT>
    </RigidElem>
  </Bone>
  <Bone>
    <Name>LeftForeArm</Name>
    <BTKIN>0</BTKIN>
    <RigidElem>
      <ChildName>LeftHand</ChildName>
      <ColType>1</ColType>
      <SkipFlag>1</SkipFlag>
      <ShpRate>0.600000</ShpRate>
      <LK>2</LK>
      <CUSLK>100.000000</CUSLK>
      <AK>2</AK>
      <CUSAK>70.000000</CUSAK>
      <Mass>1.000000</Mass>
      <LDMP>0.500000</LDMP>
      <ADMP>0.500000</ADMP>
      <BTG>-0.090000</BTG>
      <DMPANIML>0.000000</DMPANIML>
      <DMPANIMA>0.000000</DMPANIMA>
      <GROUP>2</GROUP>
      <MYSELF>1</MYSELF>
      <COLIIDNUM>1</COLIIDNUM>
      <COLIID>1</COLIID>
      <RESTITUTION>0.500000</RESTITUTION>
      <FRICTION>0.500000</FRICTION>
      <FORBIDROT>0</FORBIDROT>
    </RigidElem>
  </Bone>
  <Bone>
    <Name>LeftHand</Name>
    <BTKIN>0</BTKIN>
    <RigidElem>
      <ChildName>LeftHand_bunki1</ChildName>
      <ColType>1</ColType>
      <SkipFlag>1</SkipFlag>
      <ShpRate>0.600000</ShpRate>
      <LK>2</LK>
      <CUSLK>100.000000</CUSLK>
      <AK>2</AK>
      <CUSAK>70.000000</CUSAK>
      <Mass>1.000000</Mass>
      <LDMP>0.500000</LDMP>
      <ADMP>0.500000</ADMP>
      <BTG>-0.090000</BTG>
      <DMPANIML>0.000000</DMPANIML>
      <DMPANIMA>0.000000</DMPANIMA>
      <GROUP>2</GROUP>
      <MYSELF>1</MYSELF>
      <COLIIDNUM>1</COLIIDNUM>
      <COLIID>1</COLIID>
      <RESTITUTION>0.500000</RESTITUTION>
      <FRICTION>0.500000</FRICTION>
      <FORBIDROT>0</FORBIDROT>
    </RigidElem>
    <RigidElem>
      <ChildName>LeftHand_bunki0</ChildName>
      <ColType>1</ColType>
      <SkipFlag>1</SkipFlag>
      <ShpRate>0.600000</ShpRate>
      <LK>2</LK>
      <CUSLK>100.000000</CUSLK>
      <AK>2</AK>
      <CUSAK>70.000000</CUSAK>
      <Mass>1.000000</Mass>
      <LDMP>0.500000</LDMP>
      <ADMP>0.500000</ADMP>
      <BTG>-0.090000</BTG>
      <DMPANIML>0.000000</DMPANIML>
      <DMPANIMA>0.000000</DMPANIMA>
      <GROUP>2</GROUP>
      <MYSELF>1</MYSELF>
      <COLIIDNUM>1</COLIIDNUM>
      <COLIID>1</COLIID>
      <RESTITUTION>0.500000</RESTITUTION>
      <FRICTION>0.500000</FRICTION>
      <FORBIDROT>0</FORBIDROT>
    </RigidElem>
  </Bone>
  <Bone>
    <Name>LeftHand_bunki1</Name>
    <BTKIN>0</BTKIN>
    <RigidElem>
      <ChildName>LeftFingerBase</ChildName>
      <ColType>1</ColType>
      <SkipFlag>1</SkipFlag>
      <ShpRate>0.600000</ShpRate>
      <LK>2</LK>
      <CUSLK>100.000000</CUSLK>
      <AK>2</AK>
      <CUSAK>70.000000</CUSAK>
      <Mass>1.000000</Mass>
      <LDMP>0.500000</LDMP>
      <ADMP>0.500000</ADMP>
      <BTG>-0.090000</BTG>
      <DMPANIML>0.000000</DMPANIML>
      <DMPANIMA>0.000000</DMPANIMA>
      <GROUP>2</GROUP>
      <MYSELF>1</MYSELF>
      <COLIIDNUM>1</COLIIDNUM>
      <COLIID>1</COLIID>
      <RESTITUTION>0.500000</RESTITUTION>
      <FRICTION>0.500000</FRICTION>
      <FORBIDROT>0</FORBIDROT>
    </RigidElem>
  </Bone>
  <Bone>
    <Name>LeftFingerBase</Name>
    <BTKIN>0</BTKIN>
    <RigidElem>
      <ChildName>LeftHandIndex1</ChildName>
      <ColType>1</ColType>
      <SkipFlag>1</SkipFlag>
      <ShpRate>0.600000</ShpRate>
      <LK>2</LK>
      <CUSLK>100.000000</CUSLK>
      <AK>2</AK>
      <CUSAK>70.000000</CUSAK>
      <Mass>1.000000</Mass>
      <LDMP>0.500000</LDMP>
      <ADMP>0.500000</ADMP>
      <BTG>-0.090000</BTG>
      <DMPANIML>0.000000</DMPANIML>
      <DMPANIMA>0.000000</DMPANIMA>
      <GROUP>2</GROUP>
      <MYSELF>1</MYSELF>
      <COLIIDNUM>1</COLIIDNUM>
      <COLIID>1</COLIID>
      <RESTITUTION>0.500000</RESTITUTION>
      <FRICTION>0.500000</FRICTION>
      <FORBIDROT>0</FORBIDROT>
    </RigidElem>
  </Bone>
  <Bone>
    <Name>LeftHandIndex1</Name>
    <BTKIN>0</BTKIN>
    <RigidElem>
      <ChildName>Site_10</ChildName>
      <ColType>1</ColType>
      <SkipFlag>1</SkipFlag>
      <ShpRate>0.600000</ShpRate>
      <LK>2</LK>
      <CUSLK>100.000000</CUSLK>
      <AK>2</AK>
      <CUSAK>70.000000</CUSAK>
      <Mass>1.000000</Mass>
      <LDMP>0.500000</LDMP>
      <ADMP>0.500000</ADMP>
      <BTG>-0.090000</BTG>
      <DMPANIML>0.000000</DMPANIML>
      <DMPANIMA>0.000000</DMPANIMA>
      <GROUP>2</GROUP>
      <MYSELF>1</MYSELF>
      <COLIIDNUM>1</COLIIDNUM>
      <COLIID>1</COLIID>
      <RESTITUTION>0.500000</RESTITUTION>
      <FRICTION>0.500000</FRICTION>
      <FORBIDROT>0</FORBIDROT>
    </RigidElem>
  </Bone>
  <Bone>
    <Name>LeftHand_bunki0</Name>
    <BTKIN>0</BTKIN>
    <RigidElem>
      <ChildName>LThumb</ChildName>
      <ColType>1</ColType>
      <SkipFlag>1</SkipFlag>
      <ShpRate>0.600000</ShpRate>
      <LK>2</LK>
      <CUSLK>100.000000</CUSLK>
      <AK>2</AK>
      <CUSAK>70.000000</CUSAK>
      <Mass>1.000000</Mass>
      <LDMP>0.500000</LDMP>
      <ADMP>0.500000</ADMP>
      <BTG>-0.090000</BTG>
      <DMPANIML>0.000000</DMPANIML>
      <DMPANIMA>0.000000</DMPANIMA>
      <GROUP>2</GROUP>
      <MYSELF>1</MYSELF>
      <COLIIDNUM>1</COLIIDNUM>
      <COLIID>1</COLIID>
      <RESTITUTION>0.500000</RESTITUTION>
      <FRICTION>0.500000</FRICTION>
      <FORBIDROT>0</FORBIDROT>
    </RigidElem>
  </Bone>
  <Bone>
    <Name>LThumb</Name>
    <BTKIN>0</BTKIN>
    <RigidElem>
      <ChildName>Site_9</ChildName>
      <ColType>1</ColType>
      <SkipFlag>1</SkipFlag>
      <ShpRate>0.600000</ShpRate>
      <LK>2</LK>
      <CUSLK>100.000000</CUSLK>
      <AK>2</AK>
      <CUSAK>70.000000</CUSAK>
      <Mass>1.000000</Mass>
      <LDMP>0.500000</LDMP>
      <ADMP>0.500000</ADMP>
      <BTG>-0.090000</BTG>
      <DMPANIML>0.000000</DMPANIML>
      <DMPANIMA>0.000000</DMPANIMA>
      <GROUP>2</GROUP>
      <MYSELF>1</MYSELF>
      <COLIIDNUM>1</COLIIDNUM>
      <COLIID>1</COLIID>
      <RESTITUTION>0.500000</RESTITUTION>
      <FRICTION>0.500000</FRICTION>
      <FORBIDROT>0</FORBIDROT>
    </RigidElem>
  </Bone>
  <Bone>
    <Name>Spine1_bunki0</Name>
    <BTKIN>0</BTKIN>
    <RigidElem>
      <ChildName>RightShoulder</ChildName>
      <ColType>1</ColType>
      <SkipFlag>1</SkipFlag>
      <ShpRate>0.600000</ShpRate>
      <LK>2</LK>
      <CUSLK>100.000000</CUSLK>
      <AK>2</AK>
      <CUSAK>70.000000</CUSAK>
      <Mass>1.000000</Mass>
      <LDMP>0.500000</LDMP>
      <ADMP>0.500000</ADMP>
      <BTG>-0.090000</BTG>
      <DMPANIML>0.000000</DMPANIML>
      <DMPANIMA>0.000000</DMPANIMA>
      <GROUP>2</GROUP>
      <MYSELF>1</MYSELF>
      <COLIIDNUM>1</COLIIDNUM>
      <COLIID>1</COLIID>
      <RESTITUTION>0.500000</RESTITUTION>
      <FRICTION>0.500000</FRICTION>
      <FORBIDROT>0</FORBIDROT>
    </RigidElem>
  </Bone>
  <Bone>
    <Name>RightShoulder</Name>
    <BTKIN>0</BTKIN>
    <RigidElem>
      <ChildName>RightArm</ChildName>
      <ColType>1</ColType>
      <SkipFlag>1</SkipFlag>
      <ShpRate>0.600000</ShpRate>
      <LK>2</LK>
      <CUSLK>100.000000</CUSLK>
      <AK>2</AK>
      <CUSAK>70.000000</CUSAK>
      <Mass>1.000000</Mass>
      <LDMP>0.500000</LDMP>
      <ADMP>0.500000</ADMP>
      <BTG>-0.090000</BTG>
      <DMPANIML>0.000000</DMPANIML>
      <DMPANIMA>0.000000</DMPANIMA>
      <GROUP>2</GROUP>
      <MYSELF>1</MYSELF>
      <COLIIDNUM>1</COLIIDNUM>
      <COLIID>1</COLIID>
      <RESTITUTION>0.500000</RESTITUTION>
      <FRICTION>0.500000</FRICTION>
      <FORBIDROT>0</FORBIDROT>
    </RigidElem>
  </Bone>
  <Bone>
    <Name>RightArm</Name>
    <BTKIN>0</BTKIN>
    <RigidElem>
      <ChildName>RightForeArm</ChildName>
      <ColType>1</ColType>
      <SkipFlag>1</SkipFlag>
      <ShpRate>0.600000</ShpRate>
      <LK>2</LK>
      <CUSLK>100.000000</CUSLK>
      <AK>2</AK>
      <CUSAK>70.000000</CUSAK>
      <Mass>1.000000</Mass>
      <LDMP>0.500000</LDMP>
      <ADMP>0.500000</ADMP>
      <BTG>-0.090000</BTG>
      <DMPANIML>0.000000</DMPANIML>
      <DMPANIMA>0.000000</DMPANIMA>
      <GROUP>2</GROUP>
      <MYSELF>1</MYSELF>
      <COLIIDNUM>1</COLIIDNUM>
      <COLIID>1</COLIID>
      <RESTITUTION>0.500000</RESTITUTION>
      <FRICTION>0.500000</FRICTION>
      <FORBIDROT>0</FORBIDROT>
    </RigidElem>
  </Bone>
  <Bone>
    <Name>RightForeArm</Name>
    <BTKIN>0</BTKIN>
    <RigidElem>
      <ChildName>RightHand</ChildName>
      <ColType>1</ColType>
      <SkipFlag>1</SkipFlag>
      <ShpRate>0.600000</ShpRate>
      <LK>2</LK>
      <CUSLK>100.000000</CUSLK>
      <AK>2</AK>
      <CUSAK>70.000000</CUSAK>
      <Mass>1.000000</Mass>
      <LDMP>0.500000</LDMP>
      <ADMP>0.500000</ADMP>
      <BTG>-0.090000</BTG>
      <DMPANIML>0.000000</DMPANIML>
      <DMPANIMA>0.000000</DMPANIMA>
      <GROUP>2</GROUP>
      <MYSELF>1</MYSELF>
      <COLIIDNUM>1</COLIIDNUM>
      <COLIID>1</COLIID>
      <RESTITUTION>0.500000</RESTITUTION>
      <FRICTION>0.500000</FRICTION>
      <FORBIDROT>0</FORBIDROT>
    </RigidElem>
  </Bone>
  <Bone>
    <Name>RightHand</Name>
    <BTKIN>0</BTKIN>
    <RigidElem>
      <ChildName>RightHand_bunki1</ChildName>
      <ColType>1</ColType>
      <SkipFlag>1</SkipFlag>
      <ShpRate>0.600000</ShpRate>
      <LK>2</LK>
      <CUSLK>100.000000</CUSLK>
      <AK>2</AK>
      <CUSAK>70.000000</CUSAK>
      <Mass>1.000000</Mass>
      <LDMP>0.500000</LDMP>
      <ADMP>0.500000</ADMP>
      <BTG>-0.090000</BTG>
      <DMPANIML>0.000000</DMPANIML>
      <DMPANIMA>0.000000</DMPANIMA>
      <GROUP>2</GROUP>
      <MYSELF>1</MYSELF>
      <COLIIDNUM>1</COLIIDNUM>
      <COLIID>1</COLIID>
      <RESTITUTION>0.500000</RESTITUTION>
      <FRICTION>0.500000</FRICTION>
      <FORBIDROT>0</FORBIDROT>
    </RigidElem>
    <RigidElem>
      <ChildName>RightHand_bunki0</ChildName>
      <ColType>1</ColType>
      <SkipFlag>1</SkipFlag>
      <ShpRate>0.600000</ShpRate>
      <LK>2</LK>
      <CUSLK>100.000000</CUSLK>
      <AK>2</AK>
      <CUSAK>70.000000</CUSAK>
      <Mass>1.000000</Mass>
      <LDMP>0.500000</LDMP>
      <ADMP>0.500000</ADMP>
      <BTG>-0.090000</BTG>
      <DMPANIML>0.000000</DMPANIML>
      <DMPANIMA>0.000000</DMPANIMA>
      <GROUP>2</GROUP>
      <MYSELF>1</MYSELF>
      <COLIIDNUM>1</COLIIDNUM>
      <COLIID>1</COLIID>
      <RESTITUTION>0.500000</RESTITUTION>
      <FRICTION>0.500000</FRICTION>
      <FORBIDROT>0</FORBIDROT>
    </RigidElem>
  </Bone>
  <Bone>
    <Name>RightHand_bunki1</Name>
    <BTKIN>0</BTKIN>
    <RigidElem>
      <ChildName>RightFingerBase</ChildName>
      <ColType>1</ColType>
      <SkipFlag>1</SkipFlag>
      <ShpRate>0.600000</ShpRate>
      <LK>2</LK>
      <CUSLK>100.000000</CUSLK>
      <AK>2</AK>
      <CUSAK>70.000000</CUSAK>
      <Mass>1.000000</Mass>
      <LDMP>0.500000</LDMP>
      <ADMP>0.500000</ADMP>
      <BTG>-0.090000</BTG>
      <DMPANIML>0.000000</DMPANIML>
      <DMPANIMA>0.000000</DMPANIMA>
      <GROUP>2</GROUP>
      <MYSELF>1</MYSELF>
      <COLIIDNUM>1</COLIIDNUM>
      <COLIID>1</COLIID>
      <RESTITUTION>0.500000</RESTITUTION>
      <FRICTION>0.500000</FRICTION>
      <FORBIDROT>0</FORBIDROT>
    </RigidElem>
  </Bone>
  <Bone>
    <Name>RightFingerBase</Name>
    <BTKIN>0</BTKIN>
    <RigidElem>
      <ChildName>RightHandIndex1</ChildName>
      <ColType>1</ColType>
      <SkipFlag>1</SkipFlag>
      <ShpRate>0.600000</ShpRate>
      <LK>2</LK>
      <CUSLK>100.000000</CUSLK>
      <AK>2</AK>
      <CUSAK>70.000000</CUSAK>
      <Mass>1.000000</Mass>
      <LDMP>0.500000</LDMP>
      <ADMP>0.500000</ADMP>
      <BTG>-0.090000</BTG>
      <DMPANIML>0.000000</DMPANIML>
      <DMPANIMA>0.000000</DMPANIMA>
      <GROUP>2</GROUP>
      <MYSELF>1</MYSELF>
      <COLIIDNUM>1</COLIIDNUM>
      <COLIID>1</COLIID>
      <RESTITUTION>0.500000</RESTITUTION>
      <FRICTION>0.500000</FRICTION>
      <FORBIDROT>0</FORBIDROT>
    </RigidElem>
  </Bone>
  <Bone>
    <Name>RightHandIndex1</Name>
    <BTKIN>0</BTKIN>
    <RigidElem>
      <ChildName>Site_8</ChildName>
      <ColType>1</ColType>
      <SkipFlag>1</SkipFlag>
      <ShpRate>0.600000</ShpRate>
      <LK>2</LK>
      <CUSLK>100.000000</CUSLK>
      <AK>2</AK>
      <CUSAK>70.000000</CUSAK>
      <Mass>1.000000</Mass>
      <LDMP>0.500000</LDMP>
      <ADMP>0.500000</ADMP>
      <BTG>-0.090000</BTG>
      <DMPANIML>0.000000</DMPANIML>
      <DMPANIMA>0.000000</DMPANIMA>
      <GROUP>2</GROUP>
      <MYSELF>1</MYSELF>
      <COLIIDNUM>1</COLIIDNUM>
      <COLIID>1</COLIID>
      <RESTITUTION>0.500000</RESTITUTION>
      <FRICTION>0.500000</FRICTION>
      <FORBIDROT>0</FORBIDROT>
    </RigidElem>
  </Bone>
  <Bone>
    <Name>RightHand_bunki0</Name>
    <BTKIN>0</BTKIN>
    <RigidElem>
      <ChildName>RThumb</ChildName>
      <ColType>1</ColType>
      <SkipFlag>1</SkipFlag>
      <ShpRate>0.600000</ShpRate>
      <LK>2</LK>
      <CUSLK>100.000000</CUSLK>
      <AK>2</AK>
      <CUSAK>70.000000</CUSAK>
      <Mass>1.000000</Mass>
      <LDMP>0.500000</LDMP>
      <ADMP>0.500000</ADMP>
      <BTG>-0.090000</BTG>
      <DMPANIML>0.000000</DMPANIML>
      <DMPANIMA>0.000000</DMPANIMA>
      <GROUP>2</GROUP>
      <MYSELF>1</MYSELF>
      <COLIIDNUM>1</COLIIDNUM>
      <COLIID>1</COLIID>
      <RESTITUTION>0.500000</RESTITUTION>
      <FRICTION>0.500000</FRICTION>
      <FORBIDROT>0</FORBIDROT>
    </RigidElem>
  </Bone>
  <Bone>
    <Name>RThumb</Name>
    <BTKIN>0</BTKIN>
    <RigidElem>
      <ChildName>Site_7</ChildName>
      <ColType>1</ColType>
      <SkipFlag>1</SkipFlag>
      <ShpRate>0.600000</ShpRate>
      <LK>2</LK>
      <CUSLK>100.000000</CUSLK>
      <AK>2</AK>
      <CUSAK>70.000000</CUSAK>
      <Mass>1.000000</Mass>
      <LDMP>0.500000</LDMP>
      <ADMP>0.500000</ADMP>
      <BTG>-0.090000</BTG>
      <DMPANIML>0.000000</DMPANIML>
      <DMPANIMA>0.000000</DMPANIMA>
      <GROUP>2</GROUP>
      <MYSELF>1</MYSELF>
      <COLIIDNUM>1</COLIIDNUM>
      <COLIID>1</COLIID>
      <RESTITUTION>0.500000</RESTITUTION>
      <FRICTION>0.500000</FRICTION>
      <FORBIDROT>0</FORBIDROT>
    </RigidElem>
  </Bone>
</RIGIDELEM>
